---
        <mapping local="source/05_QQA_N/" repository="source/05_QQA_N/"/>
/home/souto/Repos/pisa_2025ft_translation_en-PH_adaptation/tm/enforce/trend/PISA_en-PH_SCQ_MS2022.tmx.zip
---
        <mapping local="source/05_QQA_N/" repository="source/05_QQA_N/"/>
/home/souto/Repos/pisa_2025ft_translation_en-PH_adaptation/tm/enforce/trend/PISA_en-PH_SCQ_MS2022.tmx.zip
---
        <mapping local="source/05_QQA_N/" repository="source/05_QQA_N/"/>
/home/souto/Repos/pisa_2025ft_translation_en-PH_adaptation/tm/enforce/trend/PISA_en-PH_SCQ_MS2022.tmx.zip
---
        <mapping local="source/05_QQA_N/" repository="source/05_QQA_N/"/>
/home/souto/Repos/pisa_2025ft_translation_en-PH_adaptation/tm/enforce/trend/PISA_en-PH_SCQ_MS2022.tmx.zip
---
        <mapping local="source/05_QQA_N/" repository="source/05_QQA_N/"/>
/home/souto/Repos/pisa_2025ft_translation_en-PH_adaptation/tm/enforce/trend/PISA_en-PH_SCQ_MS2022.tmx.zip
---
        <mapping local="source/05_QQA_N/" repository="source/05_QQA_N/"/>
/home/souto/Repos/pisa_2025ft_translation_en-PH_adaptation/tm/enforce/trend/PISA_en-PH_SCQ_MS2022.tmx.zip
---
        <mapping local="source/05_QQA_N/" repository="source/05_QQA_N/"/>
/home/souto/Repos/pisa_2025ft_translation_en-PH_adaptation/tm/enforce/trend/PISA_en-PH_SCQ_MS2022.tmx.zip
---
        <mapping local="source/01_COS_SCI-A_N/" repository="source/01_COS_SCI-A_N/"/>
/home/souto/Repos/pisa_2025ft_translation_en-PH_adaptation/tm/auto/ref/PISA_en-PH_SCI_FT2025.tmx.zip
---
        <mapping local="source/06_COS_LDW_N/" repository="source/06_COS_LDW_N/"/>
---
        <mapping local="source/01_COS_SCI-A_N/" repository="source/01_COS_SCI-A_N/"/>
/home/souto/Repos/pisa_2025ft_translation_en-PH_adaptation/tm/auto/ref/PISA_en-PH_SCI_FT2025.tmx.zip
---
        <mapping local="source/07_COS_XYZ_N/" repository="source/07_COS_XYZ_N/"/>
/home/souto/Repos/pisa_2025ft_translation_en-PH_adaptation/tm/auto/trend/PISA_en-PH_XYZ_MS2022.tmx.zip
---
        <mapping local="source/01_COS_SCI-A_N/" repository="source/01_COS_SCI-A_N/"/>
/home/souto/Repos/pisa_2025ft_translation_en-PH_adaptation/tm/auto/ref/PISA_en-PH_SCI_FT2025.tmx.zip
---
        <mapping local="source/08_CGA_SCI_N/" repository="source/08_CGA_SCI_N/"/>
/home/souto/Repos/pisa_2025ft_translation_en-PH_adaptation/tm/auto/ref/PISA_en-PH_SCI_FT2025.tmx.zip
---
        <mapping local="source/01_COS_SCI-A_N/" repository="source/01_COS_SCI-A_N/"/>
/home/souto/Repos/pisa_2025ft_translation_en-PH_adaptation/tm/auto/ref/PISA_en-PH_SCI_FT2025.tmx.zip
---
        <mapping local="source/11_COS_MAT-A_T/" repository="source/11_COS_MAT-A_T/"/>
/home/souto/Repos/pisa_2025ft_translation_en-PH_adaptation/tm/auto/trend/PISA_en-PH_MAT_MS2022.tmx.zip
/home/souto/Repos/pisa_2025ft_translation_en-PH_adaptation/tm/auto/trend/PISA_en-PH_CGA-MATNew_MS2022.tmx.zip
---
        <mapping local="source/01_COS_SCI-A_N/" repository="source/01_COS_SCI-A_N/"/>
/home/souto/Repos/pisa_2025ft_translation_en-PH_adaptation/tm/auto/ref/PISA_en-PH_SCI_FT2025.tmx.zip
---
        <mapping local="source/12_COS_MAT-B_T/" repository="source/12_COS_MAT-B_T/"/>
/home/souto/Repos/pisa_2025ft_translation_en-PH_adaptation/tm/auto/trend/PISA_en-PH_MAT_MS2022.tmx.zip
/home/souto/Repos/pisa_2025ft_translation_en-PH_adaptation/tm/auto/trend/PISA_en-PH_CGA-MATNew_MS2022.tmx.zip
---
        <mapping local="source/01_COS_SCI-A_N/" repository="source/01_COS_SCI-A_N/"/>
/home/souto/Repos/pisa_2025ft_translation_en-PH_adaptation/tm/auto/ref/PISA_en-PH_SCI_FT2025.tmx.zip
---
        <mapping local="source/13_COS_REA-A_T/" repository="source/13_COS_REA-A_T/"/>
/home/souto/Repos/pisa_2025ft_translation_en-PH_adaptation/tm/auto/trend/PISA_en-PH_REA_MS2022.tmx.zip
---
        <mapping local="source/01_COS_SCI-A_N/" repository="source/01_COS_SCI-A_N/"/>
/home/souto/Repos/pisa_2025ft_translation_en-PH_adaptation/tm/auto/ref/PISA_en-PH_SCI_FT2025.tmx.zip
---
        <mapping local="source/14_COS_REA-B_T/" repository="source/14_COS_REA-B_T/"/>
/home/souto/Repos/pisa_2025ft_translation_en-PH_adaptation/tm/auto/trend/PISA_en-PH_REA_MS2022.tmx.zip
---
        <mapping local="source/01_COS_SCI-A_N/" repository="source/01_COS_SCI-A_N/"/>
/home/souto/Repos/pisa_2025ft_translation_en-PH_adaptation/tm/auto/ref/PISA_en-PH_SCI_FT2025.tmx.zip
---
        <mapping local="source/15_COS_SCI-A_T/" repository="source/15_COS_SCI-A_T/"/>
/home/souto/Repos/pisa_2025ft_translation_en-PH_adaptation/tm/auto/ref/PISA_en-PH_SCI_FT2025.tmx.zip
---
        <mapping local="source/01_COS_SCI-A_N/" repository="source/01_COS_SCI-A_N/"/>
/home/souto/Repos/pisa_2025ft_translation_en-PH_adaptation/tm/auto/ref/PISA_en-PH_SCI_FT2025.tmx.zip
---
        <mapping local="source/16_COS_SCI-B_T/" repository="source/16_COS_SCI-B_T/"/>
/home/souto/Repos/pisa_2025ft_translation_en-PH_adaptation/tm/auto/ref/PISA_en-PH_SCI_FT2025.tmx.zip
---
        <mapping local="source/01_COS_SCI-A_N/" repository="source/01_COS_SCI-A_N/"/>
/home/souto/Repos/pisa_2025ft_translation_en-PH_adaptation/tm/auto/ref/PISA_en-PH_SCI_FT2025.tmx.zip
---
        <mapping local="source/17_CGA_SCI_T/" repository="source/17_CGA_SCI_T/"/>
/home/souto/Repos/pisa_2025ft_translation_en-PH_adaptation/tm/auto/ref/PISA_en-PH_SCI_FT2025.tmx.zip
---
        <mapping local="source/01_COS_SCI-A_N/" repository="source/01_COS_SCI-A_N/"/>
/home/souto/Repos/pisa_2025ft_translation_en-PH_adaptation/tm/auto/ref/PISA_en-PH_SCI_FT2025.tmx.zip
---
        <mapping local="source/18_CGA_MAT_T/" repository="source/18_CGA_MAT_T/"/>
/home/souto/Repos/pisa_2025ft_translation_en-PH_adaptation/tm/auto/trend/PISA_en-PH_MAT_MS2022.tmx.zip
/home/souto/Repos/pisa_2025ft_translation_en-PH_adaptation/tm/auto/trend/PISA_en-PH_CGA-MATNew_MS2022.tmx.zip
---
        <mapping local="source/01_COS_SCI-A_N/" repository="source/01_COS_SCI-A_N/"/>
/home/souto/Repos/pisa_2025ft_translation_en-PH_adaptation/tm/auto/ref/PISA_en-PH_SCI_FT2025.tmx.zip
---
        <mapping local="source/19_CGA_REA_T/" repository="source/19_CGA_REA_T/"/>
/home/souto/Repos/pisa_2025ft_translation_en-PH_adaptation/tm/auto/trend/PISA_en-PH_REA_MS2022.tmx.zip
---
        <mapping local="source/01_COS_SCI-A_N/" repository="source/01_COS_SCI-A_N/"/>
/home/souto/Repos/pisa_2025ft_translation_en-PH_adaptation/tm/auto/ref/PISA_en-PH_SCI_FT2025.tmx.zip
---
        <mapping local="source/21_COSP_REA-A_T/" repository="source/21_COSP_REA-A_T/"/>
/home/souto/Repos/pisa_2025ft_translation_en-PH_adaptation/tm/auto/trend/PISA_en-PH_REA_MS2022.tmx.zip
---
        <mapping local="source/01_COS_SCI-A_N/" repository="source/01_COS_SCI-A_N/"/>
/home/souto/Repos/pisa_2025ft_translation_en-PH_adaptation/tm/auto/ref/PISA_en-PH_SCI_FT2025.tmx.zip
---
        <mapping local="source/22_COSP_REA-B_T/" repository="source/22_COSP_REA-B_T/"/>
/home/souto/Repos/pisa_2025ft_translation_en-PH_adaptation/tm/auto/trend/PISA_en-PH_REA_MS2022.tmx.zip
---
        <mapping local="source/01_COS_SCI-A_N/" repository="source/01_COS_SCI-A_N/"/>
/home/souto/Repos/pisa_2025ft_translation_en-PH_adaptation/tm/auto/ref/PISA_en-PH_SCI_FT2025.tmx.zip
---
        <mapping local="source/23_COSP_MAT-A_T/" repository="source/23_COSP_MAT-A_T/"/>
/home/souto/Repos/pisa_2025ft_translation_en-PH_adaptation/tm/auto/trend/PISA_en-PH_MAT_MS2022.tmx.zip
/home/souto/Repos/pisa_2025ft_translation_en-PH_adaptation/tm/auto/trend/PISA_en-PH_CGA-MATNew_MS2022.tmx.zip
---
        <mapping local="source/01_COS_SCI-A_N/" repository="source/01_COS_SCI-A_N/"/>
/home/souto/Repos/pisa_2025ft_translation_en-PH_adaptation/tm/auto/ref/PISA_en-PH_SCI_FT2025.tmx.zip
---
        <mapping local="source/24_COSP_MAT-B_T/" repository="source/24_COSP_MAT-B_T/"/>
/home/souto/Repos/pisa_2025ft_translation_en-PH_adaptation/tm/auto/trend/PISA_en-PH_MAT_MS2022.tmx.zip
/home/souto/Repos/pisa_2025ft_translation_en-PH_adaptation/tm/auto/trend/PISA_en-PH_CGA-MATNew_MS2022.tmx.zip
---
        <mapping local="source/01_COS_SCI-A_N/" repository="source/01_COS_SCI-A_N/"/>
/home/souto/Repos/pisa_2025ft_translation_en-PH_adaptation/tm/auto/ref/PISA_en-PH_SCI_FT2025.tmx.zip
---
        <mapping local="source/25_COSP_SCI-A_N/" repository="source/25_COSP_SCI-A_N/"/>
/home/souto/Repos/pisa_2025ft_translation_en-PH_adaptation/tm/auto/ref/PISA_en-PH_SCI_FT2025.tmx.zip
---
        <mapping local="source/01_COS_SCI-A_N/" repository="source/01_COS_SCI-A_N/"/>
/home/souto/Repos/pisa_2025ft_translation_en-PH_adaptation/tm/auto/ref/PISA_en-PH_SCI_FT2025.tmx.zip
---
        <mapping local="source/26_COSP_SCI-A_T/" repository="source/26_COSP_SCI-A_T/"/>
/home/souto/Repos/pisa_2025ft_translation_en-PH_adaptation/tm/auto/ref/PISA_en-PH_SCI_FT2025.tmx.zip
---
        <mapping local="source/01_COS_SCI-A_N/" repository="source/01_COS_SCI-A_N/"/>
/home/souto/Repos/pisa_2025ft_translation_en-PH_adaptation/tm/auto/ref/PISA_en-PH_SCI_FT2025.tmx.zip
---
        <mapping local="source/27_QQSP_N/" repository="source/27_QQSP_N/"/>
---
        <mapping local="source/01_COS_SCI-A_N/" repository="source/01_COS_SCI-A_N/"/>
/home/souto/Repos/pisa_2025ft_translation_en-PH_adaptation/tm/auto/ref/PISA_en-PH_SCI_FT2025.tmx.zip
---
        <mapping local="source/28_QQAP_N/" repository="source/28_QQAP_N/"/>
---
        <mapping local="source/01_COS_SCI-A_N/" repository="source/01_COS_SCI-A_N/"/>
/home/souto/Repos/pisa_2025ft_translation_en-PH_adaptation/tm/auto/ref/PISA_en-PH_SCI_FT2025.tmx.zip
---
        <mapping local="source/29_COSP_XYZ_N/" repository="source/29_COSP_XYZ_N/"/>
/home/souto/Repos/pisa_2025ft_translation_en-PH_adaptation/tm/auto/trend/PISA_en-PH_XYZ_MS2022.tmx.zip
---
        <mapping local="source/01_COS_SCI-A_N/" repository="source/01_COS_SCI-A_N/"/>
/home/souto/Repos/pisa_2025ft_translation_en-PH_adaptation/tm/auto/ref/PISA_en-PH_SCI_FT2025.tmx.zip
---
        <mapping local="source/30_CGAP_MAT_T/" repository="source/30_CGAP_MAT_T/"/>
/home/souto/Repos/pisa_2025ft_translation_en-PH_adaptation/tm/auto/trend/PISA_en-PH_MAT_MS2022.tmx.zip
/home/souto/Repos/pisa_2025ft_translation_en-PH_adaptation/tm/auto/trend/PISA_en-PH_CGA-MATNew_MS2022.tmx.zip
---
        <mapping local="source/01_COS_SCI-A_N/" repository="source/01_COS_SCI-A_N/"/>
/home/souto/Repos/pisa_2025ft_translation_en-PH_adaptation/tm/auto/ref/PISA_en-PH_SCI_FT2025.tmx.zip
---
        <mapping local="source/31_CGAP_REA_T/" repository="source/31_CGAP_REA_T/"/>
/home/souto/Repos/pisa_2025ft_translation_en-PH_adaptation/tm/auto/trend/PISA_en-PH_REA_MS2022.tmx.zip
---
        <mapping local="source/01_COS_SCI-A_N/" repository="source/01_COS_SCI-A_N/"/>
/home/souto/Repos/pisa_2025ft_translation_en-PH_adaptation/tm/auto/ref/PISA_en-PH_SCI_FT2025.tmx.zip
---
        <mapping local="source/32_CGAP_SCI_T/" repository="source/32_CGAP_SCI_T/"/>
/home/souto/Repos/pisa_2025ft_translation_en-PH_adaptation/tm/auto/ref/PISA_en-PH_SCI_FT2025.tmx.zip
---
        <mapping local="source/01_COS_SCI-A_N/" repository="source/01_COS_SCI-A_N/"/>
/home/souto/Repos/pisa_2025ft_translation_en-PH_adaptation/tm/auto/ref/PISA_en-PH_SCI_FT2025.tmx.zip
---
        <mapping local="source/33_CGAP_SCI_N/" repository="source/33_CGAP_SCI_N/"/>
/home/souto/Repos/pisa_2025ft_translation_en-PH_adaptation/tm/auto/ref/PISA_en-PH_SCI_FT2025.tmx.zip
---
        <mapping local="source/01_COS_SCI-A_N/" repository="source/01_COS_SCI-A_N/"/>
/home/souto/Repos/pisa_2025ft_translation_en-PH_adaptation/tm/auto/ref/PISA_en-PH_SCI_FT2025.tmx.zip
---
        <mapping local="source/02_COS_SCI-B_N/" repository="source/02_COS_SCI-B_N/"/>
/home/souto/Repos/pisa_2025ft_translation_en-PH_adaptation/tm/auto/ref/PISA_en-PH_SCI_FT2025.tmx.zip
======
---
        <mapping local="source/03_COS_SCI-C_N/" repository="source/03_COS_SCI-C_N/"/>
/home/souto/Repos/pisa_2025ft_translation_en-PH_adaptation/tm/auto/ref/PISA_en-PH_SCI_FT2025.tmx.zip
---
        <mapping local="source/02_COS_SCI-B_N/" repository="source/02_COS_SCI-B_N/"/>
/home/souto/Repos/pisa_2025ft_translation_en-PH_adaptation/tm/auto/ref/PISA_en-PH_SCI_FT2025.tmx.zip
---
        <mapping local="source/04_QQS_N/" repository="source/04_QQS_N/"/>
/home/souto/Repos/pisa_2025ft_translation_en-PH_adaptation/tm/enforce/trend/PISA_en-PH_STQ_MS2022.tmx.zip
---
        <mapping local="source/02_COS_SCI-B_N/" repository="source/02_COS_SCI-B_N/"/>
/home/souto/Repos/pisa_2025ft_translation_en-PH_adaptation/tm/auto/ref/PISA_en-PH_SCI_FT2025.tmx.zip
---
        <mapping local="source/05_QQA_N/" repository="source/05_QQA_N/"/>
/home/souto/Repos/pisa_2025ft_translation_en-PH_adaptation/tm/enforce/trend/PISA_en-PH_SCQ_MS2022.tmx.zip
---
        <mapping local="source/02_COS_SCI-B_N/" repository="source/02_COS_SCI-B_N/"/>
/home/souto/Repos/pisa_2025ft_translation_en-PH_adaptation/tm/auto/ref/PISA_en-PH_SCI_FT2025.tmx.zip
---
        <mapping local="source/06_COS_LDW_N/" repository="source/06_COS_LDW_N/"/>
---
        <mapping local="source/02_COS_SCI-B_N/" repository="source/02_COS_SCI-B_N/"/>
/home/souto/Repos/pisa_2025ft_translation_en-PH_adaptation/tm/auto/ref/PISA_en-PH_SCI_FT2025.tmx.zip
---
        <mapping local="source/07_COS_XYZ_N/" repository="source/07_COS_XYZ_N/"/>
/home/souto/Repos/pisa_2025ft_translation_en-PH_adaptation/tm/auto/trend/PISA_en-PH_XYZ_MS2022.tmx.zip
---
        <mapping local="source/02_COS_SCI-B_N/" repository="source/02_COS_SCI-B_N/"/>
/home/souto/Repos/pisa_2025ft_translation_en-PH_adaptation/tm/auto/ref/PISA_en-PH_SCI_FT2025.tmx.zip
---
        <mapping local="source/08_CGA_SCI_N/" repository="source/08_CGA_SCI_N/"/>
/home/souto/Repos/pisa_2025ft_translation_en-PH_adaptation/tm/auto/ref/PISA_en-PH_SCI_FT2025.tmx.zip
---
        <mapping local="source/02_COS_SCI-B_N/" repository="source/02_COS_SCI-B_N/"/>
/home/souto/Repos/pisa_2025ft_translation_en-PH_adaptation/tm/auto/ref/PISA_en-PH_SCI_FT2025.tmx.zip
---
        <mapping local="source/11_COS_MAT-A_T/" repository="source/11_COS_MAT-A_T/"/>
/home/souto/Repos/pisa_2025ft_translation_en-PH_adaptation/tm/auto/trend/PISA_en-PH_MAT_MS2022.tmx.zip
/home/souto/Repos/pisa_2025ft_translation_en-PH_adaptation/tm/auto/trend/PISA_en-PH_CGA-MATNew_MS2022.tmx.zip
---
        <mapping local="source/02_COS_SCI-B_N/" repository="source/02_COS_SCI-B_N/"/>
/home/souto/Repos/pisa_2025ft_translation_en-PH_adaptation/tm/auto/ref/PISA_en-PH_SCI_FT2025.tmx.zip
---
        <mapping local="source/12_COS_MAT-B_T/" repository="source/12_COS_MAT-B_T/"/>
/home/souto/Repos/pisa_2025ft_translation_en-PH_adaptation/tm/auto/trend/PISA_en-PH_MAT_MS2022.tmx.zip
/home/souto/Repos/pisa_2025ft_translation_en-PH_adaptation/tm/auto/trend/PISA_en-PH_CGA-MATNew_MS2022.tmx.zip
---
        <mapping local="source/02_COS_SCI-B_N/" repository="source/02_COS_SCI-B_N/"/>
/home/souto/Repos/pisa_2025ft_translation_en-PH_adaptation/tm/auto/ref/PISA_en-PH_SCI_FT2025.tmx.zip
---
        <mapping local="source/13_COS_REA-A_T/" repository="source/13_COS_REA-A_T/"/>
/home/souto/Repos/pisa_2025ft_translation_en-PH_adaptation/tm/auto/trend/PISA_en-PH_REA_MS2022.tmx.zip
---
        <mapping local="source/02_COS_SCI-B_N/" repository="source/02_COS_SCI-B_N/"/>
/home/souto/Repos/pisa_2025ft_translation_en-PH_adaptation/tm/auto/ref/PISA_en-PH_SCI_FT2025.tmx.zip
---
        <mapping local="source/14_COS_REA-B_T/" repository="source/14_COS_REA-B_T/"/>
/home/souto/Repos/pisa_2025ft_translation_en-PH_adaptation/tm/auto/trend/PISA_en-PH_REA_MS2022.tmx.zip
---
        <mapping local="source/02_COS_SCI-B_N/" repository="source/02_COS_SCI-B_N/"/>
/home/souto/Repos/pisa_2025ft_translation_en-PH_adaptation/tm/auto/ref/PISA_en-PH_SCI_FT2025.tmx.zip
---
        <mapping local="source/15_COS_SCI-A_T/" repository="source/15_COS_SCI-A_T/"/>
/home/souto/Repos/pisa_2025ft_translation_en-PH_adaptation/tm/auto/ref/PISA_en-PH_SCI_FT2025.tmx.zip
---
        <mapping local="source/02_COS_SCI-B_N/" repository="source/02_COS_SCI-B_N/"/>
/home/souto/Repos/pisa_2025ft_translation_en-PH_adaptation/tm/auto/ref/PISA_en-PH_SCI_FT2025.tmx.zip
---
        <mapping local="source/16_COS_SCI-B_T/" repository="source/16_COS_SCI-B_T/"/>
/home/souto/Repos/pisa_2025ft_translation_en-PH_adaptation/tm/auto/ref/PISA_en-PH_SCI_FT2025.tmx.zip
---
        <mapping local="source/02_COS_SCI-B_N/" repository="source/02_COS_SCI-B_N/"/>
/home/souto/Repos/pisa_2025ft_translation_en-PH_adaptation/tm/auto/ref/PISA_en-PH_SCI_FT2025.tmx.zip
---
        <mapping local="source/17_CGA_SCI_T/" repository="source/17_CGA_SCI_T/"/>
/home/souto/Repos/pisa_2025ft_translation_en-PH_adaptation/tm/auto/ref/PISA_en-PH_SCI_FT2025.tmx.zip
---
        <mapping local="source/02_COS_SCI-B_N/" repository="source/02_COS_SCI-B_N/"/>
/home/souto/Repos/pisa_2025ft_translation_en-PH_adaptation/tm/auto/ref/PISA_en-PH_SCI_FT2025.tmx.zip
---
        <mapping local="source/18_CGA_MAT_T/" repository="source/18_CGA_MAT_T/"/>
/home/souto/Repos/pisa_2025ft_translation_en-PH_adaptation/tm/auto/trend/PISA_en-PH_MAT_MS2022.tmx.zip
/home/souto/Repos/pisa_2025ft_translation_en-PH_adaptation/tm/auto/trend/PISA_en-PH_CGA-MATNew_MS2022.tmx.zip
---
        <mapping local="source/02_COS_SCI-B_N/" repository="source/02_COS_SCI-B_N/"/>
/home/souto/Repos/pisa_2025ft_translation_en-PH_adaptation/tm/auto/ref/PISA_en-PH_SCI_FT2025.tmx.zip
---
        <mapping local="source/19_CGA_REA_T/" repository="source/19_CGA_REA_T/"/>
/home/souto/Repos/pisa_2025ft_translation_en-PH_adaptation/tm/auto/trend/PISA_en-PH_REA_MS2022.tmx.zip
---
        <mapping local="source/02_COS_SCI-B_N/" repository="source/02_COS_SCI-B_N/"/>
/home/souto/Repos/pisa_2025ft_translation_en-PH_adaptation/tm/auto/ref/PISA_en-PH_SCI_FT2025.tmx.zip
---
        <mapping local="source/21_COSP_REA-A_T/" repository="source/21_COSP_REA-A_T/"/>
/home/souto/Repos/pisa_2025ft_translation_en-PH_adaptation/tm/auto/trend/PISA_en-PH_REA_MS2022.tmx.zip
---
        <mapping local="source/02_COS_SCI-B_N/" repository="source/02_COS_SCI-B_N/"/>
/home/souto/Repos/pisa_2025ft_translation_en-PH_adaptation/tm/auto/ref/PISA_en-PH_SCI_FT2025.tmx.zip
---
        <mapping local="source/22_COSP_REA-B_T/" repository="source/22_COSP_REA-B_T/"/>
/home/souto/Repos/pisa_2025ft_translation_en-PH_adaptation/tm/auto/trend/PISA_en-PH_REA_MS2022.tmx.zip
---
        <mapping local="source/02_COS_SCI-B_N/" repository="source/02_COS_SCI-B_N/"/>
/home/souto/Repos/pisa_2025ft_translation_en-PH_adaptation/tm/auto/ref/PISA_en-PH_SCI_FT2025.tmx.zip
---
        <mapping local="source/23_COSP_MAT-A_T/" repository="source/23_COSP_MAT-A_T/"/>
/home/souto/Repos/pisa_2025ft_translation_en-PH_adaptation/tm/auto/trend/PISA_en-PH_MAT_MS2022.tmx.zip
/home/souto/Repos/pisa_2025ft_translation_en-PH_adaptation/tm/auto/trend/PISA_en-PH_CGA-MATNew_MS2022.tmx.zip
---
        <mapping local="source/02_COS_SCI-B_N/" repository="source/02_COS_SCI-B_N/"/>
/home/souto/Repos/pisa_2025ft_translation_en-PH_adaptation/tm/auto/ref/PISA_en-PH_SCI_FT2025.tmx.zip
---
        <mapping local="source/24_COSP_MAT-B_T/" repository="source/24_COSP_MAT-B_T/"/>
/home/souto/Repos/pisa_2025ft_translation_en-PH_adaptation/tm/auto/trend/PISA_en-PH_MAT_MS2022.tmx.zip
/home/souto/Repos/pisa_2025ft_translation_en-PH_adaptation/tm/auto/trend/PISA_en-PH_CGA-MATNew_MS2022.tmx.zip
---
        <mapping local="source/02_COS_SCI-B_N/" repository="source/02_COS_SCI-B_N/"/>
/home/souto/Repos/pisa_2025ft_translation_en-PH_adaptation/tm/auto/ref/PISA_en-PH_SCI_FT2025.tmx.zip
---
        <mapping local="source/25_COSP_SCI-A_N/" repository="source/25_COSP_SCI-A_N/"/>
/home/souto/Repos/pisa_2025ft_translation_en-PH_adaptation/tm/auto/ref/PISA_en-PH_SCI_FT2025.tmx.zip
---
        <mapping local="source/02_COS_SCI-B_N/" repository="source/02_COS_SCI-B_N/"/>
/home/souto/Repos/pisa_2025ft_translation_en-PH_adaptation/tm/auto/ref/PISA_en-PH_SCI_FT2025.tmx.zip
---
        <mapping local="source/26_COSP_SCI-A_T/" repository="source/26_COSP_SCI-A_T/"/>
/home/souto/Repos/pisa_2025ft_translation_en-PH_adaptation/tm/auto/ref/PISA_en-PH_SCI_FT2025.tmx.zip
---
        <mapping local="source/02_COS_SCI-B_N/" repository="source/02_COS_SCI-B_N/"/>
/home/souto/Repos/pisa_2025ft_translation_en-PH_adaptation/tm/auto/ref/PISA_en-PH_SCI_FT2025.tmx.zip
---
        <mapping local="source/27_QQSP_N/" repository="source/27_QQSP_N/"/>
---
        <mapping local="source/02_COS_SCI-B_N/" repository="source/02_COS_SCI-B_N/"/>
/home/souto/Repos/pisa_2025ft_translation_en-PH_adaptation/tm/auto/ref/PISA_en-PH_SCI_FT2025.tmx.zip
---
        <mapping local="source/28_QQAP_N/" repository="source/28_QQAP_N/"/>
---
        <mapping local="source/02_COS_SCI-B_N/" repository="source/02_COS_SCI-B_N/"/>
/home/souto/Repos/pisa_2025ft_translation_en-PH_adaptation/tm/auto/ref/PISA_en-PH_SCI_FT2025.tmx.zip
---
        <mapping local="source/29_COSP_XYZ_N/" repository="source/29_COSP_XYZ_N/"/>
/home/souto/Repos/pisa_2025ft_translation_en-PH_adaptation/tm/auto/trend/PISA_en-PH_XYZ_MS2022.tmx.zip
---
        <mapping local="source/02_COS_SCI-B_N/" repository="source/02_COS_SCI-B_N/"/>
/home/souto/Repos/pisa_2025ft_translation_en-PH_adaptation/tm/auto/ref/PISA_en-PH_SCI_FT2025.tmx.zip
---
        <mapping local="source/30_CGAP_MAT_T/" repository="source/30_CGAP_MAT_T/"/>
/home/souto/Repos/pisa_2025ft_translation_en-PH_adaptation/tm/auto/trend/PISA_en-PH_MAT_MS2022.tmx.zip
/home/souto/Repos/pisa_2025ft_translation_en-PH_adaptation/tm/auto/trend/PISA_en-PH_CGA-MATNew_MS2022.tmx.zip
---
        <mapping local="source/02_COS_SCI-B_N/" repository="source/02_COS_SCI-B_N/"/>
/home/souto/Repos/pisa_2025ft_translation_en-PH_adaptation/tm/auto/ref/PISA_en-PH_SCI_FT2025.tmx.zip
---
        <mapping local="source/31_CGAP_REA_T/" repository="source/31_CGAP_REA_T/"/>
/home/souto/Repos/pisa_2025ft_translation_en-PH_adaptation/tm/auto/trend/PISA_en-PH_REA_MS2022.tmx.zip
---
        <mapping local="source/02_COS_SCI-B_N/" repository="source/02_COS_SCI-B_N/"/>
/home/souto/Repos/pisa_2025ft_translation_en-PH_adaptation/tm/auto/ref/PISA_en-PH_SCI_FT2025.tmx.zip
---
        <mapping local="source/32_CGAP_SCI_T/" repository="source/32_CGAP_SCI_T/"/>
/home/souto/Repos/pisa_2025ft_translation_en-PH_adaptation/tm/auto/ref/PISA_en-PH_SCI_FT2025.tmx.zip
---
        <mapping local="source/02_COS_SCI-B_N/" repository="source/02_COS_SCI-B_N/"/>
/home/souto/Repos/pisa_2025ft_translation_en-PH_adaptation/tm/auto/ref/PISA_en-PH_SCI_FT2025.tmx.zip
---
        <mapping local="source/33_CGAP_SCI_N/" repository="source/33_CGAP_SCI_N/"/>
/home/souto/Repos/pisa_2025ft_translation_en-PH_adaptation/tm/auto/ref/PISA_en-PH_SCI_FT2025.tmx.zip
---
        <mapping local="source/02_COS_SCI-B_N/" repository="source/02_COS_SCI-B_N/"/>
/home/souto/Repos/pisa_2025ft_translation_en-PH_adaptation/tm/auto/ref/PISA_en-PH_SCI_FT2025.tmx.zip
---
        <mapping local="source/03_COS_SCI-C_N/" repository="source/03_COS_SCI-C_N/"/>
/home/souto/Repos/pisa_2025ft_translation_en-PH_adaptation/tm/auto/ref/PISA_en-PH_SCI_FT2025.tmx.zip
======
---
        <mapping local="source/04_QQS_N/" repository="source/04_QQS_N/"/>
/home/souto/Repos/pisa_2025ft_translation_en-PH_adaptation/tm/enforce/trend/PISA_en-PH_STQ_MS2022.tmx.zip
---
        <mapping local="source/03_COS_SCI-C_N/" repository="source/03_COS_SCI-C_N/"/>
/home/souto/Repos/pisa_2025ft_translation_en-PH_adaptation/tm/auto/ref/PISA_en-PH_SCI_FT2025.tmx.zip
---
        <mapping local="source/05_QQA_N/" repository="source/05_QQA_N/"/>
/home/souto/Repos/pisa_2025ft_translation_en-PH_adaptation/tm/enforce/trend/PISA_en-PH_SCQ_MS2022.tmx.zip
---
        <mapping local="source/03_COS_SCI-C_N/" repository="source/03_COS_SCI-C_N/"/>
/home/souto/Repos/pisa_2025ft_translation_en-PH_adaptation/tm/auto/ref/PISA_en-PH_SCI_FT2025.tmx.zip
---
        <mapping local="source/06_COS_LDW_N/" repository="source/06_COS_LDW_N/"/>
---
        <mapping local="source/03_COS_SCI-C_N/" repository="source/03_COS_SCI-C_N/"/>
/home/souto/Repos/pisa_2025ft_translation_en-PH_adaptation/tm/auto/ref/PISA_en-PH_SCI_FT2025.tmx.zip
---
        <mapping local="source/07_COS_XYZ_N/" repository="source/07_COS_XYZ_N/"/>
/home/souto/Repos/pisa_2025ft_translation_en-PH_adaptation/tm/auto/trend/PISA_en-PH_XYZ_MS2022.tmx.zip
---
        <mapping local="source/03_COS_SCI-C_N/" repository="source/03_COS_SCI-C_N/"/>
/home/souto/Repos/pisa_2025ft_translation_en-PH_adaptation/tm/auto/ref/PISA_en-PH_SCI_FT2025.tmx.zip
---
        <mapping local="source/08_CGA_SCI_N/" repository="source/08_CGA_SCI_N/"/>
/home/souto/Repos/pisa_2025ft_translation_en-PH_adaptation/tm/auto/ref/PISA_en-PH_SCI_FT2025.tmx.zip
---
        <mapping local="source/03_COS_SCI-C_N/" repository="source/03_COS_SCI-C_N/"/>
/home/souto/Repos/pisa_2025ft_translation_en-PH_adaptation/tm/auto/ref/PISA_en-PH_SCI_FT2025.tmx.zip
---
        <mapping local="source/11_COS_MAT-A_T/" repository="source/11_COS_MAT-A_T/"/>
/home/souto/Repos/pisa_2025ft_translation_en-PH_adaptation/tm/auto/trend/PISA_en-PH_MAT_MS2022.tmx.zip
/home/souto/Repos/pisa_2025ft_translation_en-PH_adaptation/tm/auto/trend/PISA_en-PH_CGA-MATNew_MS2022.tmx.zip
---
        <mapping local="source/03_COS_SCI-C_N/" repository="source/03_COS_SCI-C_N/"/>
/home/souto/Repos/pisa_2025ft_translation_en-PH_adaptation/tm/auto/ref/PISA_en-PH_SCI_FT2025.tmx.zip
---
        <mapping local="source/12_COS_MAT-B_T/" repository="source/12_COS_MAT-B_T/"/>
/home/souto/Repos/pisa_2025ft_translation_en-PH_adaptation/tm/auto/trend/PISA_en-PH_MAT_MS2022.tmx.zip
/home/souto/Repos/pisa_2025ft_translation_en-PH_adaptation/tm/auto/trend/PISA_en-PH_CGA-MATNew_MS2022.tmx.zip
---
        <mapping local="source/03_COS_SCI-C_N/" repository="source/03_COS_SCI-C_N/"/>
/home/souto/Repos/pisa_2025ft_translation_en-PH_adaptation/tm/auto/ref/PISA_en-PH_SCI_FT2025.tmx.zip
---
        <mapping local="source/13_COS_REA-A_T/" repository="source/13_COS_REA-A_T/"/>
/home/souto/Repos/pisa_2025ft_translation_en-PH_adaptation/tm/auto/trend/PISA_en-PH_REA_MS2022.tmx.zip
---
        <mapping local="source/03_COS_SCI-C_N/" repository="source/03_COS_SCI-C_N/"/>
/home/souto/Repos/pisa_2025ft_translation_en-PH_adaptation/tm/auto/ref/PISA_en-PH_SCI_FT2025.tmx.zip
---
        <mapping local="source/14_COS_REA-B_T/" repository="source/14_COS_REA-B_T/"/>
/home/souto/Repos/pisa_2025ft_translation_en-PH_adaptation/tm/auto/trend/PISA_en-PH_REA_MS2022.tmx.zip
---
        <mapping local="source/03_COS_SCI-C_N/" repository="source/03_COS_SCI-C_N/"/>
/home/souto/Repos/pisa_2025ft_translation_en-PH_adaptation/tm/auto/ref/PISA_en-PH_SCI_FT2025.tmx.zip
---
        <mapping local="source/15_COS_SCI-A_T/" repository="source/15_COS_SCI-A_T/"/>
/home/souto/Repos/pisa_2025ft_translation_en-PH_adaptation/tm/auto/ref/PISA_en-PH_SCI_FT2025.tmx.zip
---
        <mapping local="source/03_COS_SCI-C_N/" repository="source/03_COS_SCI-C_N/"/>
/home/souto/Repos/pisa_2025ft_translation_en-PH_adaptation/tm/auto/ref/PISA_en-PH_SCI_FT2025.tmx.zip
---
        <mapping local="source/16_COS_SCI-B_T/" repository="source/16_COS_SCI-B_T/"/>
/home/souto/Repos/pisa_2025ft_translation_en-PH_adaptation/tm/auto/ref/PISA_en-PH_SCI_FT2025.tmx.zip
---
        <mapping local="source/03_COS_SCI-C_N/" repository="source/03_COS_SCI-C_N/"/>
/home/souto/Repos/pisa_2025ft_translation_en-PH_adaptation/tm/auto/ref/PISA_en-PH_SCI_FT2025.tmx.zip
---
        <mapping local="source/17_CGA_SCI_T/" repository="source/17_CGA_SCI_T/"/>
/home/souto/Repos/pisa_2025ft_translation_en-PH_adaptation/tm/auto/ref/PISA_en-PH_SCI_FT2025.tmx.zip
---
        <mapping local="source/03_COS_SCI-C_N/" repository="source/03_COS_SCI-C_N/"/>
/home/souto/Repos/pisa_2025ft_translation_en-PH_adaptation/tm/auto/ref/PISA_en-PH_SCI_FT2025.tmx.zip
---
        <mapping local="source/18_CGA_MAT_T/" repository="source/18_CGA_MAT_T/"/>
/home/souto/Repos/pisa_2025ft_translation_en-PH_adaptation/tm/auto/trend/PISA_en-PH_MAT_MS2022.tmx.zip
/home/souto/Repos/pisa_2025ft_translation_en-PH_adaptation/tm/auto/trend/PISA_en-PH_CGA-MATNew_MS2022.tmx.zip
---
        <mapping local="source/03_COS_SCI-C_N/" repository="source/03_COS_SCI-C_N/"/>
/home/souto/Repos/pisa_2025ft_translation_en-PH_adaptation/tm/auto/ref/PISA_en-PH_SCI_FT2025.tmx.zip
---
        <mapping local="source/19_CGA_REA_T/" repository="source/19_CGA_REA_T/"/>
/home/souto/Repos/pisa_2025ft_translation_en-PH_adaptation/tm/auto/trend/PISA_en-PH_REA_MS2022.tmx.zip
---
        <mapping local="source/03_COS_SCI-C_N/" repository="source/03_COS_SCI-C_N/"/>
/home/souto/Repos/pisa_2025ft_translation_en-PH_adaptation/tm/auto/ref/PISA_en-PH_SCI_FT2025.tmx.zip
---
        <mapping local="source/21_COSP_REA-A_T/" repository="source/21_COSP_REA-A_T/"/>
/home/souto/Repos/pisa_2025ft_translation_en-PH_adaptation/tm/auto/trend/PISA_en-PH_REA_MS2022.tmx.zip
---
        <mapping local="source/03_COS_SCI-C_N/" repository="source/03_COS_SCI-C_N/"/>
/home/souto/Repos/pisa_2025ft_translation_en-PH_adaptation/tm/auto/ref/PISA_en-PH_SCI_FT2025.tmx.zip
---
        <mapping local="source/22_COSP_REA-B_T/" repository="source/22_COSP_REA-B_T/"/>
/home/souto/Repos/pisa_2025ft_translation_en-PH_adaptation/tm/auto/trend/PISA_en-PH_REA_MS2022.tmx.zip
---
        <mapping local="source/03_COS_SCI-C_N/" repository="source/03_COS_SCI-C_N/"/>
/home/souto/Repos/pisa_2025ft_translation_en-PH_adaptation/tm/auto/ref/PISA_en-PH_SCI_FT2025.tmx.zip
---
        <mapping local="source/23_COSP_MAT-A_T/" repository="source/23_COSP_MAT-A_T/"/>
/home/souto/Repos/pisa_2025ft_translation_en-PH_adaptation/tm/auto/trend/PISA_en-PH_MAT_MS2022.tmx.zip
/home/souto/Repos/pisa_2025ft_translation_en-PH_adaptation/tm/auto/trend/PISA_en-PH_CGA-MATNew_MS2022.tmx.zip
---
        <mapping local="source/03_COS_SCI-C_N/" repository="source/03_COS_SCI-C_N/"/>
/home/souto/Repos/pisa_2025ft_translation_en-PH_adaptation/tm/auto/ref/PISA_en-PH_SCI_FT2025.tmx.zip
---
        <mapping local="source/24_COSP_MAT-B_T/" repository="source/24_COSP_MAT-B_T/"/>
/home/souto/Repos/pisa_2025ft_translation_en-PH_adaptation/tm/auto/trend/PISA_en-PH_MAT_MS2022.tmx.zip
/home/souto/Repos/pisa_2025ft_translation_en-PH_adaptation/tm/auto/trend/PISA_en-PH_CGA-MATNew_MS2022.tmx.zip
---
        <mapping local="source/03_COS_SCI-C_N/" repository="source/03_COS_SCI-C_N/"/>
/home/souto/Repos/pisa_2025ft_translation_en-PH_adaptation/tm/auto/ref/PISA_en-PH_SCI_FT2025.tmx.zip
---
        <mapping local="source/25_COSP_SCI-A_N/" repository="source/25_COSP_SCI-A_N/"/>
/home/souto/Repos/pisa_2025ft_translation_en-PH_adaptation/tm/auto/ref/PISA_en-PH_SCI_FT2025.tmx.zip
---
        <mapping local="source/03_COS_SCI-C_N/" repository="source/03_COS_SCI-C_N/"/>
/home/souto/Repos/pisa_2025ft_translation_en-PH_adaptation/tm/auto/ref/PISA_en-PH_SCI_FT2025.tmx.zip
---
        <mapping local="source/26_COSP_SCI-A_T/" repository="source/26_COSP_SCI-A_T/"/>
/home/souto/Repos/pisa_2025ft_translation_en-PH_adaptation/tm/auto/ref/PISA_en-PH_SCI_FT2025.tmx.zip
---
        <mapping local="source/03_COS_SCI-C_N/" repository="source/03_COS_SCI-C_N/"/>
/home/souto/Repos/pisa_2025ft_translation_en-PH_adaptation/tm/auto/ref/PISA_en-PH_SCI_FT2025.tmx.zip
---
        <mapping local="source/27_QQSP_N/" repository="source/27_QQSP_N/"/>
---
        <mapping local="source/03_COS_SCI-C_N/" repository="source/03_COS_SCI-C_N/"/>
/home/souto/Repos/pisa_2025ft_translation_en-PH_adaptation/tm/auto/ref/PISA_en-PH_SCI_FT2025.tmx.zip
---
        <mapping local="source/28_QQAP_N/" repository="source/28_QQAP_N/"/>
---
        <mapping local="source/03_COS_SCI-C_N/" repository="source/03_COS_SCI-C_N/"/>
/home/souto/Repos/pisa_2025ft_translation_en-PH_adaptation/tm/auto/ref/PISA_en-PH_SCI_FT2025.tmx.zip
---
        <mapping local="source/29_COSP_XYZ_N/" repository="source/29_COSP_XYZ_N/"/>
/home/souto/Repos/pisa_2025ft_translation_en-PH_adaptation/tm/auto/trend/PISA_en-PH_XYZ_MS2022.tmx.zip
---
        <mapping local="source/03_COS_SCI-C_N/" repository="source/03_COS_SCI-C_N/"/>
/home/souto/Repos/pisa_2025ft_translation_en-PH_adaptation/tm/auto/ref/PISA_en-PH_SCI_FT2025.tmx.zip
---
        <mapping local="source/30_CGAP_MAT_T/" repository="source/30_CGAP_MAT_T/"/>
/home/souto/Repos/pisa_2025ft_translation_en-PH_adaptation/tm/auto/trend/PISA_en-PH_MAT_MS2022.tmx.zip
/home/souto/Repos/pisa_2025ft_translation_en-PH_adaptation/tm/auto/trend/PISA_en-PH_CGA-MATNew_MS2022.tmx.zip
---
        <mapping local="source/03_COS_SCI-C_N/" repository="source/03_COS_SCI-C_N/"/>
/home/souto/Repos/pisa_2025ft_translation_en-PH_adaptation/tm/auto/ref/PISA_en-PH_SCI_FT2025.tmx.zip
---
        <mapping local="source/31_CGAP_REA_T/" repository="source/31_CGAP_REA_T/"/>
/home/souto/Repos/pisa_2025ft_translation_en-PH_adaptation/tm/auto/trend/PISA_en-PH_REA_MS2022.tmx.zip
---
        <mapping local="source/03_COS_SCI-C_N/" repository="source/03_COS_SCI-C_N/"/>
/home/souto/Repos/pisa_2025ft_translation_en-PH_adaptation/tm/auto/ref/PISA_en-PH_SCI_FT2025.tmx.zip
---
        <mapping local="source/32_CGAP_SCI_T/" repository="source/32_CGAP_SCI_T/"/>
/home/souto/Repos/pisa_2025ft_translation_en-PH_adaptation/tm/auto/ref/PISA_en-PH_SCI_FT2025.tmx.zip
---
        <mapping local="source/03_COS_SCI-C_N/" repository="source/03_COS_SCI-C_N/"/>
/home/souto/Repos/pisa_2025ft_translation_en-PH_adaptation/tm/auto/ref/PISA_en-PH_SCI_FT2025.tmx.zip
---
        <mapping local="source/33_CGAP_SCI_N/" repository="source/33_CGAP_SCI_N/"/>
/home/souto/Repos/pisa_2025ft_translation_en-PH_adaptation/tm/auto/ref/PISA_en-PH_SCI_FT2025.tmx.zip
---
        <mapping local="source/03_COS_SCI-C_N/" repository="source/03_COS_SCI-C_N/"/>
/home/souto/Repos/pisa_2025ft_translation_en-PH_adaptation/tm/auto/ref/PISA_en-PH_SCI_FT2025.tmx.zip
---
        <mapping local="source/04_QQS_N/" repository="source/04_QQS_N/"/>
/home/souto/Repos/pisa_2025ft_translation_en-PH_adaptation/tm/enforce/trend/PISA_en-PH_STQ_MS2022.tmx.zip
======
---
        <mapping local="source/05_QQA_N/" repository="source/05_QQA_N/"/>
/home/souto/Repos/pisa_2025ft_translation_en-PH_adaptation/tm/enforce/trend/PISA_en-PH_SCQ_MS2022.tmx.zip
---
        <mapping local="source/04_QQS_N/" repository="source/04_QQS_N/"/>
/home/souto/Repos/pisa_2025ft_translation_en-PH_adaptation/tm/enforce/trend/PISA_en-PH_STQ_MS2022.tmx.zip
---
        <mapping local="source/06_COS_LDW_N/" repository="source/06_COS_LDW_N/"/>
---
        <mapping local="source/04_QQS_N/" repository="source/04_QQS_N/"/>
/home/souto/Repos/pisa_2025ft_translation_en-PH_adaptation/tm/enforce/trend/PISA_en-PH_STQ_MS2022.tmx.zip
---
        <mapping local="source/07_COS_XYZ_N/" repository="source/07_COS_XYZ_N/"/>
/home/souto/Repos/pisa_2025ft_translation_en-PH_adaptation/tm/auto/trend/PISA_en-PH_XYZ_MS2022.tmx.zip
---
        <mapping local="source/04_QQS_N/" repository="source/04_QQS_N/"/>
/home/souto/Repos/pisa_2025ft_translation_en-PH_adaptation/tm/enforce/trend/PISA_en-PH_STQ_MS2022.tmx.zip
---
        <mapping local="source/08_CGA_SCI_N/" repository="source/08_CGA_SCI_N/"/>
/home/souto/Repos/pisa_2025ft_translation_en-PH_adaptation/tm/auto/ref/PISA_en-PH_SCI_FT2025.tmx.zip
---
        <mapping local="source/04_QQS_N/" repository="source/04_QQS_N/"/>
/home/souto/Repos/pisa_2025ft_translation_en-PH_adaptation/tm/enforce/trend/PISA_en-PH_STQ_MS2022.tmx.zip
---
        <mapping local="source/11_COS_MAT-A_T/" repository="source/11_COS_MAT-A_T/"/>
/home/souto/Repos/pisa_2025ft_translation_en-PH_adaptation/tm/auto/trend/PISA_en-PH_MAT_MS2022.tmx.zip
/home/souto/Repos/pisa_2025ft_translation_en-PH_adaptation/tm/auto/trend/PISA_en-PH_CGA-MATNew_MS2022.tmx.zip
---
        <mapping local="source/04_QQS_N/" repository="source/04_QQS_N/"/>
/home/souto/Repos/pisa_2025ft_translation_en-PH_adaptation/tm/enforce/trend/PISA_en-PH_STQ_MS2022.tmx.zip
---
        <mapping local="source/12_COS_MAT-B_T/" repository="source/12_COS_MAT-B_T/"/>
/home/souto/Repos/pisa_2025ft_translation_en-PH_adaptation/tm/auto/trend/PISA_en-PH_MAT_MS2022.tmx.zip
/home/souto/Repos/pisa_2025ft_translation_en-PH_adaptation/tm/auto/trend/PISA_en-PH_CGA-MATNew_MS2022.tmx.zip
---
        <mapping local="source/04_QQS_N/" repository="source/04_QQS_N/"/>
/home/souto/Repos/pisa_2025ft_translation_en-PH_adaptation/tm/enforce/trend/PISA_en-PH_STQ_MS2022.tmx.zip
---
        <mapping local="source/13_COS_REA-A_T/" repository="source/13_COS_REA-A_T/"/>
/home/souto/Repos/pisa_2025ft_translation_en-PH_adaptation/tm/auto/trend/PISA_en-PH_REA_MS2022.tmx.zip
---
        <mapping local="source/04_QQS_N/" repository="source/04_QQS_N/"/>
/home/souto/Repos/pisa_2025ft_translation_en-PH_adaptation/tm/enforce/trend/PISA_en-PH_STQ_MS2022.tmx.zip
---
        <mapping local="source/14_COS_REA-B_T/" repository="source/14_COS_REA-B_T/"/>
/home/souto/Repos/pisa_2025ft_translation_en-PH_adaptation/tm/auto/trend/PISA_en-PH_REA_MS2022.tmx.zip
---
        <mapping local="source/04_QQS_N/" repository="source/04_QQS_N/"/>
/home/souto/Repos/pisa_2025ft_translation_en-PH_adaptation/tm/enforce/trend/PISA_en-PH_STQ_MS2022.tmx.zip
---
        <mapping local="source/15_COS_SCI-A_T/" repository="source/15_COS_SCI-A_T/"/>
/home/souto/Repos/pisa_2025ft_translation_en-PH_adaptation/tm/auto/ref/PISA_en-PH_SCI_FT2025.tmx.zip
---
        <mapping local="source/04_QQS_N/" repository="source/04_QQS_N/"/>
/home/souto/Repos/pisa_2025ft_translation_en-PH_adaptation/tm/enforce/trend/PISA_en-PH_STQ_MS2022.tmx.zip
---
        <mapping local="source/16_COS_SCI-B_T/" repository="source/16_COS_SCI-B_T/"/>
/home/souto/Repos/pisa_2025ft_translation_en-PH_adaptation/tm/auto/ref/PISA_en-PH_SCI_FT2025.tmx.zip
---
        <mapping local="source/04_QQS_N/" repository="source/04_QQS_N/"/>
/home/souto/Repos/pisa_2025ft_translation_en-PH_adaptation/tm/enforce/trend/PISA_en-PH_STQ_MS2022.tmx.zip
---
        <mapping local="source/17_CGA_SCI_T/" repository="source/17_CGA_SCI_T/"/>
/home/souto/Repos/pisa_2025ft_translation_en-PH_adaptation/tm/auto/ref/PISA_en-PH_SCI_FT2025.tmx.zip
---
        <mapping local="source/04_QQS_N/" repository="source/04_QQS_N/"/>
/home/souto/Repos/pisa_2025ft_translation_en-PH_adaptation/tm/enforce/trend/PISA_en-PH_STQ_MS2022.tmx.zip
---
        <mapping local="source/18_CGA_MAT_T/" repository="source/18_CGA_MAT_T/"/>
/home/souto/Repos/pisa_2025ft_translation_en-PH_adaptation/tm/auto/trend/PISA_en-PH_MAT_MS2022.tmx.zip
/home/souto/Repos/pisa_2025ft_translation_en-PH_adaptation/tm/auto/trend/PISA_en-PH_CGA-MATNew_MS2022.tmx.zip
---
        <mapping local="source/04_QQS_N/" repository="source/04_QQS_N/"/>
/home/souto/Repos/pisa_2025ft_translation_en-PH_adaptation/tm/enforce/trend/PISA_en-PH_STQ_MS2022.tmx.zip
---
        <mapping local="source/19_CGA_REA_T/" repository="source/19_CGA_REA_T/"/>
/home/souto/Repos/pisa_2025ft_translation_en-PH_adaptation/tm/auto/trend/PISA_en-PH_REA_MS2022.tmx.zip
---
        <mapping local="source/04_QQS_N/" repository="source/04_QQS_N/"/>
/home/souto/Repos/pisa_2025ft_translation_en-PH_adaptation/tm/enforce/trend/PISA_en-PH_STQ_MS2022.tmx.zip
---
        <mapping local="source/21_COSP_REA-A_T/" repository="source/21_COSP_REA-A_T/"/>
/home/souto/Repos/pisa_2025ft_translation_en-PH_adaptation/tm/auto/trend/PISA_en-PH_REA_MS2022.tmx.zip
---
        <mapping local="source/04_QQS_N/" repository="source/04_QQS_N/"/>
/home/souto/Repos/pisa_2025ft_translation_en-PH_adaptation/tm/enforce/trend/PISA_en-PH_STQ_MS2022.tmx.zip
---
        <mapping local="source/22_COSP_REA-B_T/" repository="source/22_COSP_REA-B_T/"/>
/home/souto/Repos/pisa_2025ft_translation_en-PH_adaptation/tm/auto/trend/PISA_en-PH_REA_MS2022.tmx.zip
---
        <mapping local="source/04_QQS_N/" repository="source/04_QQS_N/"/>
/home/souto/Repos/pisa_2025ft_translation_en-PH_adaptation/tm/enforce/trend/PISA_en-PH_STQ_MS2022.tmx.zip
---
        <mapping local="source/23_COSP_MAT-A_T/" repository="source/23_COSP_MAT-A_T/"/>
/home/souto/Repos/pisa_2025ft_translation_en-PH_adaptation/tm/auto/trend/PISA_en-PH_MAT_MS2022.tmx.zip
/home/souto/Repos/pisa_2025ft_translation_en-PH_adaptation/tm/auto/trend/PISA_en-PH_CGA-MATNew_MS2022.tmx.zip
---
        <mapping local="source/04_QQS_N/" repository="source/04_QQS_N/"/>
/home/souto/Repos/pisa_2025ft_translation_en-PH_adaptation/tm/enforce/trend/PISA_en-PH_STQ_MS2022.tmx.zip
---
        <mapping local="source/24_COSP_MAT-B_T/" repository="source/24_COSP_MAT-B_T/"/>
/home/souto/Repos/pisa_2025ft_translation_en-PH_adaptation/tm/auto/trend/PISA_en-PH_MAT_MS2022.tmx.zip
/home/souto/Repos/pisa_2025ft_translation_en-PH_adaptation/tm/auto/trend/PISA_en-PH_CGA-MATNew_MS2022.tmx.zip
---
        <mapping local="source/04_QQS_N/" repository="source/04_QQS_N/"/>
/home/souto/Repos/pisa_2025ft_translation_en-PH_adaptation/tm/enforce/trend/PISA_en-PH_STQ_MS2022.tmx.zip
---
        <mapping local="source/25_COSP_SCI-A_N/" repository="source/25_COSP_SCI-A_N/"/>
/home/souto/Repos/pisa_2025ft_translation_en-PH_adaptation/tm/auto/ref/PISA_en-PH_SCI_FT2025.tmx.zip
---
        <mapping local="source/04_QQS_N/" repository="source/04_QQS_N/"/>
/home/souto/Repos/pisa_2025ft_translation_en-PH_adaptation/tm/enforce/trend/PISA_en-PH_STQ_MS2022.tmx.zip
---
        <mapping local="source/26_COSP_SCI-A_T/" repository="source/26_COSP_SCI-A_T/"/>
/home/souto/Repos/pisa_2025ft_translation_en-PH_adaptation/tm/auto/ref/PISA_en-PH_SCI_FT2025.tmx.zip
---
        <mapping local="source/04_QQS_N/" repository="source/04_QQS_N/"/>
/home/souto/Repos/pisa_2025ft_translation_en-PH_adaptation/tm/enforce/trend/PISA_en-PH_STQ_MS2022.tmx.zip
---
        <mapping local="source/27_QQSP_N/" repository="source/27_QQSP_N/"/>
---
        <mapping local="source/04_QQS_N/" repository="source/04_QQS_N/"/>
/home/souto/Repos/pisa_2025ft_translation_en-PH_adaptation/tm/enforce/trend/PISA_en-PH_STQ_MS2022.tmx.zip
---
        <mapping local="source/28_QQAP_N/" repository="source/28_QQAP_N/"/>
---
        <mapping local="source/04_QQS_N/" repository="source/04_QQS_N/"/>
/home/souto/Repos/pisa_2025ft_translation_en-PH_adaptation/tm/enforce/trend/PISA_en-PH_STQ_MS2022.tmx.zip
---
        <mapping local="source/29_COSP_XYZ_N/" repository="source/29_COSP_XYZ_N/"/>
/home/souto/Repos/pisa_2025ft_translation_en-PH_adaptation/tm/auto/trend/PISA_en-PH_XYZ_MS2022.tmx.zip
---
        <mapping local="source/04_QQS_N/" repository="source/04_QQS_N/"/>
/home/souto/Repos/pisa_2025ft_translation_en-PH_adaptation/tm/enforce/trend/PISA_en-PH_STQ_MS2022.tmx.zip
---
        <mapping local="source/30_CGAP_MAT_T/" repository="source/30_CGAP_MAT_T/"/>
/home/souto/Repos/pisa_2025ft_translation_en-PH_adaptation/tm/auto/trend/PISA_en-PH_MAT_MS2022.tmx.zip
/home/souto/Repos/pisa_2025ft_translation_en-PH_adaptation/tm/auto/trend/PISA_en-PH_CGA-MATNew_MS2022.tmx.zip
---
        <mapping local="source/04_QQS_N/" repository="source/04_QQS_N/"/>
/home/souto/Repos/pisa_2025ft_translation_en-PH_adaptation/tm/enforce/trend/PISA_en-PH_STQ_MS2022.tmx.zip
---
        <mapping local="source/31_CGAP_REA_T/" repository="source/31_CGAP_REA_T/"/>
/home/souto/Repos/pisa_2025ft_translation_en-PH_adaptation/tm/auto/trend/PISA_en-PH_REA_MS2022.tmx.zip
---
        <mapping local="source/04_QQS_N/" repository="source/04_QQS_N/"/>
/home/souto/Repos/pisa_2025ft_translation_en-PH_adaptation/tm/enforce/trend/PISA_en-PH_STQ_MS2022.tmx.zip
---
        <mapping local="source/32_CGAP_SCI_T/" repository="source/32_CGAP_SCI_T/"/>
/home/souto/Repos/pisa_2025ft_translation_en-PH_adaptation/tm/auto/ref/PISA_en-PH_SCI_FT2025.tmx.zip
---
        <mapping local="source/04_QQS_N/" repository="source/04_QQS_N/"/>
/home/souto/Repos/pisa_2025ft_translation_en-PH_adaptation/tm/enforce/trend/PISA_en-PH_STQ_MS2022.tmx.zip
---
        <mapping local="source/33_CGAP_SCI_N/" repository="source/33_CGAP_SCI_N/"/>
/home/souto/Repos/pisa_2025ft_translation_en-PH_adaptation/tm/auto/ref/PISA_en-PH_SCI_FT2025.tmx.zip
---
        <mapping local="source/04_QQS_N/" repository="source/04_QQS_N/"/>
/home/souto/Repos/pisa_2025ft_translation_en-PH_adaptation/tm/enforce/trend/PISA_en-PH_STQ_MS2022.tmx.zip
---
        <mapping local="source/05_QQA_N/" repository="source/05_QQA_N/"/>
/home/souto/Repos/pisa_2025ft_translation_en-PH_adaptation/tm/enforce/trend/PISA_en-PH_SCQ_MS2022.tmx.zip
======
---
        <mapping local="source/06_COS_LDW_N/" repository="source/06_COS_LDW_N/"/>
---
        <mapping local="source/05_QQA_N/" repository="source/05_QQA_N/"/>
/home/souto/Repos/pisa_2025ft_translation_en-PH_adaptation/tm/enforce/trend/PISA_en-PH_SCQ_MS2022.tmx.zip
---
        <mapping local="source/07_COS_XYZ_N/" repository="source/07_COS_XYZ_N/"/>
/home/souto/Repos/pisa_2025ft_translation_en-PH_adaptation/tm/auto/trend/PISA_en-PH_XYZ_MS2022.tmx.zip
---
        <mapping local="source/05_QQA_N/" repository="source/05_QQA_N/"/>
/home/souto/Repos/pisa_2025ft_translation_en-PH_adaptation/tm/enforce/trend/PISA_en-PH_SCQ_MS2022.tmx.zip
---
        <mapping local="source/08_CGA_SCI_N/" repository="source/08_CGA_SCI_N/"/>
/home/souto/Repos/pisa_2025ft_translation_en-PH_adaptation/tm/auto/ref/PISA_en-PH_SCI_FT2025.tmx.zip
---
        <mapping local="source/05_QQA_N/" repository="source/05_QQA_N/"/>
/home/souto/Repos/pisa_2025ft_translation_en-PH_adaptation/tm/enforce/trend/PISA_en-PH_SCQ_MS2022.tmx.zip
---
        <mapping local="source/11_COS_MAT-A_T/" repository="source/11_COS_MAT-A_T/"/>
/home/souto/Repos/pisa_2025ft_translation_en-PH_adaptation/tm/auto/trend/PISA_en-PH_MAT_MS2022.tmx.zip
/home/souto/Repos/pisa_2025ft_translation_en-PH_adaptation/tm/auto/trend/PISA_en-PH_CGA-MATNew_MS2022.tmx.zip
---
        <mapping local="source/05_QQA_N/" repository="source/05_QQA_N/"/>
/home/souto/Repos/pisa_2025ft_translation_en-PH_adaptation/tm/enforce/trend/PISA_en-PH_SCQ_MS2022.tmx.zip
---
        <mapping local="source/12_COS_MAT-B_T/" repository="source/12_COS_MAT-B_T/"/>
/home/souto/Repos/pisa_2025ft_translation_en-PH_adaptation/tm/auto/trend/PISA_en-PH_MAT_MS2022.tmx.zip
/home/souto/Repos/pisa_2025ft_translation_en-PH_adaptation/tm/auto/trend/PISA_en-PH_CGA-MATNew_MS2022.tmx.zip
---
        <mapping local="source/05_QQA_N/" repository="source/05_QQA_N/"/>
/home/souto/Repos/pisa_2025ft_translation_en-PH_adaptation/tm/enforce/trend/PISA_en-PH_SCQ_MS2022.tmx.zip
---
        <mapping local="source/13_COS_REA-A_T/" repository="source/13_COS_REA-A_T/"/>
/home/souto/Repos/pisa_2025ft_translation_en-PH_adaptation/tm/auto/trend/PISA_en-PH_REA_MS2022.tmx.zip
---
        <mapping local="source/05_QQA_N/" repository="source/05_QQA_N/"/>
/home/souto/Repos/pisa_2025ft_translation_en-PH_adaptation/tm/enforce/trend/PISA_en-PH_SCQ_MS2022.tmx.zip
---
        <mapping local="source/14_COS_REA-B_T/" repository="source/14_COS_REA-B_T/"/>
/home/souto/Repos/pisa_2025ft_translation_en-PH_adaptation/tm/auto/trend/PISA_en-PH_REA_MS2022.tmx.zip
---
        <mapping local="source/05_QQA_N/" repository="source/05_QQA_N/"/>
/home/souto/Repos/pisa_2025ft_translation_en-PH_adaptation/tm/enforce/trend/PISA_en-PH_SCQ_MS2022.tmx.zip
---
        <mapping local="source/15_COS_SCI-A_T/" repository="source/15_COS_SCI-A_T/"/>
/home/souto/Repos/pisa_2025ft_translation_en-PH_adaptation/tm/auto/ref/PISA_en-PH_SCI_FT2025.tmx.zip
---
        <mapping local="source/05_QQA_N/" repository="source/05_QQA_N/"/>
/home/souto/Repos/pisa_2025ft_translation_en-PH_adaptation/tm/enforce/trend/PISA_en-PH_SCQ_MS2022.tmx.zip
---
        <mapping local="source/16_COS_SCI-B_T/" repository="source/16_COS_SCI-B_T/"/>
/home/souto/Repos/pisa_2025ft_translation_en-PH_adaptation/tm/auto/ref/PISA_en-PH_SCI_FT2025.tmx.zip
---
        <mapping local="source/05_QQA_N/" repository="source/05_QQA_N/"/>
/home/souto/Repos/pisa_2025ft_translation_en-PH_adaptation/tm/enforce/trend/PISA_en-PH_SCQ_MS2022.tmx.zip
---
        <mapping local="source/17_CGA_SCI_T/" repository="source/17_CGA_SCI_T/"/>
/home/souto/Repos/pisa_2025ft_translation_en-PH_adaptation/tm/auto/ref/PISA_en-PH_SCI_FT2025.tmx.zip
---
        <mapping local="source/05_QQA_N/" repository="source/05_QQA_N/"/>
/home/souto/Repos/pisa_2025ft_translation_en-PH_adaptation/tm/enforce/trend/PISA_en-PH_SCQ_MS2022.tmx.zip
---
        <mapping local="source/18_CGA_MAT_T/" repository="source/18_CGA_MAT_T/"/>
/home/souto/Repos/pisa_2025ft_translation_en-PH_adaptation/tm/auto/trend/PISA_en-PH_MAT_MS2022.tmx.zip
/home/souto/Repos/pisa_2025ft_translation_en-PH_adaptation/tm/auto/trend/PISA_en-PH_CGA-MATNew_MS2022.tmx.zip
---
        <mapping local="source/05_QQA_N/" repository="source/05_QQA_N/"/>
/home/souto/Repos/pisa_2025ft_translation_en-PH_adaptation/tm/enforce/trend/PISA_en-PH_SCQ_MS2022.tmx.zip
---
        <mapping local="source/19_CGA_REA_T/" repository="source/19_CGA_REA_T/"/>
/home/souto/Repos/pisa_2025ft_translation_en-PH_adaptation/tm/auto/trend/PISA_en-PH_REA_MS2022.tmx.zip
---
        <mapping local="source/05_QQA_N/" repository="source/05_QQA_N/"/>
/home/souto/Repos/pisa_2025ft_translation_en-PH_adaptation/tm/enforce/trend/PISA_en-PH_SCQ_MS2022.tmx.zip
---
        <mapping local="source/21_COSP_REA-A_T/" repository="source/21_COSP_REA-A_T/"/>
/home/souto/Repos/pisa_2025ft_translation_en-PH_adaptation/tm/auto/trend/PISA_en-PH_REA_MS2022.tmx.zip
---
        <mapping local="source/05_QQA_N/" repository="source/05_QQA_N/"/>
/home/souto/Repos/pisa_2025ft_translation_en-PH_adaptation/tm/enforce/trend/PISA_en-PH_SCQ_MS2022.tmx.zip
---
        <mapping local="source/22_COSP_REA-B_T/" repository="source/22_COSP_REA-B_T/"/>
/home/souto/Repos/pisa_2025ft_translation_en-PH_adaptation/tm/auto/trend/PISA_en-PH_REA_MS2022.tmx.zip
---
        <mapping local="source/05_QQA_N/" repository="source/05_QQA_N/"/>
/home/souto/Repos/pisa_2025ft_translation_en-PH_adaptation/tm/enforce/trend/PISA_en-PH_SCQ_MS2022.tmx.zip
---
        <mapping local="source/23_COSP_MAT-A_T/" repository="source/23_COSP_MAT-A_T/"/>
/home/souto/Repos/pisa_2025ft_translation_en-PH_adaptation/tm/auto/trend/PISA_en-PH_MAT_MS2022.tmx.zip
/home/souto/Repos/pisa_2025ft_translation_en-PH_adaptation/tm/auto/trend/PISA_en-PH_CGA-MATNew_MS2022.tmx.zip
---
        <mapping local="source/05_QQA_N/" repository="source/05_QQA_N/"/>
/home/souto/Repos/pisa_2025ft_translation_en-PH_adaptation/tm/enforce/trend/PISA_en-PH_SCQ_MS2022.tmx.zip
---
        <mapping local="source/24_COSP_MAT-B_T/" repository="source/24_COSP_MAT-B_T/"/>
/home/souto/Repos/pisa_2025ft_translation_en-PH_adaptation/tm/auto/trend/PISA_en-PH_MAT_MS2022.tmx.zip
/home/souto/Repos/pisa_2025ft_translation_en-PH_adaptation/tm/auto/trend/PISA_en-PH_CGA-MATNew_MS2022.tmx.zip
---
        <mapping local="source/05_QQA_N/" repository="source/05_QQA_N/"/>
/home/souto/Repos/pisa_2025ft_translation_en-PH_adaptation/tm/enforce/trend/PISA_en-PH_SCQ_MS2022.tmx.zip
---
        <mapping local="source/25_COSP_SCI-A_N/" repository="source/25_COSP_SCI-A_N/"/>
/home/souto/Repos/pisa_2025ft_translation_en-PH_adaptation/tm/auto/ref/PISA_en-PH_SCI_FT2025.tmx.zip
---
        <mapping local="source/05_QQA_N/" repository="source/05_QQA_N/"/>
/home/souto/Repos/pisa_2025ft_translation_en-PH_adaptation/tm/enforce/trend/PISA_en-PH_SCQ_MS2022.tmx.zip
---
        <mapping local="source/26_COSP_SCI-A_T/" repository="source/26_COSP_SCI-A_T/"/>
/home/souto/Repos/pisa_2025ft_translation_en-PH_adaptation/tm/auto/ref/PISA_en-PH_SCI_FT2025.tmx.zip
---
        <mapping local="source/05_QQA_N/" repository="source/05_QQA_N/"/>
/home/souto/Repos/pisa_2025ft_translation_en-PH_adaptation/tm/enforce/trend/PISA_en-PH_SCQ_MS2022.tmx.zip
---
        <mapping local="source/27_QQSP_N/" repository="source/27_QQSP_N/"/>
---
        <mapping local="source/05_QQA_N/" repository="source/05_QQA_N/"/>
/home/souto/Repos/pisa_2025ft_translation_en-PH_adaptation/tm/enforce/trend/PISA_en-PH_SCQ_MS2022.tmx.zip
---
        <mapping local="source/28_QQAP_N/" repository="source/28_QQAP_N/"/>
---
        <mapping local="source/05_QQA_N/" repository="source/05_QQA_N/"/>
/home/souto/Repos/pisa_2025ft_translation_en-PH_adaptation/tm/enforce/trend/PISA_en-PH_SCQ_MS2022.tmx.zip
---
        <mapping local="source/29_COSP_XYZ_N/" repository="source/29_COSP_XYZ_N/"/>
/home/souto/Repos/pisa_2025ft_translation_en-PH_adaptation/tm/auto/trend/PISA_en-PH_XYZ_MS2022.tmx.zip
---
        <mapping local="source/05_QQA_N/" repository="source/05_QQA_N/"/>
/home/souto/Repos/pisa_2025ft_translation_en-PH_adaptation/tm/enforce/trend/PISA_en-PH_SCQ_MS2022.tmx.zip
---
        <mapping local="source/30_CGAP_MAT_T/" repository="source/30_CGAP_MAT_T/"/>
/home/souto/Repos/pisa_2025ft_translation_en-PH_adaptation/tm/auto/trend/PISA_en-PH_MAT_MS2022.tmx.zip
/home/souto/Repos/pisa_2025ft_translation_en-PH_adaptation/tm/auto/trend/PISA_en-PH_CGA-MATNew_MS2022.tmx.zip
---
        <mapping local="source/05_QQA_N/" repository="source/05_QQA_N/"/>
/home/souto/Repos/pisa_2025ft_translation_en-PH_adaptation/tm/enforce/trend/PISA_en-PH_SCQ_MS2022.tmx.zip
---
        <mapping local="source/31_CGAP_REA_T/" repository="source/31_CGAP_REA_T/"/>
/home/souto/Repos/pisa_2025ft_translation_en-PH_adaptation/tm/auto/trend/PISA_en-PH_REA_MS2022.tmx.zip
---
        <mapping local="source/05_QQA_N/" repository="source/05_QQA_N/"/>
/home/souto/Repos/pisa_2025ft_translation_en-PH_adaptation/tm/enforce/trend/PISA_en-PH_SCQ_MS2022.tmx.zip
---
        <mapping local="source/32_CGAP_SCI_T/" repository="source/32_CGAP_SCI_T/"/>
/home/souto/Repos/pisa_2025ft_translation_en-PH_adaptation/tm/auto/ref/PISA_en-PH_SCI_FT2025.tmx.zip
---
        <mapping local="source/05_QQA_N/" repository="source/05_QQA_N/"/>
/home/souto/Repos/pisa_2025ft_translation_en-PH_adaptation/tm/enforce/trend/PISA_en-PH_SCQ_MS2022.tmx.zip
---
        <mapping local="source/33_CGAP_SCI_N/" repository="source/33_CGAP_SCI_N/"/>
/home/souto/Repos/pisa_2025ft_translation_en-PH_adaptation/tm/auto/ref/PISA_en-PH_SCI_FT2025.tmx.zip
---
        <mapping local="source/05_QQA_N/" repository="source/05_QQA_N/"/>
/home/souto/Repos/pisa_2025ft_translation_en-PH_adaptation/tm/enforce/trend/PISA_en-PH_SCQ_MS2022.tmx.zip
---
        <mapping local="source/06_COS_LDW_N/" repository="source/06_COS_LDW_N/"/>
======
---
        <mapping local="source/07_COS_XYZ_N/" repository="source/07_COS_XYZ_N/"/>
/home/souto/Repos/pisa_2025ft_translation_en-PH_adaptation/tm/auto/trend/PISA_en-PH_XYZ_MS2022.tmx.zip
---
        <mapping local="source/06_COS_LDW_N/" repository="source/06_COS_LDW_N/"/>
---
        <mapping local="source/08_CGA_SCI_N/" repository="source/08_CGA_SCI_N/"/>
/home/souto/Repos/pisa_2025ft_translation_en-PH_adaptation/tm/auto/ref/PISA_en-PH_SCI_FT2025.tmx.zip
---
        <mapping local="source/06_COS_LDW_N/" repository="source/06_COS_LDW_N/"/>
---
        <mapping local="source/11_COS_MAT-A_T/" repository="source/11_COS_MAT-A_T/"/>
/home/souto/Repos/pisa_2025ft_translation_en-PH_adaptation/tm/auto/trend/PISA_en-PH_MAT_MS2022.tmx.zip
/home/souto/Repos/pisa_2025ft_translation_en-PH_adaptation/tm/auto/trend/PISA_en-PH_CGA-MATNew_MS2022.tmx.zip
---
        <mapping local="source/06_COS_LDW_N/" repository="source/06_COS_LDW_N/"/>
---
        <mapping local="source/12_COS_MAT-B_T/" repository="source/12_COS_MAT-B_T/"/>
/home/souto/Repos/pisa_2025ft_translation_en-PH_adaptation/tm/auto/trend/PISA_en-PH_MAT_MS2022.tmx.zip
/home/souto/Repos/pisa_2025ft_translation_en-PH_adaptation/tm/auto/trend/PISA_en-PH_CGA-MATNew_MS2022.tmx.zip
---
        <mapping local="source/06_COS_LDW_N/" repository="source/06_COS_LDW_N/"/>
---
        <mapping local="source/13_COS_REA-A_T/" repository="source/13_COS_REA-A_T/"/>
/home/souto/Repos/pisa_2025ft_translation_en-PH_adaptation/tm/auto/trend/PISA_en-PH_REA_MS2022.tmx.zip
---
        <mapping local="source/06_COS_LDW_N/" repository="source/06_COS_LDW_N/"/>
---
        <mapping local="source/14_COS_REA-B_T/" repository="source/14_COS_REA-B_T/"/>
/home/souto/Repos/pisa_2025ft_translation_en-PH_adaptation/tm/auto/trend/PISA_en-PH_REA_MS2022.tmx.zip
---
        <mapping local="source/06_COS_LDW_N/" repository="source/06_COS_LDW_N/"/>
---
        <mapping local="source/15_COS_SCI-A_T/" repository="source/15_COS_SCI-A_T/"/>
/home/souto/Repos/pisa_2025ft_translation_en-PH_adaptation/tm/auto/ref/PISA_en-PH_SCI_FT2025.tmx.zip
---
        <mapping local="source/06_COS_LDW_N/" repository="source/06_COS_LDW_N/"/>
---
        <mapping local="source/16_COS_SCI-B_T/" repository="source/16_COS_SCI-B_T/"/>
/home/souto/Repos/pisa_2025ft_translation_en-PH_adaptation/tm/auto/ref/PISA_en-PH_SCI_FT2025.tmx.zip
---
        <mapping local="source/06_COS_LDW_N/" repository="source/06_COS_LDW_N/"/>
---
        <mapping local="source/17_CGA_SCI_T/" repository="source/17_CGA_SCI_T/"/>
/home/souto/Repos/pisa_2025ft_translation_en-PH_adaptation/tm/auto/ref/PISA_en-PH_SCI_FT2025.tmx.zip
---
        <mapping local="source/06_COS_LDW_N/" repository="source/06_COS_LDW_N/"/>
---
        <mapping local="source/18_CGA_MAT_T/" repository="source/18_CGA_MAT_T/"/>
/home/souto/Repos/pisa_2025ft_translation_en-PH_adaptation/tm/auto/trend/PISA_en-PH_MAT_MS2022.tmx.zip
/home/souto/Repos/pisa_2025ft_translation_en-PH_adaptation/tm/auto/trend/PISA_en-PH_CGA-MATNew_MS2022.tmx.zip
---
        <mapping local="source/06_COS_LDW_N/" repository="source/06_COS_LDW_N/"/>
---
        <mapping local="source/19_CGA_REA_T/" repository="source/19_CGA_REA_T/"/>
/home/souto/Repos/pisa_2025ft_translation_en-PH_adaptation/tm/auto/trend/PISA_en-PH_REA_MS2022.tmx.zip
---
        <mapping local="source/06_COS_LDW_N/" repository="source/06_COS_LDW_N/"/>
---
        <mapping local="source/21_COSP_REA-A_T/" repository="source/21_COSP_REA-A_T/"/>
/home/souto/Repos/pisa_2025ft_translation_en-PH_adaptation/tm/auto/trend/PISA_en-PH_REA_MS2022.tmx.zip
---
        <mapping local="source/06_COS_LDW_N/" repository="source/06_COS_LDW_N/"/>
---
        <mapping local="source/22_COSP_REA-B_T/" repository="source/22_COSP_REA-B_T/"/>
/home/souto/Repos/pisa_2025ft_translation_en-PH_adaptation/tm/auto/trend/PISA_en-PH_REA_MS2022.tmx.zip
---
        <mapping local="source/06_COS_LDW_N/" repository="source/06_COS_LDW_N/"/>
---
        <mapping local="source/23_COSP_MAT-A_T/" repository="source/23_COSP_MAT-A_T/"/>
/home/souto/Repos/pisa_2025ft_translation_en-PH_adaptation/tm/auto/trend/PISA_en-PH_MAT_MS2022.tmx.zip
/home/souto/Repos/pisa_2025ft_translation_en-PH_adaptation/tm/auto/trend/PISA_en-PH_CGA-MATNew_MS2022.tmx.zip
---
        <mapping local="source/06_COS_LDW_N/" repository="source/06_COS_LDW_N/"/>
---
        <mapping local="source/24_COSP_MAT-B_T/" repository="source/24_COSP_MAT-B_T/"/>
/home/souto/Repos/pisa_2025ft_translation_en-PH_adaptation/tm/auto/trend/PISA_en-PH_MAT_MS2022.tmx.zip
/home/souto/Repos/pisa_2025ft_translation_en-PH_adaptation/tm/auto/trend/PISA_en-PH_CGA-MATNew_MS2022.tmx.zip
---
        <mapping local="source/06_COS_LDW_N/" repository="source/06_COS_LDW_N/"/>
---
        <mapping local="source/25_COSP_SCI-A_N/" repository="source/25_COSP_SCI-A_N/"/>
/home/souto/Repos/pisa_2025ft_translation_en-PH_adaptation/tm/auto/ref/PISA_en-PH_SCI_FT2025.tmx.zip
---
        <mapping local="source/06_COS_LDW_N/" repository="source/06_COS_LDW_N/"/>
---
        <mapping local="source/26_COSP_SCI-A_T/" repository="source/26_COSP_SCI-A_T/"/>
/home/souto/Repos/pisa_2025ft_translation_en-PH_adaptation/tm/auto/ref/PISA_en-PH_SCI_FT2025.tmx.zip
---
        <mapping local="source/06_COS_LDW_N/" repository="source/06_COS_LDW_N/"/>
---
        <mapping local="source/27_QQSP_N/" repository="source/27_QQSP_N/"/>
---
        <mapping local="source/06_COS_LDW_N/" repository="source/06_COS_LDW_N/"/>
---
        <mapping local="source/28_QQAP_N/" repository="source/28_QQAP_N/"/>
---
        <mapping local="source/06_COS_LDW_N/" repository="source/06_COS_LDW_N/"/>
---
        <mapping local="source/29_COSP_XYZ_N/" repository="source/29_COSP_XYZ_N/"/>
/home/souto/Repos/pisa_2025ft_translation_en-PH_adaptation/tm/auto/trend/PISA_en-PH_XYZ_MS2022.tmx.zip
---
        <mapping local="source/06_COS_LDW_N/" repository="source/06_COS_LDW_N/"/>
---
        <mapping local="source/30_CGAP_MAT_T/" repository="source/30_CGAP_MAT_T/"/>
/home/souto/Repos/pisa_2025ft_translation_en-PH_adaptation/tm/auto/trend/PISA_en-PH_MAT_MS2022.tmx.zip
/home/souto/Repos/pisa_2025ft_translation_en-PH_adaptation/tm/auto/trend/PISA_en-PH_CGA-MATNew_MS2022.tmx.zip
---
        <mapping local="source/06_COS_LDW_N/" repository="source/06_COS_LDW_N/"/>
---
        <mapping local="source/31_CGAP_REA_T/" repository="source/31_CGAP_REA_T/"/>
/home/souto/Repos/pisa_2025ft_translation_en-PH_adaptation/tm/auto/trend/PISA_en-PH_REA_MS2022.tmx.zip
---
        <mapping local="source/06_COS_LDW_N/" repository="source/06_COS_LDW_N/"/>
---
        <mapping local="source/32_CGAP_SCI_T/" repository="source/32_CGAP_SCI_T/"/>
/home/souto/Repos/pisa_2025ft_translation_en-PH_adaptation/tm/auto/ref/PISA_en-PH_SCI_FT2025.tmx.zip
---
        <mapping local="source/06_COS_LDW_N/" repository="source/06_COS_LDW_N/"/>
---
        <mapping local="source/33_CGAP_SCI_N/" repository="source/33_CGAP_SCI_N/"/>
/home/souto/Repos/pisa_2025ft_translation_en-PH_adaptation/tm/auto/ref/PISA_en-PH_SCI_FT2025.tmx.zip
---
        <mapping local="source/06_COS_LDW_N/" repository="source/06_COS_LDW_N/"/>
---
        <mapping local="source/07_COS_XYZ_N/" repository="source/07_COS_XYZ_N/"/>
/home/souto/Repos/pisa_2025ft_translation_en-PH_adaptation/tm/auto/trend/PISA_en-PH_XYZ_MS2022.tmx.zip
======
---
        <mapping local="source/08_CGA_SCI_N/" repository="source/08_CGA_SCI_N/"/>
/home/souto/Repos/pisa_2025ft_translation_en-PH_adaptation/tm/auto/ref/PISA_en-PH_SCI_FT2025.tmx.zip
---
        <mapping local="source/07_COS_XYZ_N/" repository="source/07_COS_XYZ_N/"/>
/home/souto/Repos/pisa_2025ft_translation_en-PH_adaptation/tm/auto/trend/PISA_en-PH_XYZ_MS2022.tmx.zip
---
        <mapping local="source/11_COS_MAT-A_T/" repository="source/11_COS_MAT-A_T/"/>
/home/souto/Repos/pisa_2025ft_translation_en-PH_adaptation/tm/auto/trend/PISA_en-PH_MAT_MS2022.tmx.zip
/home/souto/Repos/pisa_2025ft_translation_en-PH_adaptation/tm/auto/trend/PISA_en-PH_CGA-MATNew_MS2022.tmx.zip
---
        <mapping local="source/07_COS_XYZ_N/" repository="source/07_COS_XYZ_N/"/>
/home/souto/Repos/pisa_2025ft_translation_en-PH_adaptation/tm/auto/trend/PISA_en-PH_XYZ_MS2022.tmx.zip
---
        <mapping local="source/12_COS_MAT-B_T/" repository="source/12_COS_MAT-B_T/"/>
/home/souto/Repos/pisa_2025ft_translation_en-PH_adaptation/tm/auto/trend/PISA_en-PH_MAT_MS2022.tmx.zip
/home/souto/Repos/pisa_2025ft_translation_en-PH_adaptation/tm/auto/trend/PISA_en-PH_CGA-MATNew_MS2022.tmx.zip
---
        <mapping local="source/07_COS_XYZ_N/" repository="source/07_COS_XYZ_N/"/>
/home/souto/Repos/pisa_2025ft_translation_en-PH_adaptation/tm/auto/trend/PISA_en-PH_XYZ_MS2022.tmx.zip
---
        <mapping local="source/13_COS_REA-A_T/" repository="source/13_COS_REA-A_T/"/>
/home/souto/Repos/pisa_2025ft_translation_en-PH_adaptation/tm/auto/trend/PISA_en-PH_REA_MS2022.tmx.zip
---
        <mapping local="source/07_COS_XYZ_N/" repository="source/07_COS_XYZ_N/"/>
/home/souto/Repos/pisa_2025ft_translation_en-PH_adaptation/tm/auto/trend/PISA_en-PH_XYZ_MS2022.tmx.zip
---
        <mapping local="source/14_COS_REA-B_T/" repository="source/14_COS_REA-B_T/"/>
/home/souto/Repos/pisa_2025ft_translation_en-PH_adaptation/tm/auto/trend/PISA_en-PH_REA_MS2022.tmx.zip
---
        <mapping local="source/07_COS_XYZ_N/" repository="source/07_COS_XYZ_N/"/>
/home/souto/Repos/pisa_2025ft_translation_en-PH_adaptation/tm/auto/trend/PISA_en-PH_XYZ_MS2022.tmx.zip
---
        <mapping local="source/15_COS_SCI-A_T/" repository="source/15_COS_SCI-A_T/"/>
/home/souto/Repos/pisa_2025ft_translation_en-PH_adaptation/tm/auto/ref/PISA_en-PH_SCI_FT2025.tmx.zip
---
        <mapping local="source/07_COS_XYZ_N/" repository="source/07_COS_XYZ_N/"/>
/home/souto/Repos/pisa_2025ft_translation_en-PH_adaptation/tm/auto/trend/PISA_en-PH_XYZ_MS2022.tmx.zip
---
        <mapping local="source/16_COS_SCI-B_T/" repository="source/16_COS_SCI-B_T/"/>
/home/souto/Repos/pisa_2025ft_translation_en-PH_adaptation/tm/auto/ref/PISA_en-PH_SCI_FT2025.tmx.zip
---
        <mapping local="source/07_COS_XYZ_N/" repository="source/07_COS_XYZ_N/"/>
/home/souto/Repos/pisa_2025ft_translation_en-PH_adaptation/tm/auto/trend/PISA_en-PH_XYZ_MS2022.tmx.zip
---
        <mapping local="source/17_CGA_SCI_T/" repository="source/17_CGA_SCI_T/"/>
/home/souto/Repos/pisa_2025ft_translation_en-PH_adaptation/tm/auto/ref/PISA_en-PH_SCI_FT2025.tmx.zip
---
        <mapping local="source/07_COS_XYZ_N/" repository="source/07_COS_XYZ_N/"/>
/home/souto/Repos/pisa_2025ft_translation_en-PH_adaptation/tm/auto/trend/PISA_en-PH_XYZ_MS2022.tmx.zip
---
        <mapping local="source/18_CGA_MAT_T/" repository="source/18_CGA_MAT_T/"/>
/home/souto/Repos/pisa_2025ft_translation_en-PH_adaptation/tm/auto/trend/PISA_en-PH_MAT_MS2022.tmx.zip
/home/souto/Repos/pisa_2025ft_translation_en-PH_adaptation/tm/auto/trend/PISA_en-PH_CGA-MATNew_MS2022.tmx.zip
---
        <mapping local="source/07_COS_XYZ_N/" repository="source/07_COS_XYZ_N/"/>
/home/souto/Repos/pisa_2025ft_translation_en-PH_adaptation/tm/auto/trend/PISA_en-PH_XYZ_MS2022.tmx.zip
---
        <mapping local="source/19_CGA_REA_T/" repository="source/19_CGA_REA_T/"/>
/home/souto/Repos/pisa_2025ft_translation_en-PH_adaptation/tm/auto/trend/PISA_en-PH_REA_MS2022.tmx.zip
---
        <mapping local="source/07_COS_XYZ_N/" repository="source/07_COS_XYZ_N/"/>
/home/souto/Repos/pisa_2025ft_translation_en-PH_adaptation/tm/auto/trend/PISA_en-PH_XYZ_MS2022.tmx.zip
---
        <mapping local="source/21_COSP_REA-A_T/" repository="source/21_COSP_REA-A_T/"/>
/home/souto/Repos/pisa_2025ft_translation_en-PH_adaptation/tm/auto/trend/PISA_en-PH_REA_MS2022.tmx.zip
---
        <mapping local="source/07_COS_XYZ_N/" repository="source/07_COS_XYZ_N/"/>
/home/souto/Repos/pisa_2025ft_translation_en-PH_adaptation/tm/auto/trend/PISA_en-PH_XYZ_MS2022.tmx.zip
---
        <mapping local="source/22_COSP_REA-B_T/" repository="source/22_COSP_REA-B_T/"/>
/home/souto/Repos/pisa_2025ft_translation_en-PH_adaptation/tm/auto/trend/PISA_en-PH_REA_MS2022.tmx.zip
---
        <mapping local="source/07_COS_XYZ_N/" repository="source/07_COS_XYZ_N/"/>
/home/souto/Repos/pisa_2025ft_translation_en-PH_adaptation/tm/auto/trend/PISA_en-PH_XYZ_MS2022.tmx.zip
---
        <mapping local="source/23_COSP_MAT-A_T/" repository="source/23_COSP_MAT-A_T/"/>
/home/souto/Repos/pisa_2025ft_translation_en-PH_adaptation/tm/auto/trend/PISA_en-PH_MAT_MS2022.tmx.zip
/home/souto/Repos/pisa_2025ft_translation_en-PH_adaptation/tm/auto/trend/PISA_en-PH_CGA-MATNew_MS2022.tmx.zip
---
        <mapping local="source/07_COS_XYZ_N/" repository="source/07_COS_XYZ_N/"/>
/home/souto/Repos/pisa_2025ft_translation_en-PH_adaptation/tm/auto/trend/PISA_en-PH_XYZ_MS2022.tmx.zip
---
        <mapping local="source/24_COSP_MAT-B_T/" repository="source/24_COSP_MAT-B_T/"/>
/home/souto/Repos/pisa_2025ft_translation_en-PH_adaptation/tm/auto/trend/PISA_en-PH_MAT_MS2022.tmx.zip
/home/souto/Repos/pisa_2025ft_translation_en-PH_adaptation/tm/auto/trend/PISA_en-PH_CGA-MATNew_MS2022.tmx.zip
---
        <mapping local="source/07_COS_XYZ_N/" repository="source/07_COS_XYZ_N/"/>
/home/souto/Repos/pisa_2025ft_translation_en-PH_adaptation/tm/auto/trend/PISA_en-PH_XYZ_MS2022.tmx.zip
---
        <mapping local="source/25_COSP_SCI-A_N/" repository="source/25_COSP_SCI-A_N/"/>
/home/souto/Repos/pisa_2025ft_translation_en-PH_adaptation/tm/auto/ref/PISA_en-PH_SCI_FT2025.tmx.zip
---
        <mapping local="source/07_COS_XYZ_N/" repository="source/07_COS_XYZ_N/"/>
/home/souto/Repos/pisa_2025ft_translation_en-PH_adaptation/tm/auto/trend/PISA_en-PH_XYZ_MS2022.tmx.zip
---
        <mapping local="source/26_COSP_SCI-A_T/" repository="source/26_COSP_SCI-A_T/"/>
/home/souto/Repos/pisa_2025ft_translation_en-PH_adaptation/tm/auto/ref/PISA_en-PH_SCI_FT2025.tmx.zip
---
        <mapping local="source/07_COS_XYZ_N/" repository="source/07_COS_XYZ_N/"/>
/home/souto/Repos/pisa_2025ft_translation_en-PH_adaptation/tm/auto/trend/PISA_en-PH_XYZ_MS2022.tmx.zip
---
        <mapping local="source/27_QQSP_N/" repository="source/27_QQSP_N/"/>
---
        <mapping local="source/07_COS_XYZ_N/" repository="source/07_COS_XYZ_N/"/>
/home/souto/Repos/pisa_2025ft_translation_en-PH_adaptation/tm/auto/trend/PISA_en-PH_XYZ_MS2022.tmx.zip
---
        <mapping local="source/28_QQAP_N/" repository="source/28_QQAP_N/"/>
---
        <mapping local="source/07_COS_XYZ_N/" repository="source/07_COS_XYZ_N/"/>
/home/souto/Repos/pisa_2025ft_translation_en-PH_adaptation/tm/auto/trend/PISA_en-PH_XYZ_MS2022.tmx.zip
---
        <mapping local="source/29_COSP_XYZ_N/" repository="source/29_COSP_XYZ_N/"/>
/home/souto/Repos/pisa_2025ft_translation_en-PH_adaptation/tm/auto/trend/PISA_en-PH_XYZ_MS2022.tmx.zip
---
        <mapping local="source/07_COS_XYZ_N/" repository="source/07_COS_XYZ_N/"/>
/home/souto/Repos/pisa_2025ft_translation_en-PH_adaptation/tm/auto/trend/PISA_en-PH_XYZ_MS2022.tmx.zip
---
        <mapping local="source/30_CGAP_MAT_T/" repository="source/30_CGAP_MAT_T/"/>
/home/souto/Repos/pisa_2025ft_translation_en-PH_adaptation/tm/auto/trend/PISA_en-PH_MAT_MS2022.tmx.zip
/home/souto/Repos/pisa_2025ft_translation_en-PH_adaptation/tm/auto/trend/PISA_en-PH_CGA-MATNew_MS2022.tmx.zip
---
        <mapping local="source/07_COS_XYZ_N/" repository="source/07_COS_XYZ_N/"/>
/home/souto/Repos/pisa_2025ft_translation_en-PH_adaptation/tm/auto/trend/PISA_en-PH_XYZ_MS2022.tmx.zip
---
        <mapping local="source/31_CGAP_REA_T/" repository="source/31_CGAP_REA_T/"/>
/home/souto/Repos/pisa_2025ft_translation_en-PH_adaptation/tm/auto/trend/PISA_en-PH_REA_MS2022.tmx.zip
---
        <mapping local="source/07_COS_XYZ_N/" repository="source/07_COS_XYZ_N/"/>
/home/souto/Repos/pisa_2025ft_translation_en-PH_adaptation/tm/auto/trend/PISA_en-PH_XYZ_MS2022.tmx.zip
---
        <mapping local="source/32_CGAP_SCI_T/" repository="source/32_CGAP_SCI_T/"/>
/home/souto/Repos/pisa_2025ft_translation_en-PH_adaptation/tm/auto/ref/PISA_en-PH_SCI_FT2025.tmx.zip
---
        <mapping local="source/07_COS_XYZ_N/" repository="source/07_COS_XYZ_N/"/>
/home/souto/Repos/pisa_2025ft_translation_en-PH_adaptation/tm/auto/trend/PISA_en-PH_XYZ_MS2022.tmx.zip
---
        <mapping local="source/33_CGAP_SCI_N/" repository="source/33_CGAP_SCI_N/"/>
/home/souto/Repos/pisa_2025ft_translation_en-PH_adaptation/tm/auto/ref/PISA_en-PH_SCI_FT2025.tmx.zip
---
        <mapping local="source/07_COS_XYZ_N/" repository="source/07_COS_XYZ_N/"/>
/home/souto/Repos/pisa_2025ft_translation_en-PH_adaptation/tm/auto/trend/PISA_en-PH_XYZ_MS2022.tmx.zip
---
        <mapping local="source/08_CGA_SCI_N/" repository="source/08_CGA_SCI_N/"/>
/home/souto/Repos/pisa_2025ft_translation_en-PH_adaptation/tm/auto/ref/PISA_en-PH_SCI_FT2025.tmx.zip
======
---
        <mapping local="source/11_COS_MAT-A_T/" repository="source/11_COS_MAT-A_T/"/>
/home/souto/Repos/pisa_2025ft_translation_en-PH_adaptation/tm/auto/trend/PISA_en-PH_MAT_MS2022.tmx.zip
/home/souto/Repos/pisa_2025ft_translation_en-PH_adaptation/tm/auto/trend/PISA_en-PH_CGA-MATNew_MS2022.tmx.zip
---
        <mapping local="source/08_CGA_SCI_N/" repository="source/08_CGA_SCI_N/"/>
/home/souto/Repos/pisa_2025ft_translation_en-PH_adaptation/tm/auto/ref/PISA_en-PH_SCI_FT2025.tmx.zip
---
        <mapping local="source/12_COS_MAT-B_T/" repository="source/12_COS_MAT-B_T/"/>
/home/souto/Repos/pisa_2025ft_translation_en-PH_adaptation/tm/auto/trend/PISA_en-PH_MAT_MS2022.tmx.zip
/home/souto/Repos/pisa_2025ft_translation_en-PH_adaptation/tm/auto/trend/PISA_en-PH_CGA-MATNew_MS2022.tmx.zip
---
        <mapping local="source/08_CGA_SCI_N/" repository="source/08_CGA_SCI_N/"/>
/home/souto/Repos/pisa_2025ft_translation_en-PH_adaptation/tm/auto/ref/PISA_en-PH_SCI_FT2025.tmx.zip
---
        <mapping local="source/13_COS_REA-A_T/" repository="source/13_COS_REA-A_T/"/>
/home/souto/Repos/pisa_2025ft_translation_en-PH_adaptation/tm/auto/trend/PISA_en-PH_REA_MS2022.tmx.zip
---
        <mapping local="source/08_CGA_SCI_N/" repository="source/08_CGA_SCI_N/"/>
/home/souto/Repos/pisa_2025ft_translation_en-PH_adaptation/tm/auto/ref/PISA_en-PH_SCI_FT2025.tmx.zip
---
        <mapping local="source/14_COS_REA-B_T/" repository="source/14_COS_REA-B_T/"/>
/home/souto/Repos/pisa_2025ft_translation_en-PH_adaptation/tm/auto/trend/PISA_en-PH_REA_MS2022.tmx.zip
---
        <mapping local="source/08_CGA_SCI_N/" repository="source/08_CGA_SCI_N/"/>
/home/souto/Repos/pisa_2025ft_translation_en-PH_adaptation/tm/auto/ref/PISA_en-PH_SCI_FT2025.tmx.zip
---
        <mapping local="source/15_COS_SCI-A_T/" repository="source/15_COS_SCI-A_T/"/>
/home/souto/Repos/pisa_2025ft_translation_en-PH_adaptation/tm/auto/ref/PISA_en-PH_SCI_FT2025.tmx.zip
---
        <mapping local="source/08_CGA_SCI_N/" repository="source/08_CGA_SCI_N/"/>
/home/souto/Repos/pisa_2025ft_translation_en-PH_adaptation/tm/auto/ref/PISA_en-PH_SCI_FT2025.tmx.zip
---
        <mapping local="source/16_COS_SCI-B_T/" repository="source/16_COS_SCI-B_T/"/>
/home/souto/Repos/pisa_2025ft_translation_en-PH_adaptation/tm/auto/ref/PISA_en-PH_SCI_FT2025.tmx.zip
---
        <mapping local="source/08_CGA_SCI_N/" repository="source/08_CGA_SCI_N/"/>
/home/souto/Repos/pisa_2025ft_translation_en-PH_adaptation/tm/auto/ref/PISA_en-PH_SCI_FT2025.tmx.zip
---
        <mapping local="source/17_CGA_SCI_T/" repository="source/17_CGA_SCI_T/"/>
/home/souto/Repos/pisa_2025ft_translation_en-PH_adaptation/tm/auto/ref/PISA_en-PH_SCI_FT2025.tmx.zip
---
        <mapping local="source/08_CGA_SCI_N/" repository="source/08_CGA_SCI_N/"/>
/home/souto/Repos/pisa_2025ft_translation_en-PH_adaptation/tm/auto/ref/PISA_en-PH_SCI_FT2025.tmx.zip
---
        <mapping local="source/18_CGA_MAT_T/" repository="source/18_CGA_MAT_T/"/>
/home/souto/Repos/pisa_2025ft_translation_en-PH_adaptation/tm/auto/trend/PISA_en-PH_MAT_MS2022.tmx.zip
/home/souto/Repos/pisa_2025ft_translation_en-PH_adaptation/tm/auto/trend/PISA_en-PH_CGA-MATNew_MS2022.tmx.zip
---
        <mapping local="source/08_CGA_SCI_N/" repository="source/08_CGA_SCI_N/"/>
/home/souto/Repos/pisa_2025ft_translation_en-PH_adaptation/tm/auto/ref/PISA_en-PH_SCI_FT2025.tmx.zip
---
        <mapping local="source/19_CGA_REA_T/" repository="source/19_CGA_REA_T/"/>
/home/souto/Repos/pisa_2025ft_translation_en-PH_adaptation/tm/auto/trend/PISA_en-PH_REA_MS2022.tmx.zip
---
        <mapping local="source/08_CGA_SCI_N/" repository="source/08_CGA_SCI_N/"/>
/home/souto/Repos/pisa_2025ft_translation_en-PH_adaptation/tm/auto/ref/PISA_en-PH_SCI_FT2025.tmx.zip
---
        <mapping local="source/21_COSP_REA-A_T/" repository="source/21_COSP_REA-A_T/"/>
/home/souto/Repos/pisa_2025ft_translation_en-PH_adaptation/tm/auto/trend/PISA_en-PH_REA_MS2022.tmx.zip
---
        <mapping local="source/08_CGA_SCI_N/" repository="source/08_CGA_SCI_N/"/>
/home/souto/Repos/pisa_2025ft_translation_en-PH_adaptation/tm/auto/ref/PISA_en-PH_SCI_FT2025.tmx.zip
---
        <mapping local="source/22_COSP_REA-B_T/" repository="source/22_COSP_REA-B_T/"/>
/home/souto/Repos/pisa_2025ft_translation_en-PH_adaptation/tm/auto/trend/PISA_en-PH_REA_MS2022.tmx.zip
---
        <mapping local="source/08_CGA_SCI_N/" repository="source/08_CGA_SCI_N/"/>
/home/souto/Repos/pisa_2025ft_translation_en-PH_adaptation/tm/auto/ref/PISA_en-PH_SCI_FT2025.tmx.zip
---
        <mapping local="source/23_COSP_MAT-A_T/" repository="source/23_COSP_MAT-A_T/"/>
/home/souto/Repos/pisa_2025ft_translation_en-PH_adaptation/tm/auto/trend/PISA_en-PH_MAT_MS2022.tmx.zip
/home/souto/Repos/pisa_2025ft_translation_en-PH_adaptation/tm/auto/trend/PISA_en-PH_CGA-MATNew_MS2022.tmx.zip
---
        <mapping local="source/08_CGA_SCI_N/" repository="source/08_CGA_SCI_N/"/>
/home/souto/Repos/pisa_2025ft_translation_en-PH_adaptation/tm/auto/ref/PISA_en-PH_SCI_FT2025.tmx.zip
---
        <mapping local="source/24_COSP_MAT-B_T/" repository="source/24_COSP_MAT-B_T/"/>
/home/souto/Repos/pisa_2025ft_translation_en-PH_adaptation/tm/auto/trend/PISA_en-PH_MAT_MS2022.tmx.zip
/home/souto/Repos/pisa_2025ft_translation_en-PH_adaptation/tm/auto/trend/PISA_en-PH_CGA-MATNew_MS2022.tmx.zip
---
        <mapping local="source/08_CGA_SCI_N/" repository="source/08_CGA_SCI_N/"/>
/home/souto/Repos/pisa_2025ft_translation_en-PH_adaptation/tm/auto/ref/PISA_en-PH_SCI_FT2025.tmx.zip
---
        <mapping local="source/25_COSP_SCI-A_N/" repository="source/25_COSP_SCI-A_N/"/>
/home/souto/Repos/pisa_2025ft_translation_en-PH_adaptation/tm/auto/ref/PISA_en-PH_SCI_FT2025.tmx.zip
---
        <mapping local="source/08_CGA_SCI_N/" repository="source/08_CGA_SCI_N/"/>
/home/souto/Repos/pisa_2025ft_translation_en-PH_adaptation/tm/auto/ref/PISA_en-PH_SCI_FT2025.tmx.zip
---
        <mapping local="source/26_COSP_SCI-A_T/" repository="source/26_COSP_SCI-A_T/"/>
/home/souto/Repos/pisa_2025ft_translation_en-PH_adaptation/tm/auto/ref/PISA_en-PH_SCI_FT2025.tmx.zip
---
        <mapping local="source/08_CGA_SCI_N/" repository="source/08_CGA_SCI_N/"/>
/home/souto/Repos/pisa_2025ft_translation_en-PH_adaptation/tm/auto/ref/PISA_en-PH_SCI_FT2025.tmx.zip
---
        <mapping local="source/27_QQSP_N/" repository="source/27_QQSP_N/"/>
---
        <mapping local="source/08_CGA_SCI_N/" repository="source/08_CGA_SCI_N/"/>
/home/souto/Repos/pisa_2025ft_translation_en-PH_adaptation/tm/auto/ref/PISA_en-PH_SCI_FT2025.tmx.zip
---
        <mapping local="source/28_QQAP_N/" repository="source/28_QQAP_N/"/>
---
        <mapping local="source/08_CGA_SCI_N/" repository="source/08_CGA_SCI_N/"/>
/home/souto/Repos/pisa_2025ft_translation_en-PH_adaptation/tm/auto/ref/PISA_en-PH_SCI_FT2025.tmx.zip
---
        <mapping local="source/29_COSP_XYZ_N/" repository="source/29_COSP_XYZ_N/"/>
/home/souto/Repos/pisa_2025ft_translation_en-PH_adaptation/tm/auto/trend/PISA_en-PH_XYZ_MS2022.tmx.zip
---
        <mapping local="source/08_CGA_SCI_N/" repository="source/08_CGA_SCI_N/"/>
/home/souto/Repos/pisa_2025ft_translation_en-PH_adaptation/tm/auto/ref/PISA_en-PH_SCI_FT2025.tmx.zip
---
        <mapping local="source/30_CGAP_MAT_T/" repository="source/30_CGAP_MAT_T/"/>
/home/souto/Repos/pisa_2025ft_translation_en-PH_adaptation/tm/auto/trend/PISA_en-PH_MAT_MS2022.tmx.zip
/home/souto/Repos/pisa_2025ft_translation_en-PH_adaptation/tm/auto/trend/PISA_en-PH_CGA-MATNew_MS2022.tmx.zip
---
        <mapping local="source/08_CGA_SCI_N/" repository="source/08_CGA_SCI_N/"/>
/home/souto/Repos/pisa_2025ft_translation_en-PH_adaptation/tm/auto/ref/PISA_en-PH_SCI_FT2025.tmx.zip
---
        <mapping local="source/31_CGAP_REA_T/" repository="source/31_CGAP_REA_T/"/>
/home/souto/Repos/pisa_2025ft_translation_en-PH_adaptation/tm/auto/trend/PISA_en-PH_REA_MS2022.tmx.zip
---
        <mapping local="source/08_CGA_SCI_N/" repository="source/08_CGA_SCI_N/"/>
/home/souto/Repos/pisa_2025ft_translation_en-PH_adaptation/tm/auto/ref/PISA_en-PH_SCI_FT2025.tmx.zip
---
        <mapping local="source/32_CGAP_SCI_T/" repository="source/32_CGAP_SCI_T/"/>
/home/souto/Repos/pisa_2025ft_translation_en-PH_adaptation/tm/auto/ref/PISA_en-PH_SCI_FT2025.tmx.zip
---
        <mapping local="source/08_CGA_SCI_N/" repository="source/08_CGA_SCI_N/"/>
/home/souto/Repos/pisa_2025ft_translation_en-PH_adaptation/tm/auto/ref/PISA_en-PH_SCI_FT2025.tmx.zip
---
        <mapping local="source/33_CGAP_SCI_N/" repository="source/33_CGAP_SCI_N/"/>
/home/souto/Repos/pisa_2025ft_translation_en-PH_adaptation/tm/auto/ref/PISA_en-PH_SCI_FT2025.tmx.zip
---
        <mapping local="source/08_CGA_SCI_N/" repository="source/08_CGA_SCI_N/"/>
/home/souto/Repos/pisa_2025ft_translation_en-PH_adaptation/tm/auto/ref/PISA_en-PH_SCI_FT2025.tmx.zip
---
        <mapping local="source/11_COS_MAT-A_T/" repository="source/11_COS_MAT-A_T/"/>
/home/souto/Repos/pisa_2025ft_translation_en-PH_adaptation/tm/auto/trend/PISA_en-PH_MAT_MS2022.tmx.zip
/home/souto/Repos/pisa_2025ft_translation_en-PH_adaptation/tm/auto/trend/PISA_en-PH_CGA-MATNew_MS2022.tmx.zip
======
---
        <mapping local="source/12_COS_MAT-B_T/" repository="source/12_COS_MAT-B_T/"/>
/home/souto/Repos/pisa_2025ft_translation_en-PH_adaptation/tm/auto/trend/PISA_en-PH_MAT_MS2022.tmx.zip
/home/souto/Repos/pisa_2025ft_translation_en-PH_adaptation/tm/auto/trend/PISA_en-PH_CGA-MATNew_MS2022.tmx.zip
---
        <mapping local="source/11_COS_MAT-A_T/" repository="source/11_COS_MAT-A_T/"/>
/home/souto/Repos/pisa_2025ft_translation_en-PH_adaptation/tm/auto/trend/PISA_en-PH_MAT_MS2022.tmx.zip
/home/souto/Repos/pisa_2025ft_translation_en-PH_adaptation/tm/auto/trend/PISA_en-PH_CGA-MATNew_MS2022.tmx.zip
---
        <mapping local="source/13_COS_REA-A_T/" repository="source/13_COS_REA-A_T/"/>
/home/souto/Repos/pisa_2025ft_translation_en-PH_adaptation/tm/auto/trend/PISA_en-PH_REA_MS2022.tmx.zip
---
        <mapping local="source/11_COS_MAT-A_T/" repository="source/11_COS_MAT-A_T/"/>
/home/souto/Repos/pisa_2025ft_translation_en-PH_adaptation/tm/auto/trend/PISA_en-PH_MAT_MS2022.tmx.zip
/home/souto/Repos/pisa_2025ft_translation_en-PH_adaptation/tm/auto/trend/PISA_en-PH_CGA-MATNew_MS2022.tmx.zip
---
        <mapping local="source/14_COS_REA-B_T/" repository="source/14_COS_REA-B_T/"/>
/home/souto/Repos/pisa_2025ft_translation_en-PH_adaptation/tm/auto/trend/PISA_en-PH_REA_MS2022.tmx.zip
---
        <mapping local="source/11_COS_MAT-A_T/" repository="source/11_COS_MAT-A_T/"/>
/home/souto/Repos/pisa_2025ft_translation_en-PH_adaptation/tm/auto/trend/PISA_en-PH_MAT_MS2022.tmx.zip
/home/souto/Repos/pisa_2025ft_translation_en-PH_adaptation/tm/auto/trend/PISA_en-PH_CGA-MATNew_MS2022.tmx.zip
---
        <mapping local="source/15_COS_SCI-A_T/" repository="source/15_COS_SCI-A_T/"/>
/home/souto/Repos/pisa_2025ft_translation_en-PH_adaptation/tm/auto/ref/PISA_en-PH_SCI_FT2025.tmx.zip
---
        <mapping local="source/11_COS_MAT-A_T/" repository="source/11_COS_MAT-A_T/"/>
/home/souto/Repos/pisa_2025ft_translation_en-PH_adaptation/tm/auto/trend/PISA_en-PH_MAT_MS2022.tmx.zip
/home/souto/Repos/pisa_2025ft_translation_en-PH_adaptation/tm/auto/trend/PISA_en-PH_CGA-MATNew_MS2022.tmx.zip
---
        <mapping local="source/16_COS_SCI-B_T/" repository="source/16_COS_SCI-B_T/"/>
/home/souto/Repos/pisa_2025ft_translation_en-PH_adaptation/tm/auto/ref/PISA_en-PH_SCI_FT2025.tmx.zip
---
        <mapping local="source/11_COS_MAT-A_T/" repository="source/11_COS_MAT-A_T/"/>
/home/souto/Repos/pisa_2025ft_translation_en-PH_adaptation/tm/auto/trend/PISA_en-PH_MAT_MS2022.tmx.zip
/home/souto/Repos/pisa_2025ft_translation_en-PH_adaptation/tm/auto/trend/PISA_en-PH_CGA-MATNew_MS2022.tmx.zip
---
        <mapping local="source/17_CGA_SCI_T/" repository="source/17_CGA_SCI_T/"/>
/home/souto/Repos/pisa_2025ft_translation_en-PH_adaptation/tm/auto/ref/PISA_en-PH_SCI_FT2025.tmx.zip
---
        <mapping local="source/11_COS_MAT-A_T/" repository="source/11_COS_MAT-A_T/"/>
/home/souto/Repos/pisa_2025ft_translation_en-PH_adaptation/tm/auto/trend/PISA_en-PH_MAT_MS2022.tmx.zip
/home/souto/Repos/pisa_2025ft_translation_en-PH_adaptation/tm/auto/trend/PISA_en-PH_CGA-MATNew_MS2022.tmx.zip
---
        <mapping local="source/18_CGA_MAT_T/" repository="source/18_CGA_MAT_T/"/>
/home/souto/Repos/pisa_2025ft_translation_en-PH_adaptation/tm/auto/trend/PISA_en-PH_MAT_MS2022.tmx.zip
/home/souto/Repos/pisa_2025ft_translation_en-PH_adaptation/tm/auto/trend/PISA_en-PH_CGA-MATNew_MS2022.tmx.zip
---
        <mapping local="source/11_COS_MAT-A_T/" repository="source/11_COS_MAT-A_T/"/>
/home/souto/Repos/pisa_2025ft_translation_en-PH_adaptation/tm/auto/trend/PISA_en-PH_MAT_MS2022.tmx.zip
/home/souto/Repos/pisa_2025ft_translation_en-PH_adaptation/tm/auto/trend/PISA_en-PH_CGA-MATNew_MS2022.tmx.zip
---
        <mapping local="source/19_CGA_REA_T/" repository="source/19_CGA_REA_T/"/>
/home/souto/Repos/pisa_2025ft_translation_en-PH_adaptation/tm/auto/trend/PISA_en-PH_REA_MS2022.tmx.zip
---
        <mapping local="source/11_COS_MAT-A_T/" repository="source/11_COS_MAT-A_T/"/>
/home/souto/Repos/pisa_2025ft_translation_en-PH_adaptation/tm/auto/trend/PISA_en-PH_MAT_MS2022.tmx.zip
/home/souto/Repos/pisa_2025ft_translation_en-PH_adaptation/tm/auto/trend/PISA_en-PH_CGA-MATNew_MS2022.tmx.zip
---
        <mapping local="source/21_COSP_REA-A_T/" repository="source/21_COSP_REA-A_T/"/>
/home/souto/Repos/pisa_2025ft_translation_en-PH_adaptation/tm/auto/trend/PISA_en-PH_REA_MS2022.tmx.zip
---
        <mapping local="source/11_COS_MAT-A_T/" repository="source/11_COS_MAT-A_T/"/>
/home/souto/Repos/pisa_2025ft_translation_en-PH_adaptation/tm/auto/trend/PISA_en-PH_MAT_MS2022.tmx.zip
/home/souto/Repos/pisa_2025ft_translation_en-PH_adaptation/tm/auto/trend/PISA_en-PH_CGA-MATNew_MS2022.tmx.zip
---
        <mapping local="source/22_COSP_REA-B_T/" repository="source/22_COSP_REA-B_T/"/>
/home/souto/Repos/pisa_2025ft_translation_en-PH_adaptation/tm/auto/trend/PISA_en-PH_REA_MS2022.tmx.zip
---
        <mapping local="source/11_COS_MAT-A_T/" repository="source/11_COS_MAT-A_T/"/>
/home/souto/Repos/pisa_2025ft_translation_en-PH_adaptation/tm/auto/trend/PISA_en-PH_MAT_MS2022.tmx.zip
/home/souto/Repos/pisa_2025ft_translation_en-PH_adaptation/tm/auto/trend/PISA_en-PH_CGA-MATNew_MS2022.tmx.zip
---
        <mapping local="source/23_COSP_MAT-A_T/" repository="source/23_COSP_MAT-A_T/"/>
/home/souto/Repos/pisa_2025ft_translation_en-PH_adaptation/tm/auto/trend/PISA_en-PH_MAT_MS2022.tmx.zip
/home/souto/Repos/pisa_2025ft_translation_en-PH_adaptation/tm/auto/trend/PISA_en-PH_CGA-MATNew_MS2022.tmx.zip
---
        <mapping local="source/11_COS_MAT-A_T/" repository="source/11_COS_MAT-A_T/"/>
/home/souto/Repos/pisa_2025ft_translation_en-PH_adaptation/tm/auto/trend/PISA_en-PH_MAT_MS2022.tmx.zip
/home/souto/Repos/pisa_2025ft_translation_en-PH_adaptation/tm/auto/trend/PISA_en-PH_CGA-MATNew_MS2022.tmx.zip
---
        <mapping local="source/24_COSP_MAT-B_T/" repository="source/24_COSP_MAT-B_T/"/>
/home/souto/Repos/pisa_2025ft_translation_en-PH_adaptation/tm/auto/trend/PISA_en-PH_MAT_MS2022.tmx.zip
/home/souto/Repos/pisa_2025ft_translation_en-PH_adaptation/tm/auto/trend/PISA_en-PH_CGA-MATNew_MS2022.tmx.zip
---
        <mapping local="source/11_COS_MAT-A_T/" repository="source/11_COS_MAT-A_T/"/>
/home/souto/Repos/pisa_2025ft_translation_en-PH_adaptation/tm/auto/trend/PISA_en-PH_MAT_MS2022.tmx.zip
/home/souto/Repos/pisa_2025ft_translation_en-PH_adaptation/tm/auto/trend/PISA_en-PH_CGA-MATNew_MS2022.tmx.zip
---
        <mapping local="source/25_COSP_SCI-A_N/" repository="source/25_COSP_SCI-A_N/"/>
/home/souto/Repos/pisa_2025ft_translation_en-PH_adaptation/tm/auto/ref/PISA_en-PH_SCI_FT2025.tmx.zip
---
        <mapping local="source/11_COS_MAT-A_T/" repository="source/11_COS_MAT-A_T/"/>
/home/souto/Repos/pisa_2025ft_translation_en-PH_adaptation/tm/auto/trend/PISA_en-PH_MAT_MS2022.tmx.zip
/home/souto/Repos/pisa_2025ft_translation_en-PH_adaptation/tm/auto/trend/PISA_en-PH_CGA-MATNew_MS2022.tmx.zip
---
        <mapping local="source/26_COSP_SCI-A_T/" repository="source/26_COSP_SCI-A_T/"/>
/home/souto/Repos/pisa_2025ft_translation_en-PH_adaptation/tm/auto/ref/PISA_en-PH_SCI_FT2025.tmx.zip
---
        <mapping local="source/11_COS_MAT-A_T/" repository="source/11_COS_MAT-A_T/"/>
/home/souto/Repos/pisa_2025ft_translation_en-PH_adaptation/tm/auto/trend/PISA_en-PH_MAT_MS2022.tmx.zip
/home/souto/Repos/pisa_2025ft_translation_en-PH_adaptation/tm/auto/trend/PISA_en-PH_CGA-MATNew_MS2022.tmx.zip
---
        <mapping local="source/27_QQSP_N/" repository="source/27_QQSP_N/"/>
---
        <mapping local="source/11_COS_MAT-A_T/" repository="source/11_COS_MAT-A_T/"/>
/home/souto/Repos/pisa_2025ft_translation_en-PH_adaptation/tm/auto/trend/PISA_en-PH_MAT_MS2022.tmx.zip
/home/souto/Repos/pisa_2025ft_translation_en-PH_adaptation/tm/auto/trend/PISA_en-PH_CGA-MATNew_MS2022.tmx.zip
---
        <mapping local="source/28_QQAP_N/" repository="source/28_QQAP_N/"/>
---
        <mapping local="source/11_COS_MAT-A_T/" repository="source/11_COS_MAT-A_T/"/>
/home/souto/Repos/pisa_2025ft_translation_en-PH_adaptation/tm/auto/trend/PISA_en-PH_MAT_MS2022.tmx.zip
/home/souto/Repos/pisa_2025ft_translation_en-PH_adaptation/tm/auto/trend/PISA_en-PH_CGA-MATNew_MS2022.tmx.zip
---
        <mapping local="source/29_COSP_XYZ_N/" repository="source/29_COSP_XYZ_N/"/>
/home/souto/Repos/pisa_2025ft_translation_en-PH_adaptation/tm/auto/trend/PISA_en-PH_XYZ_MS2022.tmx.zip
---
        <mapping local="source/11_COS_MAT-A_T/" repository="source/11_COS_MAT-A_T/"/>
/home/souto/Repos/pisa_2025ft_translation_en-PH_adaptation/tm/auto/trend/PISA_en-PH_MAT_MS2022.tmx.zip
/home/souto/Repos/pisa_2025ft_translation_en-PH_adaptation/tm/auto/trend/PISA_en-PH_CGA-MATNew_MS2022.tmx.zip
---
        <mapping local="source/30_CGAP_MAT_T/" repository="source/30_CGAP_MAT_T/"/>
/home/souto/Repos/pisa_2025ft_translation_en-PH_adaptation/tm/auto/trend/PISA_en-PH_MAT_MS2022.tmx.zip
/home/souto/Repos/pisa_2025ft_translation_en-PH_adaptation/tm/auto/trend/PISA_en-PH_CGA-MATNew_MS2022.tmx.zip
---
        <mapping local="source/11_COS_MAT-A_T/" repository="source/11_COS_MAT-A_T/"/>
/home/souto/Repos/pisa_2025ft_translation_en-PH_adaptation/tm/auto/trend/PISA_en-PH_MAT_MS2022.tmx.zip
/home/souto/Repos/pisa_2025ft_translation_en-PH_adaptation/tm/auto/trend/PISA_en-PH_CGA-MATNew_MS2022.tmx.zip
---
        <mapping local="source/31_CGAP_REA_T/" repository="source/31_CGAP_REA_T/"/>
/home/souto/Repos/pisa_2025ft_translation_en-PH_adaptation/tm/auto/trend/PISA_en-PH_REA_MS2022.tmx.zip
---
        <mapping local="source/11_COS_MAT-A_T/" repository="source/11_COS_MAT-A_T/"/>
/home/souto/Repos/pisa_2025ft_translation_en-PH_adaptation/tm/auto/trend/PISA_en-PH_MAT_MS2022.tmx.zip
/home/souto/Repos/pisa_2025ft_translation_en-PH_adaptation/tm/auto/trend/PISA_en-PH_CGA-MATNew_MS2022.tmx.zip
---
        <mapping local="source/32_CGAP_SCI_T/" repository="source/32_CGAP_SCI_T/"/>
/home/souto/Repos/pisa_2025ft_translation_en-PH_adaptation/tm/auto/ref/PISA_en-PH_SCI_FT2025.tmx.zip
---
        <mapping local="source/11_COS_MAT-A_T/" repository="source/11_COS_MAT-A_T/"/>
/home/souto/Repos/pisa_2025ft_translation_en-PH_adaptation/tm/auto/trend/PISA_en-PH_MAT_MS2022.tmx.zip
/home/souto/Repos/pisa_2025ft_translation_en-PH_adaptation/tm/auto/trend/PISA_en-PH_CGA-MATNew_MS2022.tmx.zip
---
        <mapping local="source/33_CGAP_SCI_N/" repository="source/33_CGAP_SCI_N/"/>
/home/souto/Repos/pisa_2025ft_translation_en-PH_adaptation/tm/auto/ref/PISA_en-PH_SCI_FT2025.tmx.zip
---
        <mapping local="source/11_COS_MAT-A_T/" repository="source/11_COS_MAT-A_T/"/>
/home/souto/Repos/pisa_2025ft_translation_en-PH_adaptation/tm/auto/trend/PISA_en-PH_MAT_MS2022.tmx.zip
/home/souto/Repos/pisa_2025ft_translation_en-PH_adaptation/tm/auto/trend/PISA_en-PH_CGA-MATNew_MS2022.tmx.zip
---
        <mapping local="source/12_COS_MAT-B_T/" repository="source/12_COS_MAT-B_T/"/>
/home/souto/Repos/pisa_2025ft_translation_en-PH_adaptation/tm/auto/trend/PISA_en-PH_MAT_MS2022.tmx.zip
/home/souto/Repos/pisa_2025ft_translation_en-PH_adaptation/tm/auto/trend/PISA_en-PH_CGA-MATNew_MS2022.tmx.zip
======
---
        <mapping local="source/13_COS_REA-A_T/" repository="source/13_COS_REA-A_T/"/>
/home/souto/Repos/pisa_2025ft_translation_en-PH_adaptation/tm/auto/trend/PISA_en-PH_REA_MS2022.tmx.zip
---
        <mapping local="source/12_COS_MAT-B_T/" repository="source/12_COS_MAT-B_T/"/>
/home/souto/Repos/pisa_2025ft_translation_en-PH_adaptation/tm/auto/trend/PISA_en-PH_MAT_MS2022.tmx.zip
/home/souto/Repos/pisa_2025ft_translation_en-PH_adaptation/tm/auto/trend/PISA_en-PH_CGA-MATNew_MS2022.tmx.zip
---
        <mapping local="source/14_COS_REA-B_T/" repository="source/14_COS_REA-B_T/"/>
/home/souto/Repos/pisa_2025ft_translation_en-PH_adaptation/tm/auto/trend/PISA_en-PH_REA_MS2022.tmx.zip
---
        <mapping local="source/12_COS_MAT-B_T/" repository="source/12_COS_MAT-B_T/"/>
/home/souto/Repos/pisa_2025ft_translation_en-PH_adaptation/tm/auto/trend/PISA_en-PH_MAT_MS2022.tmx.zip
/home/souto/Repos/pisa_2025ft_translation_en-PH_adaptation/tm/auto/trend/PISA_en-PH_CGA-MATNew_MS2022.tmx.zip
---
        <mapping local="source/15_COS_SCI-A_T/" repository="source/15_COS_SCI-A_T/"/>
/home/souto/Repos/pisa_2025ft_translation_en-PH_adaptation/tm/auto/ref/PISA_en-PH_SCI_FT2025.tmx.zip
---
        <mapping local="source/12_COS_MAT-B_T/" repository="source/12_COS_MAT-B_T/"/>
/home/souto/Repos/pisa_2025ft_translation_en-PH_adaptation/tm/auto/trend/PISA_en-PH_MAT_MS2022.tmx.zip
/home/souto/Repos/pisa_2025ft_translation_en-PH_adaptation/tm/auto/trend/PISA_en-PH_CGA-MATNew_MS2022.tmx.zip
---
        <mapping local="source/16_COS_SCI-B_T/" repository="source/16_COS_SCI-B_T/"/>
/home/souto/Repos/pisa_2025ft_translation_en-PH_adaptation/tm/auto/ref/PISA_en-PH_SCI_FT2025.tmx.zip
---
        <mapping local="source/12_COS_MAT-B_T/" repository="source/12_COS_MAT-B_T/"/>
/home/souto/Repos/pisa_2025ft_translation_en-PH_adaptation/tm/auto/trend/PISA_en-PH_MAT_MS2022.tmx.zip
/home/souto/Repos/pisa_2025ft_translation_en-PH_adaptation/tm/auto/trend/PISA_en-PH_CGA-MATNew_MS2022.tmx.zip
---
        <mapping local="source/17_CGA_SCI_T/" repository="source/17_CGA_SCI_T/"/>
/home/souto/Repos/pisa_2025ft_translation_en-PH_adaptation/tm/auto/ref/PISA_en-PH_SCI_FT2025.tmx.zip
---
        <mapping local="source/12_COS_MAT-B_T/" repository="source/12_COS_MAT-B_T/"/>
/home/souto/Repos/pisa_2025ft_translation_en-PH_adaptation/tm/auto/trend/PISA_en-PH_MAT_MS2022.tmx.zip
/home/souto/Repos/pisa_2025ft_translation_en-PH_adaptation/tm/auto/trend/PISA_en-PH_CGA-MATNew_MS2022.tmx.zip
---
        <mapping local="source/18_CGA_MAT_T/" repository="source/18_CGA_MAT_T/"/>
/home/souto/Repos/pisa_2025ft_translation_en-PH_adaptation/tm/auto/trend/PISA_en-PH_MAT_MS2022.tmx.zip
/home/souto/Repos/pisa_2025ft_translation_en-PH_adaptation/tm/auto/trend/PISA_en-PH_CGA-MATNew_MS2022.tmx.zip
---
        <mapping local="source/12_COS_MAT-B_T/" repository="source/12_COS_MAT-B_T/"/>
/home/souto/Repos/pisa_2025ft_translation_en-PH_adaptation/tm/auto/trend/PISA_en-PH_MAT_MS2022.tmx.zip
/home/souto/Repos/pisa_2025ft_translation_en-PH_adaptation/tm/auto/trend/PISA_en-PH_CGA-MATNew_MS2022.tmx.zip
---
        <mapping local="source/19_CGA_REA_T/" repository="source/19_CGA_REA_T/"/>
/home/souto/Repos/pisa_2025ft_translation_en-PH_adaptation/tm/auto/trend/PISA_en-PH_REA_MS2022.tmx.zip
---
        <mapping local="source/12_COS_MAT-B_T/" repository="source/12_COS_MAT-B_T/"/>
/home/souto/Repos/pisa_2025ft_translation_en-PH_adaptation/tm/auto/trend/PISA_en-PH_MAT_MS2022.tmx.zip
/home/souto/Repos/pisa_2025ft_translation_en-PH_adaptation/tm/auto/trend/PISA_en-PH_CGA-MATNew_MS2022.tmx.zip
---
        <mapping local="source/21_COSP_REA-A_T/" repository="source/21_COSP_REA-A_T/"/>
/home/souto/Repos/pisa_2025ft_translation_en-PH_adaptation/tm/auto/trend/PISA_en-PH_REA_MS2022.tmx.zip
---
        <mapping local="source/12_COS_MAT-B_T/" repository="source/12_COS_MAT-B_T/"/>
/home/souto/Repos/pisa_2025ft_translation_en-PH_adaptation/tm/auto/trend/PISA_en-PH_MAT_MS2022.tmx.zip
/home/souto/Repos/pisa_2025ft_translation_en-PH_adaptation/tm/auto/trend/PISA_en-PH_CGA-MATNew_MS2022.tmx.zip
---
        <mapping local="source/22_COSP_REA-B_T/" repository="source/22_COSP_REA-B_T/"/>
/home/souto/Repos/pisa_2025ft_translation_en-PH_adaptation/tm/auto/trend/PISA_en-PH_REA_MS2022.tmx.zip
---
        <mapping local="source/12_COS_MAT-B_T/" repository="source/12_COS_MAT-B_T/"/>
/home/souto/Repos/pisa_2025ft_translation_en-PH_adaptation/tm/auto/trend/PISA_en-PH_MAT_MS2022.tmx.zip
/home/souto/Repos/pisa_2025ft_translation_en-PH_adaptation/tm/auto/trend/PISA_en-PH_CGA-MATNew_MS2022.tmx.zip
---
        <mapping local="source/23_COSP_MAT-A_T/" repository="source/23_COSP_MAT-A_T/"/>
/home/souto/Repos/pisa_2025ft_translation_en-PH_adaptation/tm/auto/trend/PISA_en-PH_MAT_MS2022.tmx.zip
/home/souto/Repos/pisa_2025ft_translation_en-PH_adaptation/tm/auto/trend/PISA_en-PH_CGA-MATNew_MS2022.tmx.zip
---
        <mapping local="source/12_COS_MAT-B_T/" repository="source/12_COS_MAT-B_T/"/>
/home/souto/Repos/pisa_2025ft_translation_en-PH_adaptation/tm/auto/trend/PISA_en-PH_MAT_MS2022.tmx.zip
/home/souto/Repos/pisa_2025ft_translation_en-PH_adaptation/tm/auto/trend/PISA_en-PH_CGA-MATNew_MS2022.tmx.zip
---
        <mapping local="source/24_COSP_MAT-B_T/" repository="source/24_COSP_MAT-B_T/"/>
/home/souto/Repos/pisa_2025ft_translation_en-PH_adaptation/tm/auto/trend/PISA_en-PH_MAT_MS2022.tmx.zip
/home/souto/Repos/pisa_2025ft_translation_en-PH_adaptation/tm/auto/trend/PISA_en-PH_CGA-MATNew_MS2022.tmx.zip
---
        <mapping local="source/12_COS_MAT-B_T/" repository="source/12_COS_MAT-B_T/"/>
/home/souto/Repos/pisa_2025ft_translation_en-PH_adaptation/tm/auto/trend/PISA_en-PH_MAT_MS2022.tmx.zip
/home/souto/Repos/pisa_2025ft_translation_en-PH_adaptation/tm/auto/trend/PISA_en-PH_CGA-MATNew_MS2022.tmx.zip
---
        <mapping local="source/25_COSP_SCI-A_N/" repository="source/25_COSP_SCI-A_N/"/>
/home/souto/Repos/pisa_2025ft_translation_en-PH_adaptation/tm/auto/ref/PISA_en-PH_SCI_FT2025.tmx.zip
---
        <mapping local="source/12_COS_MAT-B_T/" repository="source/12_COS_MAT-B_T/"/>
/home/souto/Repos/pisa_2025ft_translation_en-PH_adaptation/tm/auto/trend/PISA_en-PH_MAT_MS2022.tmx.zip
/home/souto/Repos/pisa_2025ft_translation_en-PH_adaptation/tm/auto/trend/PISA_en-PH_CGA-MATNew_MS2022.tmx.zip
---
        <mapping local="source/26_COSP_SCI-A_T/" repository="source/26_COSP_SCI-A_T/"/>
/home/souto/Repos/pisa_2025ft_translation_en-PH_adaptation/tm/auto/ref/PISA_en-PH_SCI_FT2025.tmx.zip
---
        <mapping local="source/12_COS_MAT-B_T/" repository="source/12_COS_MAT-B_T/"/>
/home/souto/Repos/pisa_2025ft_translation_en-PH_adaptation/tm/auto/trend/PISA_en-PH_MAT_MS2022.tmx.zip
/home/souto/Repos/pisa_2025ft_translation_en-PH_adaptation/tm/auto/trend/PISA_en-PH_CGA-MATNew_MS2022.tmx.zip
---
        <mapping local="source/27_QQSP_N/" repository="source/27_QQSP_N/"/>
---
        <mapping local="source/12_COS_MAT-B_T/" repository="source/12_COS_MAT-B_T/"/>
/home/souto/Repos/pisa_2025ft_translation_en-PH_adaptation/tm/auto/trend/PISA_en-PH_MAT_MS2022.tmx.zip
/home/souto/Repos/pisa_2025ft_translation_en-PH_adaptation/tm/auto/trend/PISA_en-PH_CGA-MATNew_MS2022.tmx.zip
---
        <mapping local="source/28_QQAP_N/" repository="source/28_QQAP_N/"/>
---
        <mapping local="source/12_COS_MAT-B_T/" repository="source/12_COS_MAT-B_T/"/>
/home/souto/Repos/pisa_2025ft_translation_en-PH_adaptation/tm/auto/trend/PISA_en-PH_MAT_MS2022.tmx.zip
/home/souto/Repos/pisa_2025ft_translation_en-PH_adaptation/tm/auto/trend/PISA_en-PH_CGA-MATNew_MS2022.tmx.zip
---
        <mapping local="source/29_COSP_XYZ_N/" repository="source/29_COSP_XYZ_N/"/>
/home/souto/Repos/pisa_2025ft_translation_en-PH_adaptation/tm/auto/trend/PISA_en-PH_XYZ_MS2022.tmx.zip
---
        <mapping local="source/12_COS_MAT-B_T/" repository="source/12_COS_MAT-B_T/"/>
/home/souto/Repos/pisa_2025ft_translation_en-PH_adaptation/tm/auto/trend/PISA_en-PH_MAT_MS2022.tmx.zip
/home/souto/Repos/pisa_2025ft_translation_en-PH_adaptation/tm/auto/trend/PISA_en-PH_CGA-MATNew_MS2022.tmx.zip
---
        <mapping local="source/30_CGAP_MAT_T/" repository="source/30_CGAP_MAT_T/"/>
/home/souto/Repos/pisa_2025ft_translation_en-PH_adaptation/tm/auto/trend/PISA_en-PH_MAT_MS2022.tmx.zip
/home/souto/Repos/pisa_2025ft_translation_en-PH_adaptation/tm/auto/trend/PISA_en-PH_CGA-MATNew_MS2022.tmx.zip
---
        <mapping local="source/12_COS_MAT-B_T/" repository="source/12_COS_MAT-B_T/"/>
/home/souto/Repos/pisa_2025ft_translation_en-PH_adaptation/tm/auto/trend/PISA_en-PH_MAT_MS2022.tmx.zip
/home/souto/Repos/pisa_2025ft_translation_en-PH_adaptation/tm/auto/trend/PISA_en-PH_CGA-MATNew_MS2022.tmx.zip
---
        <mapping local="source/31_CGAP_REA_T/" repository="source/31_CGAP_REA_T/"/>
/home/souto/Repos/pisa_2025ft_translation_en-PH_adaptation/tm/auto/trend/PISA_en-PH_REA_MS2022.tmx.zip
---
        <mapping local="source/12_COS_MAT-B_T/" repository="source/12_COS_MAT-B_T/"/>
/home/souto/Repos/pisa_2025ft_translation_en-PH_adaptation/tm/auto/trend/PISA_en-PH_MAT_MS2022.tmx.zip
/home/souto/Repos/pisa_2025ft_translation_en-PH_adaptation/tm/auto/trend/PISA_en-PH_CGA-MATNew_MS2022.tmx.zip
---
        <mapping local="source/32_CGAP_SCI_T/" repository="source/32_CGAP_SCI_T/"/>
/home/souto/Repos/pisa_2025ft_translation_en-PH_adaptation/tm/auto/ref/PISA_en-PH_SCI_FT2025.tmx.zip
---
        <mapping local="source/12_COS_MAT-B_T/" repository="source/12_COS_MAT-B_T/"/>
/home/souto/Repos/pisa_2025ft_translation_en-PH_adaptation/tm/auto/trend/PISA_en-PH_MAT_MS2022.tmx.zip
/home/souto/Repos/pisa_2025ft_translation_en-PH_adaptation/tm/auto/trend/PISA_en-PH_CGA-MATNew_MS2022.tmx.zip
---
        <mapping local="source/33_CGAP_SCI_N/" repository="source/33_CGAP_SCI_N/"/>
/home/souto/Repos/pisa_2025ft_translation_en-PH_adaptation/tm/auto/ref/PISA_en-PH_SCI_FT2025.tmx.zip
---
        <mapping local="source/12_COS_MAT-B_T/" repository="source/12_COS_MAT-B_T/"/>
/home/souto/Repos/pisa_2025ft_translation_en-PH_adaptation/tm/auto/trend/PISA_en-PH_MAT_MS2022.tmx.zip
/home/souto/Repos/pisa_2025ft_translation_en-PH_adaptation/tm/auto/trend/PISA_en-PH_CGA-MATNew_MS2022.tmx.zip
---
        <mapping local="source/13_COS_REA-A_T/" repository="source/13_COS_REA-A_T/"/>
/home/souto/Repos/pisa_2025ft_translation_en-PH_adaptation/tm/auto/trend/PISA_en-PH_REA_MS2022.tmx.zip
======
---
        <mapping local="source/14_COS_REA-B_T/" repository="source/14_COS_REA-B_T/"/>
/home/souto/Repos/pisa_2025ft_translation_en-PH_adaptation/tm/auto/trend/PISA_en-PH_REA_MS2022.tmx.zip
---
        <mapping local="source/13_COS_REA-A_T/" repository="source/13_COS_REA-A_T/"/>
/home/souto/Repos/pisa_2025ft_translation_en-PH_adaptation/tm/auto/trend/PISA_en-PH_REA_MS2022.tmx.zip
---
        <mapping local="source/15_COS_SCI-A_T/" repository="source/15_COS_SCI-A_T/"/>
/home/souto/Repos/pisa_2025ft_translation_en-PH_adaptation/tm/auto/ref/PISA_en-PH_SCI_FT2025.tmx.zip
---
        <mapping local="source/13_COS_REA-A_T/" repository="source/13_COS_REA-A_T/"/>
/home/souto/Repos/pisa_2025ft_translation_en-PH_adaptation/tm/auto/trend/PISA_en-PH_REA_MS2022.tmx.zip
---
        <mapping local="source/16_COS_SCI-B_T/" repository="source/16_COS_SCI-B_T/"/>
/home/souto/Repos/pisa_2025ft_translation_en-PH_adaptation/tm/auto/ref/PISA_en-PH_SCI_FT2025.tmx.zip
---
        <mapping local="source/13_COS_REA-A_T/" repository="source/13_COS_REA-A_T/"/>
/home/souto/Repos/pisa_2025ft_translation_en-PH_adaptation/tm/auto/trend/PISA_en-PH_REA_MS2022.tmx.zip
---
        <mapping local="source/17_CGA_SCI_T/" repository="source/17_CGA_SCI_T/"/>
/home/souto/Repos/pisa_2025ft_translation_en-PH_adaptation/tm/auto/ref/PISA_en-PH_SCI_FT2025.tmx.zip
---
        <mapping local="source/13_COS_REA-A_T/" repository="source/13_COS_REA-A_T/"/>
/home/souto/Repos/pisa_2025ft_translation_en-PH_adaptation/tm/auto/trend/PISA_en-PH_REA_MS2022.tmx.zip
---
        <mapping local="source/18_CGA_MAT_T/" repository="source/18_CGA_MAT_T/"/>
/home/souto/Repos/pisa_2025ft_translation_en-PH_adaptation/tm/auto/trend/PISA_en-PH_MAT_MS2022.tmx.zip
/home/souto/Repos/pisa_2025ft_translation_en-PH_adaptation/tm/auto/trend/PISA_en-PH_CGA-MATNew_MS2022.tmx.zip
---
        <mapping local="source/13_COS_REA-A_T/" repository="source/13_COS_REA-A_T/"/>
/home/souto/Repos/pisa_2025ft_translation_en-PH_adaptation/tm/auto/trend/PISA_en-PH_REA_MS2022.tmx.zip
---
        <mapping local="source/19_CGA_REA_T/" repository="source/19_CGA_REA_T/"/>
/home/souto/Repos/pisa_2025ft_translation_en-PH_adaptation/tm/auto/trend/PISA_en-PH_REA_MS2022.tmx.zip
---
        <mapping local="source/13_COS_REA-A_T/" repository="source/13_COS_REA-A_T/"/>
/home/souto/Repos/pisa_2025ft_translation_en-PH_adaptation/tm/auto/trend/PISA_en-PH_REA_MS2022.tmx.zip
---
        <mapping local="source/21_COSP_REA-A_T/" repository="source/21_COSP_REA-A_T/"/>
/home/souto/Repos/pisa_2025ft_translation_en-PH_adaptation/tm/auto/trend/PISA_en-PH_REA_MS2022.tmx.zip
---
        <mapping local="source/13_COS_REA-A_T/" repository="source/13_COS_REA-A_T/"/>
/home/souto/Repos/pisa_2025ft_translation_en-PH_adaptation/tm/auto/trend/PISA_en-PH_REA_MS2022.tmx.zip
---
        <mapping local="source/22_COSP_REA-B_T/" repository="source/22_COSP_REA-B_T/"/>
/home/souto/Repos/pisa_2025ft_translation_en-PH_adaptation/tm/auto/trend/PISA_en-PH_REA_MS2022.tmx.zip
---
        <mapping local="source/13_COS_REA-A_T/" repository="source/13_COS_REA-A_T/"/>
/home/souto/Repos/pisa_2025ft_translation_en-PH_adaptation/tm/auto/trend/PISA_en-PH_REA_MS2022.tmx.zip
---
        <mapping local="source/23_COSP_MAT-A_T/" repository="source/23_COSP_MAT-A_T/"/>
/home/souto/Repos/pisa_2025ft_translation_en-PH_adaptation/tm/auto/trend/PISA_en-PH_MAT_MS2022.tmx.zip
/home/souto/Repos/pisa_2025ft_translation_en-PH_adaptation/tm/auto/trend/PISA_en-PH_CGA-MATNew_MS2022.tmx.zip
---
        <mapping local="source/13_COS_REA-A_T/" repository="source/13_COS_REA-A_T/"/>
/home/souto/Repos/pisa_2025ft_translation_en-PH_adaptation/tm/auto/trend/PISA_en-PH_REA_MS2022.tmx.zip
---
        <mapping local="source/24_COSP_MAT-B_T/" repository="source/24_COSP_MAT-B_T/"/>
/home/souto/Repos/pisa_2025ft_translation_en-PH_adaptation/tm/auto/trend/PISA_en-PH_MAT_MS2022.tmx.zip
/home/souto/Repos/pisa_2025ft_translation_en-PH_adaptation/tm/auto/trend/PISA_en-PH_CGA-MATNew_MS2022.tmx.zip
---
        <mapping local="source/13_COS_REA-A_T/" repository="source/13_COS_REA-A_T/"/>
/home/souto/Repos/pisa_2025ft_translation_en-PH_adaptation/tm/auto/trend/PISA_en-PH_REA_MS2022.tmx.zip
---
        <mapping local="source/25_COSP_SCI-A_N/" repository="source/25_COSP_SCI-A_N/"/>
/home/souto/Repos/pisa_2025ft_translation_en-PH_adaptation/tm/auto/ref/PISA_en-PH_SCI_FT2025.tmx.zip
---
        <mapping local="source/13_COS_REA-A_T/" repository="source/13_COS_REA-A_T/"/>
/home/souto/Repos/pisa_2025ft_translation_en-PH_adaptation/tm/auto/trend/PISA_en-PH_REA_MS2022.tmx.zip
---
        <mapping local="source/26_COSP_SCI-A_T/" repository="source/26_COSP_SCI-A_T/"/>
/home/souto/Repos/pisa_2025ft_translation_en-PH_adaptation/tm/auto/ref/PISA_en-PH_SCI_FT2025.tmx.zip
---
        <mapping local="source/13_COS_REA-A_T/" repository="source/13_COS_REA-A_T/"/>
/home/souto/Repos/pisa_2025ft_translation_en-PH_adaptation/tm/auto/trend/PISA_en-PH_REA_MS2022.tmx.zip
---
        <mapping local="source/27_QQSP_N/" repository="source/27_QQSP_N/"/>
---
        <mapping local="source/13_COS_REA-A_T/" repository="source/13_COS_REA-A_T/"/>
/home/souto/Repos/pisa_2025ft_translation_en-PH_adaptation/tm/auto/trend/PISA_en-PH_REA_MS2022.tmx.zip
---
        <mapping local="source/28_QQAP_N/" repository="source/28_QQAP_N/"/>
---
        <mapping local="source/13_COS_REA-A_T/" repository="source/13_COS_REA-A_T/"/>
/home/souto/Repos/pisa_2025ft_translation_en-PH_adaptation/tm/auto/trend/PISA_en-PH_REA_MS2022.tmx.zip
---
        <mapping local="source/29_COSP_XYZ_N/" repository="source/29_COSP_XYZ_N/"/>
/home/souto/Repos/pisa_2025ft_translation_en-PH_adaptation/tm/auto/trend/PISA_en-PH_XYZ_MS2022.tmx.zip
---
        <mapping local="source/13_COS_REA-A_T/" repository="source/13_COS_REA-A_T/"/>
/home/souto/Repos/pisa_2025ft_translation_en-PH_adaptation/tm/auto/trend/PISA_en-PH_REA_MS2022.tmx.zip
---
        <mapping local="source/30_CGAP_MAT_T/" repository="source/30_CGAP_MAT_T/"/>
/home/souto/Repos/pisa_2025ft_translation_en-PH_adaptation/tm/auto/trend/PISA_en-PH_MAT_MS2022.tmx.zip
/home/souto/Repos/pisa_2025ft_translation_en-PH_adaptation/tm/auto/trend/PISA_en-PH_CGA-MATNew_MS2022.tmx.zip
---
        <mapping local="source/13_COS_REA-A_T/" repository="source/13_COS_REA-A_T/"/>
/home/souto/Repos/pisa_2025ft_translation_en-PH_adaptation/tm/auto/trend/PISA_en-PH_REA_MS2022.tmx.zip
---
        <mapping local="source/31_CGAP_REA_T/" repository="source/31_CGAP_REA_T/"/>
/home/souto/Repos/pisa_2025ft_translation_en-PH_adaptation/tm/auto/trend/PISA_en-PH_REA_MS2022.tmx.zip
---
        <mapping local="source/13_COS_REA-A_T/" repository="source/13_COS_REA-A_T/"/>
/home/souto/Repos/pisa_2025ft_translation_en-PH_adaptation/tm/auto/trend/PISA_en-PH_REA_MS2022.tmx.zip
---
        <mapping local="source/32_CGAP_SCI_T/" repository="source/32_CGAP_SCI_T/"/>
/home/souto/Repos/pisa_2025ft_translation_en-PH_adaptation/tm/auto/ref/PISA_en-PH_SCI_FT2025.tmx.zip
---
        <mapping local="source/13_COS_REA-A_T/" repository="source/13_COS_REA-A_T/"/>
/home/souto/Repos/pisa_2025ft_translation_en-PH_adaptation/tm/auto/trend/PISA_en-PH_REA_MS2022.tmx.zip
---
        <mapping local="source/33_CGAP_SCI_N/" repository="source/33_CGAP_SCI_N/"/>
/home/souto/Repos/pisa_2025ft_translation_en-PH_adaptation/tm/auto/ref/PISA_en-PH_SCI_FT2025.tmx.zip
---
        <mapping local="source/13_COS_REA-A_T/" repository="source/13_COS_REA-A_T/"/>
/home/souto/Repos/pisa_2025ft_translation_en-PH_adaptation/tm/auto/trend/PISA_en-PH_REA_MS2022.tmx.zip
---
        <mapping local="source/14_COS_REA-B_T/" repository="source/14_COS_REA-B_T/"/>
/home/souto/Repos/pisa_2025ft_translation_en-PH_adaptation/tm/auto/trend/PISA_en-PH_REA_MS2022.tmx.zip
======
---
        <mapping local="source/15_COS_SCI-A_T/" repository="source/15_COS_SCI-A_T/"/>
/home/souto/Repos/pisa_2025ft_translation_en-PH_adaptation/tm/auto/ref/PISA_en-PH_SCI_FT2025.tmx.zip
---
        <mapping local="source/14_COS_REA-B_T/" repository="source/14_COS_REA-B_T/"/>
/home/souto/Repos/pisa_2025ft_translation_en-PH_adaptation/tm/auto/trend/PISA_en-PH_REA_MS2022.tmx.zip
---
        <mapping local="source/16_COS_SCI-B_T/" repository="source/16_COS_SCI-B_T/"/>
/home/souto/Repos/pisa_2025ft_translation_en-PH_adaptation/tm/auto/ref/PISA_en-PH_SCI_FT2025.tmx.zip
---
        <mapping local="source/14_COS_REA-B_T/" repository="source/14_COS_REA-B_T/"/>
/home/souto/Repos/pisa_2025ft_translation_en-PH_adaptation/tm/auto/trend/PISA_en-PH_REA_MS2022.tmx.zip
---
        <mapping local="source/17_CGA_SCI_T/" repository="source/17_CGA_SCI_T/"/>
/home/souto/Repos/pisa_2025ft_translation_en-PH_adaptation/tm/auto/ref/PISA_en-PH_SCI_FT2025.tmx.zip
---
        <mapping local="source/14_COS_REA-B_T/" repository="source/14_COS_REA-B_T/"/>
/home/souto/Repos/pisa_2025ft_translation_en-PH_adaptation/tm/auto/trend/PISA_en-PH_REA_MS2022.tmx.zip
---
        <mapping local="source/18_CGA_MAT_T/" repository="source/18_CGA_MAT_T/"/>
/home/souto/Repos/pisa_2025ft_translation_en-PH_adaptation/tm/auto/trend/PISA_en-PH_MAT_MS2022.tmx.zip
/home/souto/Repos/pisa_2025ft_translation_en-PH_adaptation/tm/auto/trend/PISA_en-PH_CGA-MATNew_MS2022.tmx.zip
---
        <mapping local="source/14_COS_REA-B_T/" repository="source/14_COS_REA-B_T/"/>
/home/souto/Repos/pisa_2025ft_translation_en-PH_adaptation/tm/auto/trend/PISA_en-PH_REA_MS2022.tmx.zip
---
        <mapping local="source/19_CGA_REA_T/" repository="source/19_CGA_REA_T/"/>
/home/souto/Repos/pisa_2025ft_translation_en-PH_adaptation/tm/auto/trend/PISA_en-PH_REA_MS2022.tmx.zip
---
        <mapping local="source/14_COS_REA-B_T/" repository="source/14_COS_REA-B_T/"/>
/home/souto/Repos/pisa_2025ft_translation_en-PH_adaptation/tm/auto/trend/PISA_en-PH_REA_MS2022.tmx.zip
---
        <mapping local="source/21_COSP_REA-A_T/" repository="source/21_COSP_REA-A_T/"/>
/home/souto/Repos/pisa_2025ft_translation_en-PH_adaptation/tm/auto/trend/PISA_en-PH_REA_MS2022.tmx.zip
---
        <mapping local="source/14_COS_REA-B_T/" repository="source/14_COS_REA-B_T/"/>
/home/souto/Repos/pisa_2025ft_translation_en-PH_adaptation/tm/auto/trend/PISA_en-PH_REA_MS2022.tmx.zip
---
        <mapping local="source/22_COSP_REA-B_T/" repository="source/22_COSP_REA-B_T/"/>
/home/souto/Repos/pisa_2025ft_translation_en-PH_adaptation/tm/auto/trend/PISA_en-PH_REA_MS2022.tmx.zip
---
        <mapping local="source/14_COS_REA-B_T/" repository="source/14_COS_REA-B_T/"/>
/home/souto/Repos/pisa_2025ft_translation_en-PH_adaptation/tm/auto/trend/PISA_en-PH_REA_MS2022.tmx.zip
---
        <mapping local="source/23_COSP_MAT-A_T/" repository="source/23_COSP_MAT-A_T/"/>
/home/souto/Repos/pisa_2025ft_translation_en-PH_adaptation/tm/auto/trend/PISA_en-PH_MAT_MS2022.tmx.zip
/home/souto/Repos/pisa_2025ft_translation_en-PH_adaptation/tm/auto/trend/PISA_en-PH_CGA-MATNew_MS2022.tmx.zip
---
        <mapping local="source/14_COS_REA-B_T/" repository="source/14_COS_REA-B_T/"/>
/home/souto/Repos/pisa_2025ft_translation_en-PH_adaptation/tm/auto/trend/PISA_en-PH_REA_MS2022.tmx.zip
---
        <mapping local="source/24_COSP_MAT-B_T/" repository="source/24_COSP_MAT-B_T/"/>
/home/souto/Repos/pisa_2025ft_translation_en-PH_adaptation/tm/auto/trend/PISA_en-PH_MAT_MS2022.tmx.zip
/home/souto/Repos/pisa_2025ft_translation_en-PH_adaptation/tm/auto/trend/PISA_en-PH_CGA-MATNew_MS2022.tmx.zip
---
        <mapping local="source/14_COS_REA-B_T/" repository="source/14_COS_REA-B_T/"/>
/home/souto/Repos/pisa_2025ft_translation_en-PH_adaptation/tm/auto/trend/PISA_en-PH_REA_MS2022.tmx.zip
---
        <mapping local="source/25_COSP_SCI-A_N/" repository="source/25_COSP_SCI-A_N/"/>
/home/souto/Repos/pisa_2025ft_translation_en-PH_adaptation/tm/auto/ref/PISA_en-PH_SCI_FT2025.tmx.zip
---
        <mapping local="source/14_COS_REA-B_T/" repository="source/14_COS_REA-B_T/"/>
/home/souto/Repos/pisa_2025ft_translation_en-PH_adaptation/tm/auto/trend/PISA_en-PH_REA_MS2022.tmx.zip
---
        <mapping local="source/26_COSP_SCI-A_T/" repository="source/26_COSP_SCI-A_T/"/>
/home/souto/Repos/pisa_2025ft_translation_en-PH_adaptation/tm/auto/ref/PISA_en-PH_SCI_FT2025.tmx.zip
---
        <mapping local="source/14_COS_REA-B_T/" repository="source/14_COS_REA-B_T/"/>
/home/souto/Repos/pisa_2025ft_translation_en-PH_adaptation/tm/auto/trend/PISA_en-PH_REA_MS2022.tmx.zip
---
        <mapping local="source/27_QQSP_N/" repository="source/27_QQSP_N/"/>
---
        <mapping local="source/14_COS_REA-B_T/" repository="source/14_COS_REA-B_T/"/>
/home/souto/Repos/pisa_2025ft_translation_en-PH_adaptation/tm/auto/trend/PISA_en-PH_REA_MS2022.tmx.zip
---
        <mapping local="source/28_QQAP_N/" repository="source/28_QQAP_N/"/>
---
        <mapping local="source/14_COS_REA-B_T/" repository="source/14_COS_REA-B_T/"/>
/home/souto/Repos/pisa_2025ft_translation_en-PH_adaptation/tm/auto/trend/PISA_en-PH_REA_MS2022.tmx.zip
---
        <mapping local="source/29_COSP_XYZ_N/" repository="source/29_COSP_XYZ_N/"/>
/home/souto/Repos/pisa_2025ft_translation_en-PH_adaptation/tm/auto/trend/PISA_en-PH_XYZ_MS2022.tmx.zip
---
        <mapping local="source/14_COS_REA-B_T/" repository="source/14_COS_REA-B_T/"/>
/home/souto/Repos/pisa_2025ft_translation_en-PH_adaptation/tm/auto/trend/PISA_en-PH_REA_MS2022.tmx.zip
---
        <mapping local="source/30_CGAP_MAT_T/" repository="source/30_CGAP_MAT_T/"/>
/home/souto/Repos/pisa_2025ft_translation_en-PH_adaptation/tm/auto/trend/PISA_en-PH_MAT_MS2022.tmx.zip
/home/souto/Repos/pisa_2025ft_translation_en-PH_adaptation/tm/auto/trend/PISA_en-PH_CGA-MATNew_MS2022.tmx.zip
---
        <mapping local="source/14_COS_REA-B_T/" repository="source/14_COS_REA-B_T/"/>
/home/souto/Repos/pisa_2025ft_translation_en-PH_adaptation/tm/auto/trend/PISA_en-PH_REA_MS2022.tmx.zip
---
        <mapping local="source/31_CGAP_REA_T/" repository="source/31_CGAP_REA_T/"/>
/home/souto/Repos/pisa_2025ft_translation_en-PH_adaptation/tm/auto/trend/PISA_en-PH_REA_MS2022.tmx.zip
---
        <mapping local="source/14_COS_REA-B_T/" repository="source/14_COS_REA-B_T/"/>
/home/souto/Repos/pisa_2025ft_translation_en-PH_adaptation/tm/auto/trend/PISA_en-PH_REA_MS2022.tmx.zip
---
        <mapping local="source/32_CGAP_SCI_T/" repository="source/32_CGAP_SCI_T/"/>
/home/souto/Repos/pisa_2025ft_translation_en-PH_adaptation/tm/auto/ref/PISA_en-PH_SCI_FT2025.tmx.zip
---
        <mapping local="source/14_COS_REA-B_T/" repository="source/14_COS_REA-B_T/"/>
/home/souto/Repos/pisa_2025ft_translation_en-PH_adaptation/tm/auto/trend/PISA_en-PH_REA_MS2022.tmx.zip
---
        <mapping local="source/33_CGAP_SCI_N/" repository="source/33_CGAP_SCI_N/"/>
/home/souto/Repos/pisa_2025ft_translation_en-PH_adaptation/tm/auto/ref/PISA_en-PH_SCI_FT2025.tmx.zip
---
        <mapping local="source/14_COS_REA-B_T/" repository="source/14_COS_REA-B_T/"/>
/home/souto/Repos/pisa_2025ft_translation_en-PH_adaptation/tm/auto/trend/PISA_en-PH_REA_MS2022.tmx.zip
---
        <mapping local="source/15_COS_SCI-A_T/" repository="source/15_COS_SCI-A_T/"/>
/home/souto/Repos/pisa_2025ft_translation_en-PH_adaptation/tm/auto/ref/PISA_en-PH_SCI_FT2025.tmx.zip
======
---
        <mapping local="source/16_COS_SCI-B_T/" repository="source/16_COS_SCI-B_T/"/>
/home/souto/Repos/pisa_2025ft_translation_en-PH_adaptation/tm/auto/ref/PISA_en-PH_SCI_FT2025.tmx.zip
---
        <mapping local="source/15_COS_SCI-A_T/" repository="source/15_COS_SCI-A_T/"/>
/home/souto/Repos/pisa_2025ft_translation_en-PH_adaptation/tm/auto/ref/PISA_en-PH_SCI_FT2025.tmx.zip
---
        <mapping local="source/17_CGA_SCI_T/" repository="source/17_CGA_SCI_T/"/>
/home/souto/Repos/pisa_2025ft_translation_en-PH_adaptation/tm/auto/ref/PISA_en-PH_SCI_FT2025.tmx.zip
---
        <mapping local="source/15_COS_SCI-A_T/" repository="source/15_COS_SCI-A_T/"/>
/home/souto/Repos/pisa_2025ft_translation_en-PH_adaptation/tm/auto/ref/PISA_en-PH_SCI_FT2025.tmx.zip
---
        <mapping local="source/18_CGA_MAT_T/" repository="source/18_CGA_MAT_T/"/>
/home/souto/Repos/pisa_2025ft_translation_en-PH_adaptation/tm/auto/trend/PISA_en-PH_MAT_MS2022.tmx.zip
/home/souto/Repos/pisa_2025ft_translation_en-PH_adaptation/tm/auto/trend/PISA_en-PH_CGA-MATNew_MS2022.tmx.zip
---
        <mapping local="source/15_COS_SCI-A_T/" repository="source/15_COS_SCI-A_T/"/>
/home/souto/Repos/pisa_2025ft_translation_en-PH_adaptation/tm/auto/ref/PISA_en-PH_SCI_FT2025.tmx.zip
---
        <mapping local="source/19_CGA_REA_T/" repository="source/19_CGA_REA_T/"/>
/home/souto/Repos/pisa_2025ft_translation_en-PH_adaptation/tm/auto/trend/PISA_en-PH_REA_MS2022.tmx.zip
---
        <mapping local="source/15_COS_SCI-A_T/" repository="source/15_COS_SCI-A_T/"/>
/home/souto/Repos/pisa_2025ft_translation_en-PH_adaptation/tm/auto/ref/PISA_en-PH_SCI_FT2025.tmx.zip
---
        <mapping local="source/21_COSP_REA-A_T/" repository="source/21_COSP_REA-A_T/"/>
/home/souto/Repos/pisa_2025ft_translation_en-PH_adaptation/tm/auto/trend/PISA_en-PH_REA_MS2022.tmx.zip
---
        <mapping local="source/15_COS_SCI-A_T/" repository="source/15_COS_SCI-A_T/"/>
/home/souto/Repos/pisa_2025ft_translation_en-PH_adaptation/tm/auto/ref/PISA_en-PH_SCI_FT2025.tmx.zip
---
        <mapping local="source/22_COSP_REA-B_T/" repository="source/22_COSP_REA-B_T/"/>
/home/souto/Repos/pisa_2025ft_translation_en-PH_adaptation/tm/auto/trend/PISA_en-PH_REA_MS2022.tmx.zip
---
        <mapping local="source/15_COS_SCI-A_T/" repository="source/15_COS_SCI-A_T/"/>
/home/souto/Repos/pisa_2025ft_translation_en-PH_adaptation/tm/auto/ref/PISA_en-PH_SCI_FT2025.tmx.zip
---
        <mapping local="source/23_COSP_MAT-A_T/" repository="source/23_COSP_MAT-A_T/"/>
/home/souto/Repos/pisa_2025ft_translation_en-PH_adaptation/tm/auto/trend/PISA_en-PH_MAT_MS2022.tmx.zip
/home/souto/Repos/pisa_2025ft_translation_en-PH_adaptation/tm/auto/trend/PISA_en-PH_CGA-MATNew_MS2022.tmx.zip
---
        <mapping local="source/15_COS_SCI-A_T/" repository="source/15_COS_SCI-A_T/"/>
/home/souto/Repos/pisa_2025ft_translation_en-PH_adaptation/tm/auto/ref/PISA_en-PH_SCI_FT2025.tmx.zip
---
        <mapping local="source/24_COSP_MAT-B_T/" repository="source/24_COSP_MAT-B_T/"/>
/home/souto/Repos/pisa_2025ft_translation_en-PH_adaptation/tm/auto/trend/PISA_en-PH_MAT_MS2022.tmx.zip
/home/souto/Repos/pisa_2025ft_translation_en-PH_adaptation/tm/auto/trend/PISA_en-PH_CGA-MATNew_MS2022.tmx.zip
---
        <mapping local="source/15_COS_SCI-A_T/" repository="source/15_COS_SCI-A_T/"/>
/home/souto/Repos/pisa_2025ft_translation_en-PH_adaptation/tm/auto/ref/PISA_en-PH_SCI_FT2025.tmx.zip
---
        <mapping local="source/25_COSP_SCI-A_N/" repository="source/25_COSP_SCI-A_N/"/>
/home/souto/Repos/pisa_2025ft_translation_en-PH_adaptation/tm/auto/ref/PISA_en-PH_SCI_FT2025.tmx.zip
---
        <mapping local="source/15_COS_SCI-A_T/" repository="source/15_COS_SCI-A_T/"/>
/home/souto/Repos/pisa_2025ft_translation_en-PH_adaptation/tm/auto/ref/PISA_en-PH_SCI_FT2025.tmx.zip
---
        <mapping local="source/26_COSP_SCI-A_T/" repository="source/26_COSP_SCI-A_T/"/>
/home/souto/Repos/pisa_2025ft_translation_en-PH_adaptation/tm/auto/ref/PISA_en-PH_SCI_FT2025.tmx.zip
---
        <mapping local="source/15_COS_SCI-A_T/" repository="source/15_COS_SCI-A_T/"/>
/home/souto/Repos/pisa_2025ft_translation_en-PH_adaptation/tm/auto/ref/PISA_en-PH_SCI_FT2025.tmx.zip
---
        <mapping local="source/27_QQSP_N/" repository="source/27_QQSP_N/"/>
---
        <mapping local="source/15_COS_SCI-A_T/" repository="source/15_COS_SCI-A_T/"/>
/home/souto/Repos/pisa_2025ft_translation_en-PH_adaptation/tm/auto/ref/PISA_en-PH_SCI_FT2025.tmx.zip
---
        <mapping local="source/28_QQAP_N/" repository="source/28_QQAP_N/"/>
---
        <mapping local="source/15_COS_SCI-A_T/" repository="source/15_COS_SCI-A_T/"/>
/home/souto/Repos/pisa_2025ft_translation_en-PH_adaptation/tm/auto/ref/PISA_en-PH_SCI_FT2025.tmx.zip
---
        <mapping local="source/29_COSP_XYZ_N/" repository="source/29_COSP_XYZ_N/"/>
/home/souto/Repos/pisa_2025ft_translation_en-PH_adaptation/tm/auto/trend/PISA_en-PH_XYZ_MS2022.tmx.zip
---
        <mapping local="source/15_COS_SCI-A_T/" repository="source/15_COS_SCI-A_T/"/>
/home/souto/Repos/pisa_2025ft_translation_en-PH_adaptation/tm/auto/ref/PISA_en-PH_SCI_FT2025.tmx.zip
---
        <mapping local="source/30_CGAP_MAT_T/" repository="source/30_CGAP_MAT_T/"/>
/home/souto/Repos/pisa_2025ft_translation_en-PH_adaptation/tm/auto/trend/PISA_en-PH_MAT_MS2022.tmx.zip
/home/souto/Repos/pisa_2025ft_translation_en-PH_adaptation/tm/auto/trend/PISA_en-PH_CGA-MATNew_MS2022.tmx.zip
---
        <mapping local="source/15_COS_SCI-A_T/" repository="source/15_COS_SCI-A_T/"/>
/home/souto/Repos/pisa_2025ft_translation_en-PH_adaptation/tm/auto/ref/PISA_en-PH_SCI_FT2025.tmx.zip
---
        <mapping local="source/31_CGAP_REA_T/" repository="source/31_CGAP_REA_T/"/>
/home/souto/Repos/pisa_2025ft_translation_en-PH_adaptation/tm/auto/trend/PISA_en-PH_REA_MS2022.tmx.zip
---
        <mapping local="source/15_COS_SCI-A_T/" repository="source/15_COS_SCI-A_T/"/>
/home/souto/Repos/pisa_2025ft_translation_en-PH_adaptation/tm/auto/ref/PISA_en-PH_SCI_FT2025.tmx.zip
---
        <mapping local="source/32_CGAP_SCI_T/" repository="source/32_CGAP_SCI_T/"/>
/home/souto/Repos/pisa_2025ft_translation_en-PH_adaptation/tm/auto/ref/PISA_en-PH_SCI_FT2025.tmx.zip
---
        <mapping local="source/15_COS_SCI-A_T/" repository="source/15_COS_SCI-A_T/"/>
/home/souto/Repos/pisa_2025ft_translation_en-PH_adaptation/tm/auto/ref/PISA_en-PH_SCI_FT2025.tmx.zip
---
        <mapping local="source/33_CGAP_SCI_N/" repository="source/33_CGAP_SCI_N/"/>
/home/souto/Repos/pisa_2025ft_translation_en-PH_adaptation/tm/auto/ref/PISA_en-PH_SCI_FT2025.tmx.zip
---
        <mapping local="source/15_COS_SCI-A_T/" repository="source/15_COS_SCI-A_T/"/>
/home/souto/Repos/pisa_2025ft_translation_en-PH_adaptation/tm/auto/ref/PISA_en-PH_SCI_FT2025.tmx.zip
---
        <mapping local="source/16_COS_SCI-B_T/" repository="source/16_COS_SCI-B_T/"/>
/home/souto/Repos/pisa_2025ft_translation_en-PH_adaptation/tm/auto/ref/PISA_en-PH_SCI_FT2025.tmx.zip
======
---
        <mapping local="source/17_CGA_SCI_T/" repository="source/17_CGA_SCI_T/"/>
/home/souto/Repos/pisa_2025ft_translation_en-PH_adaptation/tm/auto/ref/PISA_en-PH_SCI_FT2025.tmx.zip
---
        <mapping local="source/16_COS_SCI-B_T/" repository="source/16_COS_SCI-B_T/"/>
/home/souto/Repos/pisa_2025ft_translation_en-PH_adaptation/tm/auto/ref/PISA_en-PH_SCI_FT2025.tmx.zip
---
        <mapping local="source/18_CGA_MAT_T/" repository="source/18_CGA_MAT_T/"/>
/home/souto/Repos/pisa_2025ft_translation_en-PH_adaptation/tm/auto/trend/PISA_en-PH_MAT_MS2022.tmx.zip
/home/souto/Repos/pisa_2025ft_translation_en-PH_adaptation/tm/auto/trend/PISA_en-PH_CGA-MATNew_MS2022.tmx.zip
---
        <mapping local="source/16_COS_SCI-B_T/" repository="source/16_COS_SCI-B_T/"/>
/home/souto/Repos/pisa_2025ft_translation_en-PH_adaptation/tm/auto/ref/PISA_en-PH_SCI_FT2025.tmx.zip
---
        <mapping local="source/19_CGA_REA_T/" repository="source/19_CGA_REA_T/"/>
/home/souto/Repos/pisa_2025ft_translation_en-PH_adaptation/tm/auto/trend/PISA_en-PH_REA_MS2022.tmx.zip
---
        <mapping local="source/16_COS_SCI-B_T/" repository="source/16_COS_SCI-B_T/"/>
/home/souto/Repos/pisa_2025ft_translation_en-PH_adaptation/tm/auto/ref/PISA_en-PH_SCI_FT2025.tmx.zip
---
        <mapping local="source/21_COSP_REA-A_T/" repository="source/21_COSP_REA-A_T/"/>
/home/souto/Repos/pisa_2025ft_translation_en-PH_adaptation/tm/auto/trend/PISA_en-PH_REA_MS2022.tmx.zip
---
        <mapping local="source/16_COS_SCI-B_T/" repository="source/16_COS_SCI-B_T/"/>
/home/souto/Repos/pisa_2025ft_translation_en-PH_adaptation/tm/auto/ref/PISA_en-PH_SCI_FT2025.tmx.zip
---
        <mapping local="source/22_COSP_REA-B_T/" repository="source/22_COSP_REA-B_T/"/>
/home/souto/Repos/pisa_2025ft_translation_en-PH_adaptation/tm/auto/trend/PISA_en-PH_REA_MS2022.tmx.zip
---
        <mapping local="source/16_COS_SCI-B_T/" repository="source/16_COS_SCI-B_T/"/>
/home/souto/Repos/pisa_2025ft_translation_en-PH_adaptation/tm/auto/ref/PISA_en-PH_SCI_FT2025.tmx.zip
---
        <mapping local="source/23_COSP_MAT-A_T/" repository="source/23_COSP_MAT-A_T/"/>
/home/souto/Repos/pisa_2025ft_translation_en-PH_adaptation/tm/auto/trend/PISA_en-PH_MAT_MS2022.tmx.zip
/home/souto/Repos/pisa_2025ft_translation_en-PH_adaptation/tm/auto/trend/PISA_en-PH_CGA-MATNew_MS2022.tmx.zip
---
        <mapping local="source/16_COS_SCI-B_T/" repository="source/16_COS_SCI-B_T/"/>
/home/souto/Repos/pisa_2025ft_translation_en-PH_adaptation/tm/auto/ref/PISA_en-PH_SCI_FT2025.tmx.zip
---
        <mapping local="source/24_COSP_MAT-B_T/" repository="source/24_COSP_MAT-B_T/"/>
/home/souto/Repos/pisa_2025ft_translation_en-PH_adaptation/tm/auto/trend/PISA_en-PH_MAT_MS2022.tmx.zip
/home/souto/Repos/pisa_2025ft_translation_en-PH_adaptation/tm/auto/trend/PISA_en-PH_CGA-MATNew_MS2022.tmx.zip
---
        <mapping local="source/16_COS_SCI-B_T/" repository="source/16_COS_SCI-B_T/"/>
/home/souto/Repos/pisa_2025ft_translation_en-PH_adaptation/tm/auto/ref/PISA_en-PH_SCI_FT2025.tmx.zip
---
        <mapping local="source/25_COSP_SCI-A_N/" repository="source/25_COSP_SCI-A_N/"/>
/home/souto/Repos/pisa_2025ft_translation_en-PH_adaptation/tm/auto/ref/PISA_en-PH_SCI_FT2025.tmx.zip
---
        <mapping local="source/16_COS_SCI-B_T/" repository="source/16_COS_SCI-B_T/"/>
/home/souto/Repos/pisa_2025ft_translation_en-PH_adaptation/tm/auto/ref/PISA_en-PH_SCI_FT2025.tmx.zip
---
        <mapping local="source/26_COSP_SCI-A_T/" repository="source/26_COSP_SCI-A_T/"/>
/home/souto/Repos/pisa_2025ft_translation_en-PH_adaptation/tm/auto/ref/PISA_en-PH_SCI_FT2025.tmx.zip
---
        <mapping local="source/16_COS_SCI-B_T/" repository="source/16_COS_SCI-B_T/"/>
/home/souto/Repos/pisa_2025ft_translation_en-PH_adaptation/tm/auto/ref/PISA_en-PH_SCI_FT2025.tmx.zip
---
        <mapping local="source/27_QQSP_N/" repository="source/27_QQSP_N/"/>
---
        <mapping local="source/16_COS_SCI-B_T/" repository="source/16_COS_SCI-B_T/"/>
/home/souto/Repos/pisa_2025ft_translation_en-PH_adaptation/tm/auto/ref/PISA_en-PH_SCI_FT2025.tmx.zip
---
        <mapping local="source/28_QQAP_N/" repository="source/28_QQAP_N/"/>
---
        <mapping local="source/16_COS_SCI-B_T/" repository="source/16_COS_SCI-B_T/"/>
/home/souto/Repos/pisa_2025ft_translation_en-PH_adaptation/tm/auto/ref/PISA_en-PH_SCI_FT2025.tmx.zip
---
        <mapping local="source/29_COSP_XYZ_N/" repository="source/29_COSP_XYZ_N/"/>
/home/souto/Repos/pisa_2025ft_translation_en-PH_adaptation/tm/auto/trend/PISA_en-PH_XYZ_MS2022.tmx.zip
---
        <mapping local="source/16_COS_SCI-B_T/" repository="source/16_COS_SCI-B_T/"/>
/home/souto/Repos/pisa_2025ft_translation_en-PH_adaptation/tm/auto/ref/PISA_en-PH_SCI_FT2025.tmx.zip
---
        <mapping local="source/30_CGAP_MAT_T/" repository="source/30_CGAP_MAT_T/"/>
/home/souto/Repos/pisa_2025ft_translation_en-PH_adaptation/tm/auto/trend/PISA_en-PH_MAT_MS2022.tmx.zip
/home/souto/Repos/pisa_2025ft_translation_en-PH_adaptation/tm/auto/trend/PISA_en-PH_CGA-MATNew_MS2022.tmx.zip
---
        <mapping local="source/16_COS_SCI-B_T/" repository="source/16_COS_SCI-B_T/"/>
/home/souto/Repos/pisa_2025ft_translation_en-PH_adaptation/tm/auto/ref/PISA_en-PH_SCI_FT2025.tmx.zip
---
        <mapping local="source/31_CGAP_REA_T/" repository="source/31_CGAP_REA_T/"/>
/home/souto/Repos/pisa_2025ft_translation_en-PH_adaptation/tm/auto/trend/PISA_en-PH_REA_MS2022.tmx.zip
---
        <mapping local="source/16_COS_SCI-B_T/" repository="source/16_COS_SCI-B_T/"/>
/home/souto/Repos/pisa_2025ft_translation_en-PH_adaptation/tm/auto/ref/PISA_en-PH_SCI_FT2025.tmx.zip
---
        <mapping local="source/32_CGAP_SCI_T/" repository="source/32_CGAP_SCI_T/"/>
/home/souto/Repos/pisa_2025ft_translation_en-PH_adaptation/tm/auto/ref/PISA_en-PH_SCI_FT2025.tmx.zip
---
        <mapping local="source/16_COS_SCI-B_T/" repository="source/16_COS_SCI-B_T/"/>
/home/souto/Repos/pisa_2025ft_translation_en-PH_adaptation/tm/auto/ref/PISA_en-PH_SCI_FT2025.tmx.zip
---
        <mapping local="source/33_CGAP_SCI_N/" repository="source/33_CGAP_SCI_N/"/>
/home/souto/Repos/pisa_2025ft_translation_en-PH_adaptation/tm/auto/ref/PISA_en-PH_SCI_FT2025.tmx.zip
---
        <mapping local="source/16_COS_SCI-B_T/" repository="source/16_COS_SCI-B_T/"/>
/home/souto/Repos/pisa_2025ft_translation_en-PH_adaptation/tm/auto/ref/PISA_en-PH_SCI_FT2025.tmx.zip
---
        <mapping local="source/17_CGA_SCI_T/" repository="source/17_CGA_SCI_T/"/>
/home/souto/Repos/pisa_2025ft_translation_en-PH_adaptation/tm/auto/ref/PISA_en-PH_SCI_FT2025.tmx.zip
======
---
        <mapping local="source/18_CGA_MAT_T/" repository="source/18_CGA_MAT_T/"/>
/home/souto/Repos/pisa_2025ft_translation_en-PH_adaptation/tm/auto/trend/PISA_en-PH_MAT_MS2022.tmx.zip
/home/souto/Repos/pisa_2025ft_translation_en-PH_adaptation/tm/auto/trend/PISA_en-PH_CGA-MATNew_MS2022.tmx.zip
---
        <mapping local="source/17_CGA_SCI_T/" repository="source/17_CGA_SCI_T/"/>
/home/souto/Repos/pisa_2025ft_translation_en-PH_adaptation/tm/auto/ref/PISA_en-PH_SCI_FT2025.tmx.zip
---
        <mapping local="source/19_CGA_REA_T/" repository="source/19_CGA_REA_T/"/>
/home/souto/Repos/pisa_2025ft_translation_en-PH_adaptation/tm/auto/trend/PISA_en-PH_REA_MS2022.tmx.zip
---
        <mapping local="source/17_CGA_SCI_T/" repository="source/17_CGA_SCI_T/"/>
/home/souto/Repos/pisa_2025ft_translation_en-PH_adaptation/tm/auto/ref/PISA_en-PH_SCI_FT2025.tmx.zip
---
        <mapping local="source/21_COSP_REA-A_T/" repository="source/21_COSP_REA-A_T/"/>
/home/souto/Repos/pisa_2025ft_translation_en-PH_adaptation/tm/auto/trend/PISA_en-PH_REA_MS2022.tmx.zip
---
        <mapping local="source/17_CGA_SCI_T/" repository="source/17_CGA_SCI_T/"/>
/home/souto/Repos/pisa_2025ft_translation_en-PH_adaptation/tm/auto/ref/PISA_en-PH_SCI_FT2025.tmx.zip
---
        <mapping local="source/22_COSP_REA-B_T/" repository="source/22_COSP_REA-B_T/"/>
/home/souto/Repos/pisa_2025ft_translation_en-PH_adaptation/tm/auto/trend/PISA_en-PH_REA_MS2022.tmx.zip
---
        <mapping local="source/17_CGA_SCI_T/" repository="source/17_CGA_SCI_T/"/>
/home/souto/Repos/pisa_2025ft_translation_en-PH_adaptation/tm/auto/ref/PISA_en-PH_SCI_FT2025.tmx.zip
---
        <mapping local="source/23_COSP_MAT-A_T/" repository="source/23_COSP_MAT-A_T/"/>
/home/souto/Repos/pisa_2025ft_translation_en-PH_adaptation/tm/auto/trend/PISA_en-PH_MAT_MS2022.tmx.zip
/home/souto/Repos/pisa_2025ft_translation_en-PH_adaptation/tm/auto/trend/PISA_en-PH_CGA-MATNew_MS2022.tmx.zip
---
        <mapping local="source/17_CGA_SCI_T/" repository="source/17_CGA_SCI_T/"/>
/home/souto/Repos/pisa_2025ft_translation_en-PH_adaptation/tm/auto/ref/PISA_en-PH_SCI_FT2025.tmx.zip
---
        <mapping local="source/24_COSP_MAT-B_T/" repository="source/24_COSP_MAT-B_T/"/>
/home/souto/Repos/pisa_2025ft_translation_en-PH_adaptation/tm/auto/trend/PISA_en-PH_MAT_MS2022.tmx.zip
/home/souto/Repos/pisa_2025ft_translation_en-PH_adaptation/tm/auto/trend/PISA_en-PH_CGA-MATNew_MS2022.tmx.zip
---
        <mapping local="source/17_CGA_SCI_T/" repository="source/17_CGA_SCI_T/"/>
/home/souto/Repos/pisa_2025ft_translation_en-PH_adaptation/tm/auto/ref/PISA_en-PH_SCI_FT2025.tmx.zip
---
        <mapping local="source/25_COSP_SCI-A_N/" repository="source/25_COSP_SCI-A_N/"/>
/home/souto/Repos/pisa_2025ft_translation_en-PH_adaptation/tm/auto/ref/PISA_en-PH_SCI_FT2025.tmx.zip
---
        <mapping local="source/17_CGA_SCI_T/" repository="source/17_CGA_SCI_T/"/>
/home/souto/Repos/pisa_2025ft_translation_en-PH_adaptation/tm/auto/ref/PISA_en-PH_SCI_FT2025.tmx.zip
---
        <mapping local="source/26_COSP_SCI-A_T/" repository="source/26_COSP_SCI-A_T/"/>
/home/souto/Repos/pisa_2025ft_translation_en-PH_adaptation/tm/auto/ref/PISA_en-PH_SCI_FT2025.tmx.zip
---
        <mapping local="source/17_CGA_SCI_T/" repository="source/17_CGA_SCI_T/"/>
/home/souto/Repos/pisa_2025ft_translation_en-PH_adaptation/tm/auto/ref/PISA_en-PH_SCI_FT2025.tmx.zip
---
        <mapping local="source/27_QQSP_N/" repository="source/27_QQSP_N/"/>
---
        <mapping local="source/17_CGA_SCI_T/" repository="source/17_CGA_SCI_T/"/>
/home/souto/Repos/pisa_2025ft_translation_en-PH_adaptation/tm/auto/ref/PISA_en-PH_SCI_FT2025.tmx.zip
---
        <mapping local="source/28_QQAP_N/" repository="source/28_QQAP_N/"/>
---
        <mapping local="source/17_CGA_SCI_T/" repository="source/17_CGA_SCI_T/"/>
/home/souto/Repos/pisa_2025ft_translation_en-PH_adaptation/tm/auto/ref/PISA_en-PH_SCI_FT2025.tmx.zip
---
        <mapping local="source/29_COSP_XYZ_N/" repository="source/29_COSP_XYZ_N/"/>
/home/souto/Repos/pisa_2025ft_translation_en-PH_adaptation/tm/auto/trend/PISA_en-PH_XYZ_MS2022.tmx.zip
---
        <mapping local="source/17_CGA_SCI_T/" repository="source/17_CGA_SCI_T/"/>
/home/souto/Repos/pisa_2025ft_translation_en-PH_adaptation/tm/auto/ref/PISA_en-PH_SCI_FT2025.tmx.zip
---
        <mapping local="source/30_CGAP_MAT_T/" repository="source/30_CGAP_MAT_T/"/>
/home/souto/Repos/pisa_2025ft_translation_en-PH_adaptation/tm/auto/trend/PISA_en-PH_MAT_MS2022.tmx.zip
/home/souto/Repos/pisa_2025ft_translation_en-PH_adaptation/tm/auto/trend/PISA_en-PH_CGA-MATNew_MS2022.tmx.zip
---
        <mapping local="source/17_CGA_SCI_T/" repository="source/17_CGA_SCI_T/"/>
/home/souto/Repos/pisa_2025ft_translation_en-PH_adaptation/tm/auto/ref/PISA_en-PH_SCI_FT2025.tmx.zip
---
        <mapping local="source/31_CGAP_REA_T/" repository="source/31_CGAP_REA_T/"/>
/home/souto/Repos/pisa_2025ft_translation_en-PH_adaptation/tm/auto/trend/PISA_en-PH_REA_MS2022.tmx.zip
---
        <mapping local="source/17_CGA_SCI_T/" repository="source/17_CGA_SCI_T/"/>
/home/souto/Repos/pisa_2025ft_translation_en-PH_adaptation/tm/auto/ref/PISA_en-PH_SCI_FT2025.tmx.zip
---
        <mapping local="source/32_CGAP_SCI_T/" repository="source/32_CGAP_SCI_T/"/>
/home/souto/Repos/pisa_2025ft_translation_en-PH_adaptation/tm/auto/ref/PISA_en-PH_SCI_FT2025.tmx.zip
---
        <mapping local="source/17_CGA_SCI_T/" repository="source/17_CGA_SCI_T/"/>
/home/souto/Repos/pisa_2025ft_translation_en-PH_adaptation/tm/auto/ref/PISA_en-PH_SCI_FT2025.tmx.zip
---
        <mapping local="source/33_CGAP_SCI_N/" repository="source/33_CGAP_SCI_N/"/>
/home/souto/Repos/pisa_2025ft_translation_en-PH_adaptation/tm/auto/ref/PISA_en-PH_SCI_FT2025.tmx.zip
---
        <mapping local="source/17_CGA_SCI_T/" repository="source/17_CGA_SCI_T/"/>
/home/souto/Repos/pisa_2025ft_translation_en-PH_adaptation/tm/auto/ref/PISA_en-PH_SCI_FT2025.tmx.zip
---
        <mapping local="source/18_CGA_MAT_T/" repository="source/18_CGA_MAT_T/"/>
/home/souto/Repos/pisa_2025ft_translation_en-PH_adaptation/tm/auto/trend/PISA_en-PH_MAT_MS2022.tmx.zip
/home/souto/Repos/pisa_2025ft_translation_en-PH_adaptation/tm/auto/trend/PISA_en-PH_CGA-MATNew_MS2022.tmx.zip
======
---
        <mapping local="source/19_CGA_REA_T/" repository="source/19_CGA_REA_T/"/>
/home/souto/Repos/pisa_2025ft_translation_en-PH_adaptation/tm/auto/trend/PISA_en-PH_REA_MS2022.tmx.zip
---
        <mapping local="source/18_CGA_MAT_T/" repository="source/18_CGA_MAT_T/"/>
/home/souto/Repos/pisa_2025ft_translation_en-PH_adaptation/tm/auto/trend/PISA_en-PH_MAT_MS2022.tmx.zip
/home/souto/Repos/pisa_2025ft_translation_en-PH_adaptation/tm/auto/trend/PISA_en-PH_CGA-MATNew_MS2022.tmx.zip
---
        <mapping local="source/21_COSP_REA-A_T/" repository="source/21_COSP_REA-A_T/"/>
/home/souto/Repos/pisa_2025ft_translation_en-PH_adaptation/tm/auto/trend/PISA_en-PH_REA_MS2022.tmx.zip
---
        <mapping local="source/18_CGA_MAT_T/" repository="source/18_CGA_MAT_T/"/>
/home/souto/Repos/pisa_2025ft_translation_en-PH_adaptation/tm/auto/trend/PISA_en-PH_MAT_MS2022.tmx.zip
/home/souto/Repos/pisa_2025ft_translation_en-PH_adaptation/tm/auto/trend/PISA_en-PH_CGA-MATNew_MS2022.tmx.zip
---
        <mapping local="source/22_COSP_REA-B_T/" repository="source/22_COSP_REA-B_T/"/>
/home/souto/Repos/pisa_2025ft_translation_en-PH_adaptation/tm/auto/trend/PISA_en-PH_REA_MS2022.tmx.zip
---
        <mapping local="source/18_CGA_MAT_T/" repository="source/18_CGA_MAT_T/"/>
/home/souto/Repos/pisa_2025ft_translation_en-PH_adaptation/tm/auto/trend/PISA_en-PH_MAT_MS2022.tmx.zip
/home/souto/Repos/pisa_2025ft_translation_en-PH_adaptation/tm/auto/trend/PISA_en-PH_CGA-MATNew_MS2022.tmx.zip
---
        <mapping local="source/23_COSP_MAT-A_T/" repository="source/23_COSP_MAT-A_T/"/>
/home/souto/Repos/pisa_2025ft_translation_en-PH_adaptation/tm/auto/trend/PISA_en-PH_MAT_MS2022.tmx.zip
/home/souto/Repos/pisa_2025ft_translation_en-PH_adaptation/tm/auto/trend/PISA_en-PH_CGA-MATNew_MS2022.tmx.zip
---
        <mapping local="source/18_CGA_MAT_T/" repository="source/18_CGA_MAT_T/"/>
/home/souto/Repos/pisa_2025ft_translation_en-PH_adaptation/tm/auto/trend/PISA_en-PH_MAT_MS2022.tmx.zip
/home/souto/Repos/pisa_2025ft_translation_en-PH_adaptation/tm/auto/trend/PISA_en-PH_CGA-MATNew_MS2022.tmx.zip
---
        <mapping local="source/24_COSP_MAT-B_T/" repository="source/24_COSP_MAT-B_T/"/>
/home/souto/Repos/pisa_2025ft_translation_en-PH_adaptation/tm/auto/trend/PISA_en-PH_MAT_MS2022.tmx.zip
/home/souto/Repos/pisa_2025ft_translation_en-PH_adaptation/tm/auto/trend/PISA_en-PH_CGA-MATNew_MS2022.tmx.zip
---
        <mapping local="source/18_CGA_MAT_T/" repository="source/18_CGA_MAT_T/"/>
/home/souto/Repos/pisa_2025ft_translation_en-PH_adaptation/tm/auto/trend/PISA_en-PH_MAT_MS2022.tmx.zip
/home/souto/Repos/pisa_2025ft_translation_en-PH_adaptation/tm/auto/trend/PISA_en-PH_CGA-MATNew_MS2022.tmx.zip
---
        <mapping local="source/25_COSP_SCI-A_N/" repository="source/25_COSP_SCI-A_N/"/>
/home/souto/Repos/pisa_2025ft_translation_en-PH_adaptation/tm/auto/ref/PISA_en-PH_SCI_FT2025.tmx.zip
---
        <mapping local="source/18_CGA_MAT_T/" repository="source/18_CGA_MAT_T/"/>
/home/souto/Repos/pisa_2025ft_translation_en-PH_adaptation/tm/auto/trend/PISA_en-PH_MAT_MS2022.tmx.zip
/home/souto/Repos/pisa_2025ft_translation_en-PH_adaptation/tm/auto/trend/PISA_en-PH_CGA-MATNew_MS2022.tmx.zip
---
        <mapping local="source/26_COSP_SCI-A_T/" repository="source/26_COSP_SCI-A_T/"/>
/home/souto/Repos/pisa_2025ft_translation_en-PH_adaptation/tm/auto/ref/PISA_en-PH_SCI_FT2025.tmx.zip
---
        <mapping local="source/18_CGA_MAT_T/" repository="source/18_CGA_MAT_T/"/>
/home/souto/Repos/pisa_2025ft_translation_en-PH_adaptation/tm/auto/trend/PISA_en-PH_MAT_MS2022.tmx.zip
/home/souto/Repos/pisa_2025ft_translation_en-PH_adaptation/tm/auto/trend/PISA_en-PH_CGA-MATNew_MS2022.tmx.zip
---
        <mapping local="source/27_QQSP_N/" repository="source/27_QQSP_N/"/>
---
        <mapping local="source/18_CGA_MAT_T/" repository="source/18_CGA_MAT_T/"/>
/home/souto/Repos/pisa_2025ft_translation_en-PH_adaptation/tm/auto/trend/PISA_en-PH_MAT_MS2022.tmx.zip
/home/souto/Repos/pisa_2025ft_translation_en-PH_adaptation/tm/auto/trend/PISA_en-PH_CGA-MATNew_MS2022.tmx.zip
---
        <mapping local="source/28_QQAP_N/" repository="source/28_QQAP_N/"/>
---
        <mapping local="source/18_CGA_MAT_T/" repository="source/18_CGA_MAT_T/"/>
/home/souto/Repos/pisa_2025ft_translation_en-PH_adaptation/tm/auto/trend/PISA_en-PH_MAT_MS2022.tmx.zip
/home/souto/Repos/pisa_2025ft_translation_en-PH_adaptation/tm/auto/trend/PISA_en-PH_CGA-MATNew_MS2022.tmx.zip
---
        <mapping local="source/29_COSP_XYZ_N/" repository="source/29_COSP_XYZ_N/"/>
/home/souto/Repos/pisa_2025ft_translation_en-PH_adaptation/tm/auto/trend/PISA_en-PH_XYZ_MS2022.tmx.zip
---
        <mapping local="source/18_CGA_MAT_T/" repository="source/18_CGA_MAT_T/"/>
/home/souto/Repos/pisa_2025ft_translation_en-PH_adaptation/tm/auto/trend/PISA_en-PH_MAT_MS2022.tmx.zip
/home/souto/Repos/pisa_2025ft_translation_en-PH_adaptation/tm/auto/trend/PISA_en-PH_CGA-MATNew_MS2022.tmx.zip
---
        <mapping local="source/30_CGAP_MAT_T/" repository="source/30_CGAP_MAT_T/"/>
/home/souto/Repos/pisa_2025ft_translation_en-PH_adaptation/tm/auto/trend/PISA_en-PH_MAT_MS2022.tmx.zip
/home/souto/Repos/pisa_2025ft_translation_en-PH_adaptation/tm/auto/trend/PISA_en-PH_CGA-MATNew_MS2022.tmx.zip
---
        <mapping local="source/18_CGA_MAT_T/" repository="source/18_CGA_MAT_T/"/>
/home/souto/Repos/pisa_2025ft_translation_en-PH_adaptation/tm/auto/trend/PISA_en-PH_MAT_MS2022.tmx.zip
/home/souto/Repos/pisa_2025ft_translation_en-PH_adaptation/tm/auto/trend/PISA_en-PH_CGA-MATNew_MS2022.tmx.zip
---
        <mapping local="source/31_CGAP_REA_T/" repository="source/31_CGAP_REA_T/"/>
/home/souto/Repos/pisa_2025ft_translation_en-PH_adaptation/tm/auto/trend/PISA_en-PH_REA_MS2022.tmx.zip
---
        <mapping local="source/18_CGA_MAT_T/" repository="source/18_CGA_MAT_T/"/>
/home/souto/Repos/pisa_2025ft_translation_en-PH_adaptation/tm/auto/trend/PISA_en-PH_MAT_MS2022.tmx.zip
/home/souto/Repos/pisa_2025ft_translation_en-PH_adaptation/tm/auto/trend/PISA_en-PH_CGA-MATNew_MS2022.tmx.zip
---
        <mapping local="source/32_CGAP_SCI_T/" repository="source/32_CGAP_SCI_T/"/>
/home/souto/Repos/pisa_2025ft_translation_en-PH_adaptation/tm/auto/ref/PISA_en-PH_SCI_FT2025.tmx.zip
---
        <mapping local="source/18_CGA_MAT_T/" repository="source/18_CGA_MAT_T/"/>
/home/souto/Repos/pisa_2025ft_translation_en-PH_adaptation/tm/auto/trend/PISA_en-PH_MAT_MS2022.tmx.zip
/home/souto/Repos/pisa_2025ft_translation_en-PH_adaptation/tm/auto/trend/PISA_en-PH_CGA-MATNew_MS2022.tmx.zip
---
        <mapping local="source/33_CGAP_SCI_N/" repository="source/33_CGAP_SCI_N/"/>
/home/souto/Repos/pisa_2025ft_translation_en-PH_adaptation/tm/auto/ref/PISA_en-PH_SCI_FT2025.tmx.zip
---
        <mapping local="source/18_CGA_MAT_T/" repository="source/18_CGA_MAT_T/"/>
/home/souto/Repos/pisa_2025ft_translation_en-PH_adaptation/tm/auto/trend/PISA_en-PH_MAT_MS2022.tmx.zip
/home/souto/Repos/pisa_2025ft_translation_en-PH_adaptation/tm/auto/trend/PISA_en-PH_CGA-MATNew_MS2022.tmx.zip
---
        <mapping local="source/19_CGA_REA_T/" repository="source/19_CGA_REA_T/"/>
/home/souto/Repos/pisa_2025ft_translation_en-PH_adaptation/tm/auto/trend/PISA_en-PH_REA_MS2022.tmx.zip
======
---
        <mapping local="source/21_COSP_REA-A_T/" repository="source/21_COSP_REA-A_T/"/>
/home/souto/Repos/pisa_2025ft_translation_en-PH_adaptation/tm/auto/trend/PISA_en-PH_REA_MS2022.tmx.zip
---
        <mapping local="source/19_CGA_REA_T/" repository="source/19_CGA_REA_T/"/>
/home/souto/Repos/pisa_2025ft_translation_en-PH_adaptation/tm/auto/trend/PISA_en-PH_REA_MS2022.tmx.zip
---
        <mapping local="source/22_COSP_REA-B_T/" repository="source/22_COSP_REA-B_T/"/>
/home/souto/Repos/pisa_2025ft_translation_en-PH_adaptation/tm/auto/trend/PISA_en-PH_REA_MS2022.tmx.zip
---
        <mapping local="source/19_CGA_REA_T/" repository="source/19_CGA_REA_T/"/>
/home/souto/Repos/pisa_2025ft_translation_en-PH_adaptation/tm/auto/trend/PISA_en-PH_REA_MS2022.tmx.zip
---
        <mapping local="source/23_COSP_MAT-A_T/" repository="source/23_COSP_MAT-A_T/"/>
/home/souto/Repos/pisa_2025ft_translation_en-PH_adaptation/tm/auto/trend/PISA_en-PH_MAT_MS2022.tmx.zip
/home/souto/Repos/pisa_2025ft_translation_en-PH_adaptation/tm/auto/trend/PISA_en-PH_CGA-MATNew_MS2022.tmx.zip
---
        <mapping local="source/19_CGA_REA_T/" repository="source/19_CGA_REA_T/"/>
/home/souto/Repos/pisa_2025ft_translation_en-PH_adaptation/tm/auto/trend/PISA_en-PH_REA_MS2022.tmx.zip
---
        <mapping local="source/24_COSP_MAT-B_T/" repository="source/24_COSP_MAT-B_T/"/>
/home/souto/Repos/pisa_2025ft_translation_en-PH_adaptation/tm/auto/trend/PISA_en-PH_MAT_MS2022.tmx.zip
/home/souto/Repos/pisa_2025ft_translation_en-PH_adaptation/tm/auto/trend/PISA_en-PH_CGA-MATNew_MS2022.tmx.zip
---
        <mapping local="source/19_CGA_REA_T/" repository="source/19_CGA_REA_T/"/>
/home/souto/Repos/pisa_2025ft_translation_en-PH_adaptation/tm/auto/trend/PISA_en-PH_REA_MS2022.tmx.zip
---
        <mapping local="source/25_COSP_SCI-A_N/" repository="source/25_COSP_SCI-A_N/"/>
/home/souto/Repos/pisa_2025ft_translation_en-PH_adaptation/tm/auto/ref/PISA_en-PH_SCI_FT2025.tmx.zip
---
        <mapping local="source/19_CGA_REA_T/" repository="source/19_CGA_REA_T/"/>
/home/souto/Repos/pisa_2025ft_translation_en-PH_adaptation/tm/auto/trend/PISA_en-PH_REA_MS2022.tmx.zip
---
        <mapping local="source/26_COSP_SCI-A_T/" repository="source/26_COSP_SCI-A_T/"/>
/home/souto/Repos/pisa_2025ft_translation_en-PH_adaptation/tm/auto/ref/PISA_en-PH_SCI_FT2025.tmx.zip
---
        <mapping local="source/19_CGA_REA_T/" repository="source/19_CGA_REA_T/"/>
/home/souto/Repos/pisa_2025ft_translation_en-PH_adaptation/tm/auto/trend/PISA_en-PH_REA_MS2022.tmx.zip
---
        <mapping local="source/27_QQSP_N/" repository="source/27_QQSP_N/"/>
---
        <mapping local="source/19_CGA_REA_T/" repository="source/19_CGA_REA_T/"/>
/home/souto/Repos/pisa_2025ft_translation_en-PH_adaptation/tm/auto/trend/PISA_en-PH_REA_MS2022.tmx.zip
---
        <mapping local="source/28_QQAP_N/" repository="source/28_QQAP_N/"/>
---
        <mapping local="source/19_CGA_REA_T/" repository="source/19_CGA_REA_T/"/>
/home/souto/Repos/pisa_2025ft_translation_en-PH_adaptation/tm/auto/trend/PISA_en-PH_REA_MS2022.tmx.zip
---
        <mapping local="source/29_COSP_XYZ_N/" repository="source/29_COSP_XYZ_N/"/>
/home/souto/Repos/pisa_2025ft_translation_en-PH_adaptation/tm/auto/trend/PISA_en-PH_XYZ_MS2022.tmx.zip
---
        <mapping local="source/19_CGA_REA_T/" repository="source/19_CGA_REA_T/"/>
/home/souto/Repos/pisa_2025ft_translation_en-PH_adaptation/tm/auto/trend/PISA_en-PH_REA_MS2022.tmx.zip
---
        <mapping local="source/30_CGAP_MAT_T/" repository="source/30_CGAP_MAT_T/"/>
/home/souto/Repos/pisa_2025ft_translation_en-PH_adaptation/tm/auto/trend/PISA_en-PH_MAT_MS2022.tmx.zip
/home/souto/Repos/pisa_2025ft_translation_en-PH_adaptation/tm/auto/trend/PISA_en-PH_CGA-MATNew_MS2022.tmx.zip
---
        <mapping local="source/19_CGA_REA_T/" repository="source/19_CGA_REA_T/"/>
/home/souto/Repos/pisa_2025ft_translation_en-PH_adaptation/tm/auto/trend/PISA_en-PH_REA_MS2022.tmx.zip
---
        <mapping local="source/31_CGAP_REA_T/" repository="source/31_CGAP_REA_T/"/>
/home/souto/Repos/pisa_2025ft_translation_en-PH_adaptation/tm/auto/trend/PISA_en-PH_REA_MS2022.tmx.zip
---
        <mapping local="source/19_CGA_REA_T/" repository="source/19_CGA_REA_T/"/>
/home/souto/Repos/pisa_2025ft_translation_en-PH_adaptation/tm/auto/trend/PISA_en-PH_REA_MS2022.tmx.zip
---
        <mapping local="source/32_CGAP_SCI_T/" repository="source/32_CGAP_SCI_T/"/>
/home/souto/Repos/pisa_2025ft_translation_en-PH_adaptation/tm/auto/ref/PISA_en-PH_SCI_FT2025.tmx.zip
---
        <mapping local="source/19_CGA_REA_T/" repository="source/19_CGA_REA_T/"/>
/home/souto/Repos/pisa_2025ft_translation_en-PH_adaptation/tm/auto/trend/PISA_en-PH_REA_MS2022.tmx.zip
---
        <mapping local="source/33_CGAP_SCI_N/" repository="source/33_CGAP_SCI_N/"/>
/home/souto/Repos/pisa_2025ft_translation_en-PH_adaptation/tm/auto/ref/PISA_en-PH_SCI_FT2025.tmx.zip
---
        <mapping local="source/19_CGA_REA_T/" repository="source/19_CGA_REA_T/"/>
/home/souto/Repos/pisa_2025ft_translation_en-PH_adaptation/tm/auto/trend/PISA_en-PH_REA_MS2022.tmx.zip
---
        <mapping local="source/21_COSP_REA-A_T/" repository="source/21_COSP_REA-A_T/"/>
/home/souto/Repos/pisa_2025ft_translation_en-PH_adaptation/tm/auto/trend/PISA_en-PH_REA_MS2022.tmx.zip
======
---
        <mapping local="source/22_COSP_REA-B_T/" repository="source/22_COSP_REA-B_T/"/>
/home/souto/Repos/pisa_2025ft_translation_en-PH_adaptation/tm/auto/trend/PISA_en-PH_REA_MS2022.tmx.zip
---
        <mapping local="source/21_COSP_REA-A_T/" repository="source/21_COSP_REA-A_T/"/>
/home/souto/Repos/pisa_2025ft_translation_en-PH_adaptation/tm/auto/trend/PISA_en-PH_REA_MS2022.tmx.zip
---
        <mapping local="source/23_COSP_MAT-A_T/" repository="source/23_COSP_MAT-A_T/"/>
/home/souto/Repos/pisa_2025ft_translation_en-PH_adaptation/tm/auto/trend/PISA_en-PH_MAT_MS2022.tmx.zip
/home/souto/Repos/pisa_2025ft_translation_en-PH_adaptation/tm/auto/trend/PISA_en-PH_CGA-MATNew_MS2022.tmx.zip
---
        <mapping local="source/21_COSP_REA-A_T/" repository="source/21_COSP_REA-A_T/"/>
/home/souto/Repos/pisa_2025ft_translation_en-PH_adaptation/tm/auto/trend/PISA_en-PH_REA_MS2022.tmx.zip
---
        <mapping local="source/24_COSP_MAT-B_T/" repository="source/24_COSP_MAT-B_T/"/>
/home/souto/Repos/pisa_2025ft_translation_en-PH_adaptation/tm/auto/trend/PISA_en-PH_MAT_MS2022.tmx.zip
/home/souto/Repos/pisa_2025ft_translation_en-PH_adaptation/tm/auto/trend/PISA_en-PH_CGA-MATNew_MS2022.tmx.zip
---
        <mapping local="source/21_COSP_REA-A_T/" repository="source/21_COSP_REA-A_T/"/>
/home/souto/Repos/pisa_2025ft_translation_en-PH_adaptation/tm/auto/trend/PISA_en-PH_REA_MS2022.tmx.zip
---
        <mapping local="source/25_COSP_SCI-A_N/" repository="source/25_COSP_SCI-A_N/"/>
/home/souto/Repos/pisa_2025ft_translation_en-PH_adaptation/tm/auto/ref/PISA_en-PH_SCI_FT2025.tmx.zip
---
        <mapping local="source/21_COSP_REA-A_T/" repository="source/21_COSP_REA-A_T/"/>
/home/souto/Repos/pisa_2025ft_translation_en-PH_adaptation/tm/auto/trend/PISA_en-PH_REA_MS2022.tmx.zip
---
        <mapping local="source/26_COSP_SCI-A_T/" repository="source/26_COSP_SCI-A_T/"/>
/home/souto/Repos/pisa_2025ft_translation_en-PH_adaptation/tm/auto/ref/PISA_en-PH_SCI_FT2025.tmx.zip
---
        <mapping local="source/21_COSP_REA-A_T/" repository="source/21_COSP_REA-A_T/"/>
/home/souto/Repos/pisa_2025ft_translation_en-PH_adaptation/tm/auto/trend/PISA_en-PH_REA_MS2022.tmx.zip
---
        <mapping local="source/27_QQSP_N/" repository="source/27_QQSP_N/"/>
---
        <mapping local="source/21_COSP_REA-A_T/" repository="source/21_COSP_REA-A_T/"/>
/home/souto/Repos/pisa_2025ft_translation_en-PH_adaptation/tm/auto/trend/PISA_en-PH_REA_MS2022.tmx.zip
---
        <mapping local="source/28_QQAP_N/" repository="source/28_QQAP_N/"/>
---
        <mapping local="source/21_COSP_REA-A_T/" repository="source/21_COSP_REA-A_T/"/>
/home/souto/Repos/pisa_2025ft_translation_en-PH_adaptation/tm/auto/trend/PISA_en-PH_REA_MS2022.tmx.zip
---
        <mapping local="source/29_COSP_XYZ_N/" repository="source/29_COSP_XYZ_N/"/>
/home/souto/Repos/pisa_2025ft_translation_en-PH_adaptation/tm/auto/trend/PISA_en-PH_XYZ_MS2022.tmx.zip
---
        <mapping local="source/21_COSP_REA-A_T/" repository="source/21_COSP_REA-A_T/"/>
/home/souto/Repos/pisa_2025ft_translation_en-PH_adaptation/tm/auto/trend/PISA_en-PH_REA_MS2022.tmx.zip
---
        <mapping local="source/30_CGAP_MAT_T/" repository="source/30_CGAP_MAT_T/"/>
/home/souto/Repos/pisa_2025ft_translation_en-PH_adaptation/tm/auto/trend/PISA_en-PH_MAT_MS2022.tmx.zip
/home/souto/Repos/pisa_2025ft_translation_en-PH_adaptation/tm/auto/trend/PISA_en-PH_CGA-MATNew_MS2022.tmx.zip
---
        <mapping local="source/21_COSP_REA-A_T/" repository="source/21_COSP_REA-A_T/"/>
/home/souto/Repos/pisa_2025ft_translation_en-PH_adaptation/tm/auto/trend/PISA_en-PH_REA_MS2022.tmx.zip
---
        <mapping local="source/31_CGAP_REA_T/" repository="source/31_CGAP_REA_T/"/>
/home/souto/Repos/pisa_2025ft_translation_en-PH_adaptation/tm/auto/trend/PISA_en-PH_REA_MS2022.tmx.zip
---
        <mapping local="source/21_COSP_REA-A_T/" repository="source/21_COSP_REA-A_T/"/>
/home/souto/Repos/pisa_2025ft_translation_en-PH_adaptation/tm/auto/trend/PISA_en-PH_REA_MS2022.tmx.zip
---
        <mapping local="source/32_CGAP_SCI_T/" repository="source/32_CGAP_SCI_T/"/>
/home/souto/Repos/pisa_2025ft_translation_en-PH_adaptation/tm/auto/ref/PISA_en-PH_SCI_FT2025.tmx.zip
---
        <mapping local="source/21_COSP_REA-A_T/" repository="source/21_COSP_REA-A_T/"/>
/home/souto/Repos/pisa_2025ft_translation_en-PH_adaptation/tm/auto/trend/PISA_en-PH_REA_MS2022.tmx.zip
---
        <mapping local="source/33_CGAP_SCI_N/" repository="source/33_CGAP_SCI_N/"/>
/home/souto/Repos/pisa_2025ft_translation_en-PH_adaptation/tm/auto/ref/PISA_en-PH_SCI_FT2025.tmx.zip
---
        <mapping local="source/21_COSP_REA-A_T/" repository="source/21_COSP_REA-A_T/"/>
/home/souto/Repos/pisa_2025ft_translation_en-PH_adaptation/tm/auto/trend/PISA_en-PH_REA_MS2022.tmx.zip
---
        <mapping local="source/22_COSP_REA-B_T/" repository="source/22_COSP_REA-B_T/"/>
/home/souto/Repos/pisa_2025ft_translation_en-PH_adaptation/tm/auto/trend/PISA_en-PH_REA_MS2022.tmx.zip
======
---
        <mapping local="source/23_COSP_MAT-A_T/" repository="source/23_COSP_MAT-A_T/"/>
/home/souto/Repos/pisa_2025ft_translation_en-PH_adaptation/tm/auto/trend/PISA_en-PH_MAT_MS2022.tmx.zip
/home/souto/Repos/pisa_2025ft_translation_en-PH_adaptation/tm/auto/trend/PISA_en-PH_CGA-MATNew_MS2022.tmx.zip
---
        <mapping local="source/22_COSP_REA-B_T/" repository="source/22_COSP_REA-B_T/"/>
/home/souto/Repos/pisa_2025ft_translation_en-PH_adaptation/tm/auto/trend/PISA_en-PH_REA_MS2022.tmx.zip
---
        <mapping local="source/24_COSP_MAT-B_T/" repository="source/24_COSP_MAT-B_T/"/>
/home/souto/Repos/pisa_2025ft_translation_en-PH_adaptation/tm/auto/trend/PISA_en-PH_MAT_MS2022.tmx.zip
/home/souto/Repos/pisa_2025ft_translation_en-PH_adaptation/tm/auto/trend/PISA_en-PH_CGA-MATNew_MS2022.tmx.zip
---
        <mapping local="source/22_COSP_REA-B_T/" repository="source/22_COSP_REA-B_T/"/>
/home/souto/Repos/pisa_2025ft_translation_en-PH_adaptation/tm/auto/trend/PISA_en-PH_REA_MS2022.tmx.zip
---
        <mapping local="source/25_COSP_SCI-A_N/" repository="source/25_COSP_SCI-A_N/"/>
/home/souto/Repos/pisa_2025ft_translation_en-PH_adaptation/tm/auto/ref/PISA_en-PH_SCI_FT2025.tmx.zip
---
        <mapping local="source/22_COSP_REA-B_T/" repository="source/22_COSP_REA-B_T/"/>
/home/souto/Repos/pisa_2025ft_translation_en-PH_adaptation/tm/auto/trend/PISA_en-PH_REA_MS2022.tmx.zip
---
        <mapping local="source/26_COSP_SCI-A_T/" repository="source/26_COSP_SCI-A_T/"/>
/home/souto/Repos/pisa_2025ft_translation_en-PH_adaptation/tm/auto/ref/PISA_en-PH_SCI_FT2025.tmx.zip
---
        <mapping local="source/22_COSP_REA-B_T/" repository="source/22_COSP_REA-B_T/"/>
/home/souto/Repos/pisa_2025ft_translation_en-PH_adaptation/tm/auto/trend/PISA_en-PH_REA_MS2022.tmx.zip
---
        <mapping local="source/27_QQSP_N/" repository="source/27_QQSP_N/"/>
---
        <mapping local="source/22_COSP_REA-B_T/" repository="source/22_COSP_REA-B_T/"/>
/home/souto/Repos/pisa_2025ft_translation_en-PH_adaptation/tm/auto/trend/PISA_en-PH_REA_MS2022.tmx.zip
---
        <mapping local="source/28_QQAP_N/" repository="source/28_QQAP_N/"/>
---
        <mapping local="source/22_COSP_REA-B_T/" repository="source/22_COSP_REA-B_T/"/>
/home/souto/Repos/pisa_2025ft_translation_en-PH_adaptation/tm/auto/trend/PISA_en-PH_REA_MS2022.tmx.zip
---
        <mapping local="source/29_COSP_XYZ_N/" repository="source/29_COSP_XYZ_N/"/>
/home/souto/Repos/pisa_2025ft_translation_en-PH_adaptation/tm/auto/trend/PISA_en-PH_XYZ_MS2022.tmx.zip
---
        <mapping local="source/22_COSP_REA-B_T/" repository="source/22_COSP_REA-B_T/"/>
/home/souto/Repos/pisa_2025ft_translation_en-PH_adaptation/tm/auto/trend/PISA_en-PH_REA_MS2022.tmx.zip
---
        <mapping local="source/30_CGAP_MAT_T/" repository="source/30_CGAP_MAT_T/"/>
/home/souto/Repos/pisa_2025ft_translation_en-PH_adaptation/tm/auto/trend/PISA_en-PH_MAT_MS2022.tmx.zip
/home/souto/Repos/pisa_2025ft_translation_en-PH_adaptation/tm/auto/trend/PISA_en-PH_CGA-MATNew_MS2022.tmx.zip
---
        <mapping local="source/22_COSP_REA-B_T/" repository="source/22_COSP_REA-B_T/"/>
/home/souto/Repos/pisa_2025ft_translation_en-PH_adaptation/tm/auto/trend/PISA_en-PH_REA_MS2022.tmx.zip
---
        <mapping local="source/31_CGAP_REA_T/" repository="source/31_CGAP_REA_T/"/>
/home/souto/Repos/pisa_2025ft_translation_en-PH_adaptation/tm/auto/trend/PISA_en-PH_REA_MS2022.tmx.zip
---
        <mapping local="source/22_COSP_REA-B_T/" repository="source/22_COSP_REA-B_T/"/>
/home/souto/Repos/pisa_2025ft_translation_en-PH_adaptation/tm/auto/trend/PISA_en-PH_REA_MS2022.tmx.zip
---
        <mapping local="source/32_CGAP_SCI_T/" repository="source/32_CGAP_SCI_T/"/>
/home/souto/Repos/pisa_2025ft_translation_en-PH_adaptation/tm/auto/ref/PISA_en-PH_SCI_FT2025.tmx.zip
---
        <mapping local="source/22_COSP_REA-B_T/" repository="source/22_COSP_REA-B_T/"/>
/home/souto/Repos/pisa_2025ft_translation_en-PH_adaptation/tm/auto/trend/PISA_en-PH_REA_MS2022.tmx.zip
---
        <mapping local="source/33_CGAP_SCI_N/" repository="source/33_CGAP_SCI_N/"/>
/home/souto/Repos/pisa_2025ft_translation_en-PH_adaptation/tm/auto/ref/PISA_en-PH_SCI_FT2025.tmx.zip
---
        <mapping local="source/22_COSP_REA-B_T/" repository="source/22_COSP_REA-B_T/"/>
/home/souto/Repos/pisa_2025ft_translation_en-PH_adaptation/tm/auto/trend/PISA_en-PH_REA_MS2022.tmx.zip
---
        <mapping local="source/23_COSP_MAT-A_T/" repository="source/23_COSP_MAT-A_T/"/>
/home/souto/Repos/pisa_2025ft_translation_en-PH_adaptation/tm/auto/trend/PISA_en-PH_MAT_MS2022.tmx.zip
/home/souto/Repos/pisa_2025ft_translation_en-PH_adaptation/tm/auto/trend/PISA_en-PH_CGA-MATNew_MS2022.tmx.zip
======
---
        <mapping local="source/24_COSP_MAT-B_T/" repository="source/24_COSP_MAT-B_T/"/>
/home/souto/Repos/pisa_2025ft_translation_en-PH_adaptation/tm/auto/trend/PISA_en-PH_MAT_MS2022.tmx.zip
/home/souto/Repos/pisa_2025ft_translation_en-PH_adaptation/tm/auto/trend/PISA_en-PH_CGA-MATNew_MS2022.tmx.zip
---
        <mapping local="source/23_COSP_MAT-A_T/" repository="source/23_COSP_MAT-A_T/"/>
/home/souto/Repos/pisa_2025ft_translation_en-PH_adaptation/tm/auto/trend/PISA_en-PH_MAT_MS2022.tmx.zip
/home/souto/Repos/pisa_2025ft_translation_en-PH_adaptation/tm/auto/trend/PISA_en-PH_CGA-MATNew_MS2022.tmx.zip
---
        <mapping local="source/25_COSP_SCI-A_N/" repository="source/25_COSP_SCI-A_N/"/>
/home/souto/Repos/pisa_2025ft_translation_en-PH_adaptation/tm/auto/ref/PISA_en-PH_SCI_FT2025.tmx.zip
---
        <mapping local="source/23_COSP_MAT-A_T/" repository="source/23_COSP_MAT-A_T/"/>
/home/souto/Repos/pisa_2025ft_translation_en-PH_adaptation/tm/auto/trend/PISA_en-PH_MAT_MS2022.tmx.zip
/home/souto/Repos/pisa_2025ft_translation_en-PH_adaptation/tm/auto/trend/PISA_en-PH_CGA-MATNew_MS2022.tmx.zip
---
        <mapping local="source/26_COSP_SCI-A_T/" repository="source/26_COSP_SCI-A_T/"/>
/home/souto/Repos/pisa_2025ft_translation_en-PH_adaptation/tm/auto/ref/PISA_en-PH_SCI_FT2025.tmx.zip
---
        <mapping local="source/23_COSP_MAT-A_T/" repository="source/23_COSP_MAT-A_T/"/>
/home/souto/Repos/pisa_2025ft_translation_en-PH_adaptation/tm/auto/trend/PISA_en-PH_MAT_MS2022.tmx.zip
/home/souto/Repos/pisa_2025ft_translation_en-PH_adaptation/tm/auto/trend/PISA_en-PH_CGA-MATNew_MS2022.tmx.zip
---
        <mapping local="source/27_QQSP_N/" repository="source/27_QQSP_N/"/>
---
        <mapping local="source/23_COSP_MAT-A_T/" repository="source/23_COSP_MAT-A_T/"/>
/home/souto/Repos/pisa_2025ft_translation_en-PH_adaptation/tm/auto/trend/PISA_en-PH_MAT_MS2022.tmx.zip
/home/souto/Repos/pisa_2025ft_translation_en-PH_adaptation/tm/auto/trend/PISA_en-PH_CGA-MATNew_MS2022.tmx.zip
---
        <mapping local="source/28_QQAP_N/" repository="source/28_QQAP_N/"/>
---
        <mapping local="source/23_COSP_MAT-A_T/" repository="source/23_COSP_MAT-A_T/"/>
/home/souto/Repos/pisa_2025ft_translation_en-PH_adaptation/tm/auto/trend/PISA_en-PH_MAT_MS2022.tmx.zip
/home/souto/Repos/pisa_2025ft_translation_en-PH_adaptation/tm/auto/trend/PISA_en-PH_CGA-MATNew_MS2022.tmx.zip
---
        <mapping local="source/29_COSP_XYZ_N/" repository="source/29_COSP_XYZ_N/"/>
/home/souto/Repos/pisa_2025ft_translation_en-PH_adaptation/tm/auto/trend/PISA_en-PH_XYZ_MS2022.tmx.zip
---
        <mapping local="source/23_COSP_MAT-A_T/" repository="source/23_COSP_MAT-A_T/"/>
/home/souto/Repos/pisa_2025ft_translation_en-PH_adaptation/tm/auto/trend/PISA_en-PH_MAT_MS2022.tmx.zip
/home/souto/Repos/pisa_2025ft_translation_en-PH_adaptation/tm/auto/trend/PISA_en-PH_CGA-MATNew_MS2022.tmx.zip
---
        <mapping local="source/30_CGAP_MAT_T/" repository="source/30_CGAP_MAT_T/"/>
/home/souto/Repos/pisa_2025ft_translation_en-PH_adaptation/tm/auto/trend/PISA_en-PH_MAT_MS2022.tmx.zip
/home/souto/Repos/pisa_2025ft_translation_en-PH_adaptation/tm/auto/trend/PISA_en-PH_CGA-MATNew_MS2022.tmx.zip
---
        <mapping local="source/23_COSP_MAT-A_T/" repository="source/23_COSP_MAT-A_T/"/>
/home/souto/Repos/pisa_2025ft_translation_en-PH_adaptation/tm/auto/trend/PISA_en-PH_MAT_MS2022.tmx.zip
/home/souto/Repos/pisa_2025ft_translation_en-PH_adaptation/tm/auto/trend/PISA_en-PH_CGA-MATNew_MS2022.tmx.zip
---
        <mapping local="source/31_CGAP_REA_T/" repository="source/31_CGAP_REA_T/"/>
/home/souto/Repos/pisa_2025ft_translation_en-PH_adaptation/tm/auto/trend/PISA_en-PH_REA_MS2022.tmx.zip
---
        <mapping local="source/23_COSP_MAT-A_T/" repository="source/23_COSP_MAT-A_T/"/>
/home/souto/Repos/pisa_2025ft_translation_en-PH_adaptation/tm/auto/trend/PISA_en-PH_MAT_MS2022.tmx.zip
/home/souto/Repos/pisa_2025ft_translation_en-PH_adaptation/tm/auto/trend/PISA_en-PH_CGA-MATNew_MS2022.tmx.zip
---
        <mapping local="source/32_CGAP_SCI_T/" repository="source/32_CGAP_SCI_T/"/>
/home/souto/Repos/pisa_2025ft_translation_en-PH_adaptation/tm/auto/ref/PISA_en-PH_SCI_FT2025.tmx.zip
---
        <mapping local="source/23_COSP_MAT-A_T/" repository="source/23_COSP_MAT-A_T/"/>
/home/souto/Repos/pisa_2025ft_translation_en-PH_adaptation/tm/auto/trend/PISA_en-PH_MAT_MS2022.tmx.zip
/home/souto/Repos/pisa_2025ft_translation_en-PH_adaptation/tm/auto/trend/PISA_en-PH_CGA-MATNew_MS2022.tmx.zip
---
        <mapping local="source/33_CGAP_SCI_N/" repository="source/33_CGAP_SCI_N/"/>
/home/souto/Repos/pisa_2025ft_translation_en-PH_adaptation/tm/auto/ref/PISA_en-PH_SCI_FT2025.tmx.zip
---
        <mapping local="source/23_COSP_MAT-A_T/" repository="source/23_COSP_MAT-A_T/"/>
/home/souto/Repos/pisa_2025ft_translation_en-PH_adaptation/tm/auto/trend/PISA_en-PH_MAT_MS2022.tmx.zip
/home/souto/Repos/pisa_2025ft_translation_en-PH_adaptation/tm/auto/trend/PISA_en-PH_CGA-MATNew_MS2022.tmx.zip
---
        <mapping local="source/24_COSP_MAT-B_T/" repository="source/24_COSP_MAT-B_T/"/>
/home/souto/Repos/pisa_2025ft_translation_en-PH_adaptation/tm/auto/trend/PISA_en-PH_MAT_MS2022.tmx.zip
/home/souto/Repos/pisa_2025ft_translation_en-PH_adaptation/tm/auto/trend/PISA_en-PH_CGA-MATNew_MS2022.tmx.zip
======
---
        <mapping local="source/25_COSP_SCI-A_N/" repository="source/25_COSP_SCI-A_N/"/>
/home/souto/Repos/pisa_2025ft_translation_en-PH_adaptation/tm/auto/ref/PISA_en-PH_SCI_FT2025.tmx.zip
---
        <mapping local="source/24_COSP_MAT-B_T/" repository="source/24_COSP_MAT-B_T/"/>
/home/souto/Repos/pisa_2025ft_translation_en-PH_adaptation/tm/auto/trend/PISA_en-PH_MAT_MS2022.tmx.zip
/home/souto/Repos/pisa_2025ft_translation_en-PH_adaptation/tm/auto/trend/PISA_en-PH_CGA-MATNew_MS2022.tmx.zip
---
        <mapping local="source/26_COSP_SCI-A_T/" repository="source/26_COSP_SCI-A_T/"/>
/home/souto/Repos/pisa_2025ft_translation_en-PH_adaptation/tm/auto/ref/PISA_en-PH_SCI_FT2025.tmx.zip
---
        <mapping local="source/24_COSP_MAT-B_T/" repository="source/24_COSP_MAT-B_T/"/>
/home/souto/Repos/pisa_2025ft_translation_en-PH_adaptation/tm/auto/trend/PISA_en-PH_MAT_MS2022.tmx.zip
/home/souto/Repos/pisa_2025ft_translation_en-PH_adaptation/tm/auto/trend/PISA_en-PH_CGA-MATNew_MS2022.tmx.zip
---
        <mapping local="source/27_QQSP_N/" repository="source/27_QQSP_N/"/>
---
        <mapping local="source/24_COSP_MAT-B_T/" repository="source/24_COSP_MAT-B_T/"/>
/home/souto/Repos/pisa_2025ft_translation_en-PH_adaptation/tm/auto/trend/PISA_en-PH_MAT_MS2022.tmx.zip
/home/souto/Repos/pisa_2025ft_translation_en-PH_adaptation/tm/auto/trend/PISA_en-PH_CGA-MATNew_MS2022.tmx.zip
---
        <mapping local="source/28_QQAP_N/" repository="source/28_QQAP_N/"/>
---
        <mapping local="source/24_COSP_MAT-B_T/" repository="source/24_COSP_MAT-B_T/"/>
/home/souto/Repos/pisa_2025ft_translation_en-PH_adaptation/tm/auto/trend/PISA_en-PH_MAT_MS2022.tmx.zip
/home/souto/Repos/pisa_2025ft_translation_en-PH_adaptation/tm/auto/trend/PISA_en-PH_CGA-MATNew_MS2022.tmx.zip
---
        <mapping local="source/29_COSP_XYZ_N/" repository="source/29_COSP_XYZ_N/"/>
/home/souto/Repos/pisa_2025ft_translation_en-PH_adaptation/tm/auto/trend/PISA_en-PH_XYZ_MS2022.tmx.zip
---
        <mapping local="source/24_COSP_MAT-B_T/" repository="source/24_COSP_MAT-B_T/"/>
/home/souto/Repos/pisa_2025ft_translation_en-PH_adaptation/tm/auto/trend/PISA_en-PH_MAT_MS2022.tmx.zip
/home/souto/Repos/pisa_2025ft_translation_en-PH_adaptation/tm/auto/trend/PISA_en-PH_CGA-MATNew_MS2022.tmx.zip
---
        <mapping local="source/30_CGAP_MAT_T/" repository="source/30_CGAP_MAT_T/"/>
/home/souto/Repos/pisa_2025ft_translation_en-PH_adaptation/tm/auto/trend/PISA_en-PH_MAT_MS2022.tmx.zip
/home/souto/Repos/pisa_2025ft_translation_en-PH_adaptation/tm/auto/trend/PISA_en-PH_CGA-MATNew_MS2022.tmx.zip
---
        <mapping local="source/24_COSP_MAT-B_T/" repository="source/24_COSP_MAT-B_T/"/>
/home/souto/Repos/pisa_2025ft_translation_en-PH_adaptation/tm/auto/trend/PISA_en-PH_MAT_MS2022.tmx.zip
/home/souto/Repos/pisa_2025ft_translation_en-PH_adaptation/tm/auto/trend/PISA_en-PH_CGA-MATNew_MS2022.tmx.zip
---
        <mapping local="source/31_CGAP_REA_T/" repository="source/31_CGAP_REA_T/"/>
/home/souto/Repos/pisa_2025ft_translation_en-PH_adaptation/tm/auto/trend/PISA_en-PH_REA_MS2022.tmx.zip
---
        <mapping local="source/24_COSP_MAT-B_T/" repository="source/24_COSP_MAT-B_T/"/>
/home/souto/Repos/pisa_2025ft_translation_en-PH_adaptation/tm/auto/trend/PISA_en-PH_MAT_MS2022.tmx.zip
/home/souto/Repos/pisa_2025ft_translation_en-PH_adaptation/tm/auto/trend/PISA_en-PH_CGA-MATNew_MS2022.tmx.zip
---
        <mapping local="source/32_CGAP_SCI_T/" repository="source/32_CGAP_SCI_T/"/>
/home/souto/Repos/pisa_2025ft_translation_en-PH_adaptation/tm/auto/ref/PISA_en-PH_SCI_FT2025.tmx.zip
---
        <mapping local="source/24_COSP_MAT-B_T/" repository="source/24_COSP_MAT-B_T/"/>
/home/souto/Repos/pisa_2025ft_translation_en-PH_adaptation/tm/auto/trend/PISA_en-PH_MAT_MS2022.tmx.zip
/home/souto/Repos/pisa_2025ft_translation_en-PH_adaptation/tm/auto/trend/PISA_en-PH_CGA-MATNew_MS2022.tmx.zip
---
        <mapping local="source/33_CGAP_SCI_N/" repository="source/33_CGAP_SCI_N/"/>
/home/souto/Repos/pisa_2025ft_translation_en-PH_adaptation/tm/auto/ref/PISA_en-PH_SCI_FT2025.tmx.zip
---
        <mapping local="source/24_COSP_MAT-B_T/" repository="source/24_COSP_MAT-B_T/"/>
/home/souto/Repos/pisa_2025ft_translation_en-PH_adaptation/tm/auto/trend/PISA_en-PH_MAT_MS2022.tmx.zip
/home/souto/Repos/pisa_2025ft_translation_en-PH_adaptation/tm/auto/trend/PISA_en-PH_CGA-MATNew_MS2022.tmx.zip
---
        <mapping local="source/25_COSP_SCI-A_N/" repository="source/25_COSP_SCI-A_N/"/>
/home/souto/Repos/pisa_2025ft_translation_en-PH_adaptation/tm/auto/ref/PISA_en-PH_SCI_FT2025.tmx.zip
======
---
        <mapping local="source/26_COSP_SCI-A_T/" repository="source/26_COSP_SCI-A_T/"/>
/home/souto/Repos/pisa_2025ft_translation_en-PH_adaptation/tm/auto/ref/PISA_en-PH_SCI_FT2025.tmx.zip
---
        <mapping local="source/25_COSP_SCI-A_N/" repository="source/25_COSP_SCI-A_N/"/>
/home/souto/Repos/pisa_2025ft_translation_en-PH_adaptation/tm/auto/ref/PISA_en-PH_SCI_FT2025.tmx.zip
---
        <mapping local="source/27_QQSP_N/" repository="source/27_QQSP_N/"/>
---
        <mapping local="source/25_COSP_SCI-A_N/" repository="source/25_COSP_SCI-A_N/"/>
/home/souto/Repos/pisa_2025ft_translation_en-PH_adaptation/tm/auto/ref/PISA_en-PH_SCI_FT2025.tmx.zip
---
        <mapping local="source/28_QQAP_N/" repository="source/28_QQAP_N/"/>
---
        <mapping local="source/25_COSP_SCI-A_N/" repository="source/25_COSP_SCI-A_N/"/>
/home/souto/Repos/pisa_2025ft_translation_en-PH_adaptation/tm/auto/ref/PISA_en-PH_SCI_FT2025.tmx.zip
---
        <mapping local="source/29_COSP_XYZ_N/" repository="source/29_COSP_XYZ_N/"/>
/home/souto/Repos/pisa_2025ft_translation_en-PH_adaptation/tm/auto/trend/PISA_en-PH_XYZ_MS2022.tmx.zip
---
        <mapping local="source/25_COSP_SCI-A_N/" repository="source/25_COSP_SCI-A_N/"/>
/home/souto/Repos/pisa_2025ft_translation_en-PH_adaptation/tm/auto/ref/PISA_en-PH_SCI_FT2025.tmx.zip
---
        <mapping local="source/30_CGAP_MAT_T/" repository="source/30_CGAP_MAT_T/"/>
/home/souto/Repos/pisa_2025ft_translation_en-PH_adaptation/tm/auto/trend/PISA_en-PH_MAT_MS2022.tmx.zip
/home/souto/Repos/pisa_2025ft_translation_en-PH_adaptation/tm/auto/trend/PISA_en-PH_CGA-MATNew_MS2022.tmx.zip
---
        <mapping local="source/25_COSP_SCI-A_N/" repository="source/25_COSP_SCI-A_N/"/>
/home/souto/Repos/pisa_2025ft_translation_en-PH_adaptation/tm/auto/ref/PISA_en-PH_SCI_FT2025.tmx.zip
---
        <mapping local="source/31_CGAP_REA_T/" repository="source/31_CGAP_REA_T/"/>
/home/souto/Repos/pisa_2025ft_translation_en-PH_adaptation/tm/auto/trend/PISA_en-PH_REA_MS2022.tmx.zip
---
        <mapping local="source/25_COSP_SCI-A_N/" repository="source/25_COSP_SCI-A_N/"/>
/home/souto/Repos/pisa_2025ft_translation_en-PH_adaptation/tm/auto/ref/PISA_en-PH_SCI_FT2025.tmx.zip
---
        <mapping local="source/32_CGAP_SCI_T/" repository="source/32_CGAP_SCI_T/"/>
/home/souto/Repos/pisa_2025ft_translation_en-PH_adaptation/tm/auto/ref/PISA_en-PH_SCI_FT2025.tmx.zip
---
        <mapping local="source/25_COSP_SCI-A_N/" repository="source/25_COSP_SCI-A_N/"/>
/home/souto/Repos/pisa_2025ft_translation_en-PH_adaptation/tm/auto/ref/PISA_en-PH_SCI_FT2025.tmx.zip
---
        <mapping local="source/33_CGAP_SCI_N/" repository="source/33_CGAP_SCI_N/"/>
/home/souto/Repos/pisa_2025ft_translation_en-PH_adaptation/tm/auto/ref/PISA_en-PH_SCI_FT2025.tmx.zip
---
        <mapping local="source/25_COSP_SCI-A_N/" repository="source/25_COSP_SCI-A_N/"/>
/home/souto/Repos/pisa_2025ft_translation_en-PH_adaptation/tm/auto/ref/PISA_en-PH_SCI_FT2025.tmx.zip
---
        <mapping local="source/26_COSP_SCI-A_T/" repository="source/26_COSP_SCI-A_T/"/>
/home/souto/Repos/pisa_2025ft_translation_en-PH_adaptation/tm/auto/ref/PISA_en-PH_SCI_FT2025.tmx.zip
======
---
        <mapping local="source/27_QQSP_N/" repository="source/27_QQSP_N/"/>
---
        <mapping local="source/26_COSP_SCI-A_T/" repository="source/26_COSP_SCI-A_T/"/>
/home/souto/Repos/pisa_2025ft_translation_en-PH_adaptation/tm/auto/ref/PISA_en-PH_SCI_FT2025.tmx.zip
---
        <mapping local="source/28_QQAP_N/" repository="source/28_QQAP_N/"/>
---
        <mapping local="source/26_COSP_SCI-A_T/" repository="source/26_COSP_SCI-A_T/"/>
/home/souto/Repos/pisa_2025ft_translation_en-PH_adaptation/tm/auto/ref/PISA_en-PH_SCI_FT2025.tmx.zip
---
        <mapping local="source/29_COSP_XYZ_N/" repository="source/29_COSP_XYZ_N/"/>
/home/souto/Repos/pisa_2025ft_translation_en-PH_adaptation/tm/auto/trend/PISA_en-PH_XYZ_MS2022.tmx.zip
---
        <mapping local="source/26_COSP_SCI-A_T/" repository="source/26_COSP_SCI-A_T/"/>
/home/souto/Repos/pisa_2025ft_translation_en-PH_adaptation/tm/auto/ref/PISA_en-PH_SCI_FT2025.tmx.zip
---
        <mapping local="source/30_CGAP_MAT_T/" repository="source/30_CGAP_MAT_T/"/>
/home/souto/Repos/pisa_2025ft_translation_en-PH_adaptation/tm/auto/trend/PISA_en-PH_MAT_MS2022.tmx.zip
/home/souto/Repos/pisa_2025ft_translation_en-PH_adaptation/tm/auto/trend/PISA_en-PH_CGA-MATNew_MS2022.tmx.zip
---
        <mapping local="source/26_COSP_SCI-A_T/" repository="source/26_COSP_SCI-A_T/"/>
/home/souto/Repos/pisa_2025ft_translation_en-PH_adaptation/tm/auto/ref/PISA_en-PH_SCI_FT2025.tmx.zip
---
        <mapping local="source/31_CGAP_REA_T/" repository="source/31_CGAP_REA_T/"/>
/home/souto/Repos/pisa_2025ft_translation_en-PH_adaptation/tm/auto/trend/PISA_en-PH_REA_MS2022.tmx.zip
---
        <mapping local="source/26_COSP_SCI-A_T/" repository="source/26_COSP_SCI-A_T/"/>
/home/souto/Repos/pisa_2025ft_translation_en-PH_adaptation/tm/auto/ref/PISA_en-PH_SCI_FT2025.tmx.zip
---
        <mapping local="source/32_CGAP_SCI_T/" repository="source/32_CGAP_SCI_T/"/>
/home/souto/Repos/pisa_2025ft_translation_en-PH_adaptation/tm/auto/ref/PISA_en-PH_SCI_FT2025.tmx.zip
---
        <mapping local="source/26_COSP_SCI-A_T/" repository="source/26_COSP_SCI-A_T/"/>
/home/souto/Repos/pisa_2025ft_translation_en-PH_adaptation/tm/auto/ref/PISA_en-PH_SCI_FT2025.tmx.zip
---
        <mapping local="source/33_CGAP_SCI_N/" repository="source/33_CGAP_SCI_N/"/>
/home/souto/Repos/pisa_2025ft_translation_en-PH_adaptation/tm/auto/ref/PISA_en-PH_SCI_FT2025.tmx.zip
---
        <mapping local="source/26_COSP_SCI-A_T/" repository="source/26_COSP_SCI-A_T/"/>
/home/souto/Repos/pisa_2025ft_translation_en-PH_adaptation/tm/auto/ref/PISA_en-PH_SCI_FT2025.tmx.zip
---
        <mapping local="source/27_QQSP_N/" repository="source/27_QQSP_N/"/>
======
---
        <mapping local="source/28_QQAP_N/" repository="source/28_QQAP_N/"/>
---
        <mapping local="source/27_QQSP_N/" repository="source/27_QQSP_N/"/>
---
        <mapping local="source/29_COSP_XYZ_N/" repository="source/29_COSP_XYZ_N/"/>
/home/souto/Repos/pisa_2025ft_translation_en-PH_adaptation/tm/auto/trend/PISA_en-PH_XYZ_MS2022.tmx.zip
---
        <mapping local="source/27_QQSP_N/" repository="source/27_QQSP_N/"/>
---
        <mapping local="source/30_CGAP_MAT_T/" repository="source/30_CGAP_MAT_T/"/>
/home/souto/Repos/pisa_2025ft_translation_en-PH_adaptation/tm/auto/trend/PISA_en-PH_MAT_MS2022.tmx.zip
/home/souto/Repos/pisa_2025ft_translation_en-PH_adaptation/tm/auto/trend/PISA_en-PH_CGA-MATNew_MS2022.tmx.zip
---
        <mapping local="source/27_QQSP_N/" repository="source/27_QQSP_N/"/>
---
        <mapping local="source/31_CGAP_REA_T/" repository="source/31_CGAP_REA_T/"/>
/home/souto/Repos/pisa_2025ft_translation_en-PH_adaptation/tm/auto/trend/PISA_en-PH_REA_MS2022.tmx.zip
---
        <mapping local="source/27_QQSP_N/" repository="source/27_QQSP_N/"/>
---
        <mapping local="source/32_CGAP_SCI_T/" repository="source/32_CGAP_SCI_T/"/>
/home/souto/Repos/pisa_2025ft_translation_en-PH_adaptation/tm/auto/ref/PISA_en-PH_SCI_FT2025.tmx.zip
---
        <mapping local="source/27_QQSP_N/" repository="source/27_QQSP_N/"/>
---
        <mapping local="source/33_CGAP_SCI_N/" repository="source/33_CGAP_SCI_N/"/>
/home/souto/Repos/pisa_2025ft_translation_en-PH_adaptation/tm/auto/ref/PISA_en-PH_SCI_FT2025.tmx.zip
---
        <mapping local="source/27_QQSP_N/" repository="source/27_QQSP_N/"/>
---
        <mapping local="source/28_QQAP_N/" repository="source/28_QQAP_N/"/>
======
---
        <mapping local="source/29_COSP_XYZ_N/" repository="source/29_COSP_XYZ_N/"/>
/home/souto/Repos/pisa_2025ft_translation_en-PH_adaptation/tm/auto/trend/PISA_en-PH_XYZ_MS2022.tmx.zip
---
        <mapping local="source/28_QQAP_N/" repository="source/28_QQAP_N/"/>
---
        <mapping local="source/30_CGAP_MAT_T/" repository="source/30_CGAP_MAT_T/"/>
/home/souto/Repos/pisa_2025ft_translation_en-PH_adaptation/tm/auto/trend/PISA_en-PH_MAT_MS2022.tmx.zip
/home/souto/Repos/pisa_2025ft_translation_en-PH_adaptation/tm/auto/trend/PISA_en-PH_CGA-MATNew_MS2022.tmx.zip
---
        <mapping local="source/28_QQAP_N/" repository="source/28_QQAP_N/"/>
---
        <mapping local="source/31_CGAP_REA_T/" repository="source/31_CGAP_REA_T/"/>
/home/souto/Repos/pisa_2025ft_translation_en-PH_adaptation/tm/auto/trend/PISA_en-PH_REA_MS2022.tmx.zip
---
        <mapping local="source/28_QQAP_N/" repository="source/28_QQAP_N/"/>
---
        <mapping local="source/32_CGAP_SCI_T/" repository="source/32_CGAP_SCI_T/"/>
/home/souto/Repos/pisa_2025ft_translation_en-PH_adaptation/tm/auto/ref/PISA_en-PH_SCI_FT2025.tmx.zip
---
        <mapping local="source/28_QQAP_N/" repository="source/28_QQAP_N/"/>
---
        <mapping local="source/33_CGAP_SCI_N/" repository="source/33_CGAP_SCI_N/"/>
/home/souto/Repos/pisa_2025ft_translation_en-PH_adaptation/tm/auto/ref/PISA_en-PH_SCI_FT2025.tmx.zip
---
        <mapping local="source/28_QQAP_N/" repository="source/28_QQAP_N/"/>
---
        <mapping local="source/29_COSP_XYZ_N/" repository="source/29_COSP_XYZ_N/"/>
/home/souto/Repos/pisa_2025ft_translation_en-PH_adaptation/tm/auto/trend/PISA_en-PH_XYZ_MS2022.tmx.zip
======
---
        <mapping local="source/30_CGAP_MAT_T/" repository="source/30_CGAP_MAT_T/"/>
/home/souto/Repos/pisa_2025ft_translation_en-PH_adaptation/tm/auto/trend/PISA_en-PH_MAT_MS2022.tmx.zip
/home/souto/Repos/pisa_2025ft_translation_en-PH_adaptation/tm/auto/trend/PISA_en-PH_CGA-MATNew_MS2022.tmx.zip
---
        <mapping local="source/29_COSP_XYZ_N/" repository="source/29_COSP_XYZ_N/"/>
/home/souto/Repos/pisa_2025ft_translation_en-PH_adaptation/tm/auto/trend/PISA_en-PH_XYZ_MS2022.tmx.zip
---
        <mapping local="source/31_CGAP_REA_T/" repository="source/31_CGAP_REA_T/"/>
/home/souto/Repos/pisa_2025ft_translation_en-PH_adaptation/tm/auto/trend/PISA_en-PH_REA_MS2022.tmx.zip
---
        <mapping local="source/29_COSP_XYZ_N/" repository="source/29_COSP_XYZ_N/"/>
/home/souto/Repos/pisa_2025ft_translation_en-PH_adaptation/tm/auto/trend/PISA_en-PH_XYZ_MS2022.tmx.zip
---
        <mapping local="source/32_CGAP_SCI_T/" repository="source/32_CGAP_SCI_T/"/>
/home/souto/Repos/pisa_2025ft_translation_en-PH_adaptation/tm/auto/ref/PISA_en-PH_SCI_FT2025.tmx.zip
---
        <mapping local="source/29_COSP_XYZ_N/" repository="source/29_COSP_XYZ_N/"/>
/home/souto/Repos/pisa_2025ft_translation_en-PH_adaptation/tm/auto/trend/PISA_en-PH_XYZ_MS2022.tmx.zip
---
        <mapping local="source/33_CGAP_SCI_N/" repository="source/33_CGAP_SCI_N/"/>
/home/souto/Repos/pisa_2025ft_translation_en-PH_adaptation/tm/auto/ref/PISA_en-PH_SCI_FT2025.tmx.zip
---
        <mapping local="source/29_COSP_XYZ_N/" repository="source/29_COSP_XYZ_N/"/>
/home/souto/Repos/pisa_2025ft_translation_en-PH_adaptation/tm/auto/trend/PISA_en-PH_XYZ_MS2022.tmx.zip
---
        <mapping local="source/30_CGAP_MAT_T/" repository="source/30_CGAP_MAT_T/"/>
/home/souto/Repos/pisa_2025ft_translation_en-PH_adaptation/tm/auto/trend/PISA_en-PH_MAT_MS2022.tmx.zip
/home/souto/Repos/pisa_2025ft_translation_en-PH_adaptation/tm/auto/trend/PISA_en-PH_CGA-MATNew_MS2022.tmx.zip
======
---
        <mapping local="source/31_CGAP_REA_T/" repository="source/31_CGAP_REA_T/"/>
/home/souto/Repos/pisa_2025ft_translation_en-PH_adaptation/tm/auto/trend/PISA_en-PH_REA_MS2022.tmx.zip
---
        <mapping local="source/30_CGAP_MAT_T/" repository="source/30_CGAP_MAT_T/"/>
/home/souto/Repos/pisa_2025ft_translation_en-PH_adaptation/tm/auto/trend/PISA_en-PH_MAT_MS2022.tmx.zip
/home/souto/Repos/pisa_2025ft_translation_en-PH_adaptation/tm/auto/trend/PISA_en-PH_CGA-MATNew_MS2022.tmx.zip
---
        <mapping local="source/32_CGAP_SCI_T/" repository="source/32_CGAP_SCI_T/"/>
/home/souto/Repos/pisa_2025ft_translation_en-PH_adaptation/tm/auto/ref/PISA_en-PH_SCI_FT2025.tmx.zip
---
        <mapping local="source/30_CGAP_MAT_T/" repository="source/30_CGAP_MAT_T/"/>
/home/souto/Repos/pisa_2025ft_translation_en-PH_adaptation/tm/auto/trend/PISA_en-PH_MAT_MS2022.tmx.zip
/home/souto/Repos/pisa_2025ft_translation_en-PH_adaptation/tm/auto/trend/PISA_en-PH_CGA-MATNew_MS2022.tmx.zip
---
        <mapping local="source/33_CGAP_SCI_N/" repository="source/33_CGAP_SCI_N/"/>
/home/souto/Repos/pisa_2025ft_translation_en-PH_adaptation/tm/auto/ref/PISA_en-PH_SCI_FT2025.tmx.zip
---
        <mapping local="source/30_CGAP_MAT_T/" repository="source/30_CGAP_MAT_T/"/>
/home/souto/Repos/pisa_2025ft_translation_en-PH_adaptation/tm/auto/trend/PISA_en-PH_MAT_MS2022.tmx.zip
/home/souto/Repos/pisa_2025ft_translation_en-PH_adaptation/tm/auto/trend/PISA_en-PH_CGA-MATNew_MS2022.tmx.zip
---
        <mapping local="source/31_CGAP_REA_T/" repository="source/31_CGAP_REA_T/"/>
/home/souto/Repos/pisa_2025ft_translation_en-PH_adaptation/tm/auto/trend/PISA_en-PH_REA_MS2022.tmx.zip
======
---
        <mapping local="source/32_CGAP_SCI_T/" repository="source/32_CGAP_SCI_T/"/>
/home/souto/Repos/pisa_2025ft_translation_en-PH_adaptation/tm/auto/ref/PISA_en-PH_SCI_FT2025.tmx.zip
---
        <mapping local="source/31_CGAP_REA_T/" repository="source/31_CGAP_REA_T/"/>
/home/souto/Repos/pisa_2025ft_translation_en-PH_adaptation/tm/auto/trend/PISA_en-PH_REA_MS2022.tmx.zip
---
        <mapping local="source/33_CGAP_SCI_N/" repository="source/33_CGAP_SCI_N/"/>
/home/souto/Repos/pisa_2025ft_translation_en-PH_adaptation/tm/auto/ref/PISA_en-PH_SCI_FT2025.tmx.zip
---
        <mapping local="source/31_CGAP_REA_T/" repository="source/31_CGAP_REA_T/"/>
/home/souto/Repos/pisa_2025ft_translation_en-PH_adaptation/tm/auto/trend/PISA_en-PH_REA_MS2022.tmx.zip
---
        <mapping local="source/32_CGAP_SCI_T/" repository="source/32_CGAP_SCI_T/"/>
/home/souto/Repos/pisa_2025ft_translation_en-PH_adaptation/tm/auto/ref/PISA_en-PH_SCI_FT2025.tmx.zip
======
---
        <mapping local="source/33_CGAP_SCI_N/" repository="source/33_CGAP_SCI_N/"/>
/home/souto/Repos/pisa_2025ft_translation_en-PH_adaptation/tm/auto/ref/PISA_en-PH_SCI_FT2025.tmx.zip
---
        <mapping local="source/32_CGAP_SCI_T/" repository="source/32_CGAP_SCI_T/"/>
/home/souto/Repos/pisa_2025ft_translation_en-PH_adaptation/tm/auto/ref/PISA_en-PH_SCI_FT2025.tmx.zip
---
        <mapping local="source/33_CGAP_SCI_N/" repository="source/33_CGAP_SCI_N/"/>
/home/souto/Repos/pisa_2025ft_translation_en-PH_adaptation/tm/auto/ref/PISA_en-PH_SCI_FT2025.tmx.zip
======
